Equivalence cross-checks and saved-schedule validation passed.
WARNING: The directory '/Users/jgojnich/Library/Caches/pip' or its parent directory is not owned or is not writable by the current user. The cache has been disabled. Check the permissions and owner of that directory. If executing pip with sudo, you should use sudo's -H flag.

Starting CP-SAT solver v9.14.6206
Parameters: random_seed: 73 max_time_in_seconds: 600 log_search_progress: true num_search_workers: 8 cp_model_probing_level: 1

Initial satisfaction model '': (model_fingerprint: 0xb389e4af5b7341c4)
#Variables: 1'374 (1'215 primary variables)
  - 1'273 Booleans in [0,1]
  - 95 in [0,4]
  - 6 in [0,19]
#kLinMax: 95 (#expressions: 380)
#kLinear1: 804 (#enforced: 760)
#kLinear2: 1'596 (#enforced: 1'596) (#complex_domain: 798)
#kLinearN: 236 (#terms: 1'621)

Starting presolve at 0.00s
The solution hint is incomplete: 76 out of 1374 non fixed variables hinted.
  1.32e-04s  0.00e+00d  [DetectDominanceRelations] 
  2.21e-03s  0.00e+00d  [PresolveToFixPoint] #num_loops=2 #num_dual_strengthening=1 
  1.20e-05s  0.00e+00d  [ExtractEncodingFromLinear] #potential_supersets=149 
  6.40e-05s  0.00e+00d  [DetectDuplicateColumns] 
  6.10e-05s  0.00e+00d  [DetectDuplicateConstraints] 
[Symmetry] Graph for symmetry has 6'566 nodes and 14'125 arcs.
[Symmetry] Symmetry computation done. time: 0.005558 dtime: 0.0206865
[Symmetry] #generators: 14, average support size: 148.857
[Symmetry] 175 orbits on 983 variables with sizes: 16,16,16,16,16,16,16,16,16,16,...
[Symmetry] Num fixable by intersecting at_most_one with orbits: 14 largest_orbit: 16
[Symmetry] Found orbitope of size 74 x 2
[SAT presolve] num removable Booleans: 0 / 926
[SAT presolve] num trivial clauses: 0
[SAT presolve] [0s] clauses:3049 literals:8607 vars:879 one_side_vars:489 simple_definition:390 singleton_clauses:0
[SAT presolve] [8.6e-05s] clauses:2973 literals:8303 vars:879 one_side_vars:489 simple_definition:390 singleton_clauses:0
[SAT presolve] [0.000127s] clauses:2973 literals:8303 vars:879 one_side_vars:489 simple_definition:390 singleton_clauses:0
  5.90e-05s  0.00e+00d  [DetectDuplicateConstraintsWithDifferentEnforcements] 
  2.35e-03s  3.76e-03d  [Probe] #probed=2'020 #new_bounds=14 #equiv=43 #new_binary_clauses=21 
  2.10e-04s  1.50e-04d  [MaxClique] Merged 836(1'816 literals) into 524(1'326 literals) at_most_ones. 
  1.47e-04s  0.00e+00d  [DetectDominanceRelations] 
  1.14e-03s  0.00e+00d  [PresolveToFixPoint] #num_loops=2 #num_dual_strengthening=1 
  1.11e-04s  0.00e+00d  [ProcessAtMostOneAndLinear] 
  5.40e-05s  0.00e+00d  [DetectDuplicateConstraints] 
  5.40e-05s  0.00e+00d  [DetectDuplicateConstraintsWithDifferentEnforcements] 
  2.00e-05s  1.86e-06d  [DetectDominatedLinearConstraints] #relevant_constraints=55 
  2.50e-05s  0.00e+00d  [DetectDifferentVariables] 
  2.42e-04s  2.94e-05d  [ProcessSetPPC] #relevant_constraints=2'779 #num_inclusions=299 
  1.60e-05s  9.50e-08d  [FindAlmostIdenticalLinearConstraints] #num_tested_pairs=1 
  1.78e-04s  2.80e-04d  [FindBigAtMostOneAndLinearOverlap] 
  1.20e-04s  1.31e-04d  [FindBigVerticalLinearOverlap] 
  1.20e-05s  3.10e-06d  [FindBigHorizontalLinearOverlap] #linears=55 
  1.80e-04s  3.46e-05d  [MergeClauses] 
  1.47e-04s  0.00e+00d  [DetectDominanceRelations] 
  8.99e-04s  0.00e+00d  [PresolveToFixPoint] #num_loops=1 #num_dual_strengthening=1 
  1.66e-04s  0.00e+00d  [DetectDominanceRelations] 
  9.08e-04s  0.00e+00d  [PresolveToFixPoint] #num_loops=1 #num_dual_strengthening=1 
  4.40e-05s  0.00e+00d  [DetectDuplicateColumns] 
  5.40e-05s  0.00e+00d  [DetectDuplicateConstraints] 
[Symmetry] Graph for symmetry has 5'697 nodes and 12'029 arcs.
[Symmetry] Symmetry computation done. time: 0.002501 dtime: 0.00877541
[Symmetry] #generators: 9, average support size: 140.667
[Symmetry] 215 orbits on 752 variables with sizes: 9,9,9,9,9,9,9,9,9,9,...
[Symmetry] Num fixable by intersecting at_most_one with orbits: 9 largest_orbit: 9
[Symmetry] Found orbitope of size 70 x 2
[SAT presolve] num removable Booleans: 0 / 855
[SAT presolve] num trivial clauses: 0
[SAT presolve] [0s] clauses:2509 literals:7339 vars:827 one_side_vars:523 simple_definition:304 singleton_clauses:0
[SAT presolve] [6.7e-05s] clauses:2509 literals:7339 vars:827 one_side_vars:523 simple_definition:304 singleton_clauses:0
[SAT presolve] [0.000108s] clauses:2509 literals:7339 vars:827 one_side_vars:523 simple_definition:304 singleton_clauses:0
  6.10e-05s  0.00e+00d  [DetectDuplicateConstraintsWithDifferentEnforcements] 
  2.15e-03s  3.25e-03d  [Probe] #probed=1'978 
  1.55e-04s  1.17e-04d  [MaxClique] Merged 473(1'207 literals) into 401(1'099 literals) at_most_ones. 
  1.50e-04s  0.00e+00d  [DetectDominanceRelations] 
  9.36e-04s  0.00e+00d  [PresolveToFixPoint] #num_loops=1 #num_dual_strengthening=1 
  1.12e-04s  0.00e+00d  [ProcessAtMostOneAndLinear] 
  5.50e-05s  0.00e+00d  [DetectDuplicateConstraints] 
  5.60e-05s  0.00e+00d  [DetectDuplicateConstraintsWithDifferentEnforcements] 
  2.10e-05s  1.86e-06d  [DetectDominatedLinearConstraints] #relevant_constraints=55 
  2.80e-05s  0.00e+00d  [DetectDifferentVariables] 
  2.44e-04s  2.86e-05d  [ProcessSetPPC] #relevant_constraints=2'706 #num_inclusions=262 
  1.70e-05s  1.90e-07d  [FindAlmostIdenticalLinearConstraints] #num_tested_pairs=2 
  1.74e-04s  2.74e-04d  [FindBigAtMostOneAndLinearOverlap] 
  1.17e-04s  1.30e-04d  [FindBigVerticalLinearOverlap] 
  1.50e-05s  3.10e-06d  [FindBigHorizontalLinearOverlap] #linears=55 
  1.74e-04s  3.41e-05d  [MergeClauses] 
  1.53e-04s  0.00e+00d  [DetectDominanceRelations] 
  9.16e-04s  0.00e+00d  [PresolveToFixPoint] #num_loops=1 #num_dual_strengthening=1 
  1.48e-04s  0.00e+00d  [DetectDominanceRelations] 
  8.93e-04s  0.00e+00d  [PresolveToFixPoint] #num_loops=1 #num_dual_strengthening=1 
  4.60e-05s  0.00e+00d  [DetectDuplicateColumns] 
  5.50e-05s  0.00e+00d  [DetectDuplicateConstraints] 
[Symmetry] Graph for symmetry has 5'614 nodes and 11'775 arcs.
[Symmetry] Symmetry computation done. time: 0.001062 dtime: 0.00368759
[Symmetry] #generators: 4, average support size: 138
[Symmetry] 222 orbits on 480 variables with sizes: 4,4,4,4,4,4,4,4,4,4,...
[Symmetry] Num fixable by intersecting at_most_one with orbits: 4 largest_orbit: 4
[Symmetry] Found orbitope of size 69 x 2
[SAT presolve] num removable Booleans: 0 / 846
[SAT presolve] num trivial clauses: 0
[SAT presolve] [0s] clauses:2401 literals:7103 vars:823 one_side_vars:519 simple_definition:304 singleton_clauses:0
[SAT presolve] [5.6e-05s] clauses:2401 literals:7103 vars:823 one_side_vars:519 simple_definition:304 singleton_clauses:0
[SAT presolve] [9.6e-05s] clauses:2401 literals:7103 vars:823 one_side_vars:519 simple_definition:304 singleton_clauses:0
  6.00e-05s  0.00e+00d  [DetectDuplicateConstraintsWithDifferentEnforcements] 
  2.12e-03s  3.24e-03d  [Probe] #probed=1'970 
  1.53e-04s  1.23e-04d  [MaxClique] Merged 421(1'139 literals) into 405(1'123 literals) at_most_ones. 
  1.53e-04s  0.00e+00d  [DetectDominanceRelations] 
  9.38e-04s  0.00e+00d  [PresolveToFixPoint] #num_loops=1 #num_dual_strengthening=1 
  1.14e-04s  0.00e+00d  [ProcessAtMostOneAndLinear] 
  5.70e-05s  0.00e+00d  [DetectDuplicateConstraints] 
  5.90e-05s  0.00e+00d  [DetectDuplicateConstraintsWithDifferentEnforcements] 
  2.30e-05s  1.86e-06d  [DetectDominatedLinearConstraints] #relevant_constraints=55 
  2.90e-05s  0.00e+00d  [DetectDifferentVariables] 
  2.43e-04s  2.86e-05d  [ProcessSetPPC] #relevant_constraints=2'690 #num_inclusions=266 
  1.90e-05s  2.85e-07d  [FindAlmostIdenticalLinearConstraints] #num_tested_pairs=3 
  1.70e-04s  2.69e-04d  [FindBigAtMostOneAndLinearOverlap] 
  1.16e-04s  1.29e-04d  [FindBigVerticalLinearOverlap] 
  1.70e-05s  3.10e-06d  [FindBigHorizontalLinearOverlap] #linears=55 
  1.72e-04s  3.38e-05d  [MergeClauses] 
  1.60e-04s  0.00e+00d  [DetectDominanceRelations] 
  9.32e-04s  0.00e+00d  [PresolveToFixPoint] #num_loops=1 #num_dual_strengthening=1 

Presolve summary:
  - 62 affine relations were detected.
  - rule 'TODO dual: only one blocking enforced constraint?' was applied 432 times.
  - rule 'affine: new relation' was applied 62 times.
  - rule 'at_most_one: transformed into max clique.' was applied 3 times.
  - rule 'bool_or: only one literal' was applied 266 times.
  - rule 'bool_or: removed enforcement literal' was applied 152 times.
  - rule 'deductions: 924 stored' was applied 1 time.
  - rule 'enforcement: false literal' was applied 108 times.
  - rule 'enforcement: true literal' was applied 315 times.
  - rule 'exactly_one: removed literals' was applied 3 times.
  - rule 'lin_max: all Booleans.' was applied 76 times.
  - rule 'lin_max: converted to equality' was applied 19 times.
  - rule 'lin_max: removed exprs' was applied 95 times.
  - rule 'lin_max: target domain reduced' was applied 19 times.
  - rule 'linear1: transformed to implication' was applied 114 times.
  - rule 'linear1: x in domain' was applied 44 times.
  - rule 'linear: always true' was applied 304 times.
  - rule 'linear: empty' was applied 27 times.
  - rule 'linear: expand small ax + by != cte' was applied 570 times.
  - rule 'linear: fixed or dup variables' was applied 910 times.
  - rule 'linear: infeasible' was applied 266 times.
  - rule 'linear: positive at most one' was applied 144 times.
  - rule 'linear: positive equal one' was applied 5 times.
  - rule 'linear: reduced variable domains' was applied 27 times.
  - rule 'linear: remapped using affine relations' was applied 21 times.
  - rule 'linear: simplified rhs' was applied 18 times.
  - rule 'new_bool: var with 2 values' was applied 19 times.
  - rule 'presolve: 432 unused variables removed.' was applied 1 time.
  - rule 'presolve: iteration' was applied 3 times.
  - rule 'setppc: bool_or in at_most_one.' was applied 1 time.
  - rule 'symmetry: fixed to false in general orbit' was applied 27 times.
  - rule 'variables with 2 values: create encoding literal' was applied 19 times.
  - rule 'variables with 2 values: new affine relation' was applied 19 times.
  - rule 'variables: detect fully reified value encoding' was applied 285 times.
  - rule 'variables: detect half reified value encoding' was applied 570 times.

Presolved satisfaction model '': (model_fingerprint: 0xf45f83e2d1152285)
#Variables: 899 (860 primary variables)
  - 842 Booleans in [0,1]
  - 3 in [0][2,4]
  - 3 in [0,1][3,4]
  - 3 in [0,2][4]
  - 3 in [0,3]
  - 43 in [0,4]
  - 2 in [1,4]
#kAtMostOne: 261 (#literals: 835)
#kBoolAnd: 64 (#enforced: 64) (#literals: 208)
#kBoolOr: 2'225 (#literals: 6'751)
#kExactlyOne: 5 (#literals: 68)
#kLinear1: 542 (#enforced: 542)
#kLinear2: 476 (#enforced: 476)
#kLinearN: 55 (#terms: 620)
[Symmetry] Graph for symmetry has 5'088 nodes and 11'699 arcs.
[Symmetry] Symmetry computation done. time: 0.000499 dtime: 0.00197023

Preloading model.
The solution hint is incomplete: 57 out of 899 non fixed variables hinted.
#Model   0.04s var:899/899 constraints:3628/3628

Starting search at 0.04s with 8 workers.
6 full problem subsolvers: [default_lp, max_lp, no_lp, probing, quick_restart, quick_restart_no_lp]
2 first solution subsolvers: [fj, fs_random_no_lp]
2 interleaved subsolvers: [feasibility_pump, rins/rens]
2 helper subsolvers: [neighborhood_helper, synchronization_agent]

#Model   0.10s var:898/899 constraints:3608/3628
#Model   0.14s var:897/899 constraints:3589/3628
#Model   0.19s var:895/899 constraints:3551/3628
#Model   0.24s var:894/899 constraints:3532/3628
#Model   0.30s var:892/899 constraints:3496/3628

Task timing                      n [     min,      max]      avg      dev     time         n [     min,      max]      avg      dev    dtime
           'default_lp':         1 [  10.00m,   10.00m]   10.00m   0.00ns   10.00m         1 [   9.91m,    9.91m]    9.91m   0.00ns    9.91m
     'feasibility_pump':      5202 [ 12.00us,  35.28ms] 129.64us 492.53us 674.40ms      5200 [ 45.16us,  13.62ms]  47.77us 188.30us 248.42ms
                   'fj':      5202 [ 33.29ms, 131.57ms]  70.52ms  13.63ms    6.11m      5202 [100.00ms, 100.06ms] 100.01ms   9.41us    8.67m
      'fs_random_no_lp':         1 [  10.00m,   10.00m]   10.00m   0.00ns   10.00m         1 [  21.32m,   21.32m]   21.32m   0.00ns   21.32m
               'max_lp':         1 [  10.00m,   10.00m]   10.00m   0.00ns   10.00m         1 [  11.44m,   11.44m]   11.44m   0.00ns   11.44m
                'no_lp':         1 [  10.00m,   10.00m]   10.00m   0.00ns   10.00m         1 [  21.98m,   21.98m]   21.98m   0.00ns   21.98m
              'probing':         1 [  10.00m,   10.00m]   10.00m   0.00ns   10.00m         1 [   2.88m,    2.88m]    2.88m   0.00ns    2.88m
        'quick_restart':         1 [  10.00m,   10.00m]   10.00m   0.00ns   10.00m         1 [   8.52m,    8.52m]    8.52m   0.00ns    8.52m
  'quick_restart_no_lp':         1 [  10.00m,   10.00m]   10.00m   0.00ns   10.00m         1 [  20.57m,   20.57m]   20.57m   0.00ns   20.57m
            'rins/rens':      5203 [ 87.00us, 160.27ms]  44.52ms  44.29ms    3.86m      2975 [240.00ns, 100.39ms]  76.15ms  38.55ms    3.78m

Search stats              Bools  Conflicts    Branches   Restarts   BoolPropag  IntegerPropag
           'default_lp':    942  2'442'533   5'997'060    372'534  368'680'761     81'673'020
      'fs_random_no_lp':    942  4'297'309   8'355'198    452'908  749'843'808    127'476'380
               'max_lp':    942    442'515   7'258'736  1'167'076  141'542'255    120'527'433
                'no_lp':    942  6'747'191  11'708'453    362'458  949'173'814    175'764'487
              'probing':    942         11      51'447     33'624      274'931        189'676
        'quick_restart':    942    467'021   6'241'269    768'900  129'110'181     53'175'998
  'quick_restart_no_lp':    942  1'993'763  12'827'908    925'994  439'894'235    117'705'834

SAT stats                 ClassicMinim   LitRemoved   LitLearned  LitForgotten  Subsumed   MClauses  MDecisions  MLitTrue  MSubsumed  MLitRemoved  MReused
           'default_lp':     1'988'095   36'532'242   76'112'194    73'471'861     3'283    394'272   2'266'114         0     41'867      405'231  108'089
      'fs_random_no_lp':     3'774'326   99'253'084  152'986'302   147'470'821     5'627    389'250   2'878'905         0     67'691      744'222   64'041
               'max_lp':       355'204    5'769'881   12'473'423    11'070'902     1'160  1'959'425   6'307'180         0     17'917      156'096  953'305
                'no_lp':     5'798'879  123'844'221  207'460'471   203'111'152    10'348    297'219   2'158'564        33     55'176      585'570   52'329
              'probing':             2            2          178             0         0          0           0         0          0            0        0
        'quick_restart':       326'491    3'994'877   15'188'959    13'174'385     1'576    940'018   4'044'511         0     37'909      317'281  303'080
  'quick_restart_no_lp':     1'551'671   26'828'159   78'248'904    72'952'151     6'546    721'128   4'140'447        50     89'862      776'508  118'793

Lp stats            Component  Iterations  AddedCuts    OPTIMAL  DUAL_F.  DUAL_U.
     'default_lp':          1  13'257'228        624  2'408'377        0   14'555
         'max_lp':          1   6'171'393      2'390      1'357  609'557    1'703
        'probing':          1     245'711    249'649     97'784        1        4
  'quick_restart':          1  13'341'326        917  1'423'771        1    3'891

Lp dimension          Final dimension of first component
     'default_lp':   256 rows, 423 columns, 1416 entries
         'max_lp':  2081 rows, 899 columns, 8391 entries
        'probing':  514 rows, 423 columns, 13296 entries
  'quick_restart':   299 rows, 423 columns, 1487 entries

Lp debug            CutPropag  CutEqPropag  Adjust  Overflow         Bad  BadScaling
     'default_lp':          0           18   8'931         0       3'595           0
         'max_lp':          0            6   1'176         0      50'472           0
        'probing':          0       33'500       4         0  17'686'565           0
  'quick_restart':          0           55   2'646         0       6'126           0

Lp pool             Constraints  Updates  Simplif  Merged  Shortened  Split  Strenghtened        Cuts/Call
     'default_lp':        1'026       12        0      57          0      0             0       624/93'829
         'max_lp':        6'259      327        0      58         10      0            31      2'390/5'749
        'probing':       10'051  224'479        0      57          0      0         1'368  249'649/414'256
  'quick_restart':        1'319       94        0      57          0      0            12      917/314'555

Lp Cut            probing  default_lp  max_lp  quick_restart
          CG_FF:    9'105          45      16             56
           CG_K:    3'853          12       3             26
          CG_KL:      982           2       -             11
           CG_R:   31'077          49      10             84
          CG_RB:   12'433          23       -             38
         CG_RBP:    5'601          11       -             12
         Clique:        -           -      32              -
             IB:    3'199         343       -            562
       MIR_1_FF:      265          19     112             17
        MIR_1_K:      206           -      21              -
       MIR_1_KL:       25           -       5              -
        MIR_1_R:      255           -      24              -
       MIR_1_RB:      153           1      34              1
      MIR_1_RBP:       43           -       -              -
      MIR_1_RLT:        -           -     313              -
       MIR_2_FF:      452           3      35              1
        MIR_2_K:      193           -       8              1
       MIR_2_KL:       27           -       2              -
        MIR_2_R:    1'158           -      12              -
       MIR_2_RB:      563           2      17              -
      MIR_2_RBP:      248           -       2              -
       MIR_3_FF:      280           6       7              6
        MIR_3_K:      111           -       2              -
       MIR_3_KL:       10           -       2              -
        MIR_3_R:      463           -       4              -
       MIR_3_RB:      255           5       8              -
      MIR_3_RBP:      121           -       7              -
       MIR_4_FF:      150           5       9              4
        MIR_4_K:       72           2       -              -
       MIR_4_KL:       12           -       -              -
        MIR_4_R:      261           -       2              -
       MIR_4_RB:      158           1       5              1
      MIR_4_RBP:       67           1       5              -
       MIR_5_FF:      103           3       3              2
        MIR_5_K:       57           1       -              1
       MIR_5_KL:        6           -       -              -
        MIR_5_R:      175           -       3              -
       MIR_5_RB:      131           3       5              2
      MIR_5_RBP:       46           -       1              1
       MIR_6_FF:       84           1       3              -
        MIR_6_K:       43           -       -              -
       MIR_6_KL:       12           -       -              -
        MIR_6_R:      123           -       3              -
       MIR_6_RB:       99           1       6              1
      MIR_6_RBP:       33           -       3              -
   ZERO_HALF_FF:   53'343          35      85             57
    ZERO_HALF_K:      445           6      14              2
   ZERO_HALF_KL:      127           -       -              -
    ZERO_HALF_R:  120'419          30   1'406             25
   ZERO_HALF_RB:      363           8      88              2
  ZERO_HALF_RBP:    2'242           6      73              4

LNS stats       Improv/Calls  Closed  Difficulty  TimeLimit
  'rins/rens':     4000/4000     50%    8.62e-01       0.10

LS stats                                    Batches  Restarts/Perturbs    LinMoves    GenMoves  CompoundMoves   Bactracks  WeightUpdates  ScoreComputed
                             'fj_restart':      268                 64  15'417'653           0              0           0      2'533'308     42'040'710
                    'fj_restart_compound':      599                 70           0  22'931'005        956'738  10'987'029        100'390    204'928'825
                'fj_restart_compound_obj':      212                 71           0   7'903'261        544'778   3'679'138         25'557     72'333'314
            'fj_restart_compound_perturb':      286                 75           0  10'866'488        655'617   5'105'288         34'977     97'822'969
        'fj_restart_compound_perturb_obj':      223                 86           0   8'311'096        626'768   3'842'004         22'866     76'175'800
                       'fj_restart_decay':      260                 87  16'682'619           0              0           0        245'435     31'442'894
              'fj_restart_decay_compound':      377                 79           0  16'612'882      3'363'911   6'624'290          8'389    132'590'397
          'fj_restart_decay_compound_obj':      252                 75           0  10'734'471      2'219'863   4'257'114          6'068     88'606'222
      'fj_restart_decay_compound_perturb':      398                 85           0  17'525'274      3'577'643   6'973'613          8'980    139'969'143
  'fj_restart_decay_compound_perturb_obj':      426                 81           0  18'890'370      3'842'001   7'523'981          9'376    149'877'476
                   'fj_restart_decay_obj':      457                 87  29'330'287           0              0           0        430'107     55'364'726
               'fj_restart_decay_perturb':      351                 63  22'531'705           0              0           0        330'362     42'520'323
           'fj_restart_decay_perturb_obj':      252                 72  16'167'268           0              0           0        237'281     30'503'746
                         'fj_restart_obj':      284                 72  16'429'434           0              0           0      2'778'467     44'026'813
                     'fj_restart_perturb':      361                 83  20'800'927           0              0           0      3'394'012     56'769'408
                 'fj_restart_perturb_obj':      196                 65  11'314'798           0              0           0      1'798'688     30'463'461

Solution repositories    Added  Queried  Synchro
  'feasible solutions':      0        0        0
   'fj solution hints':  1'207        0    1'207
        'lp solutions':  6'786    2'614    6'341
                'pump':  5'201    2'589

Improving bounds shared    Num  Sym
            'default_lp':    2    0
       'fs_random_no_lp':    2    0
                 'no_lp':    2    0
         'quick_restart':    2    0
   'quick_restart_no_lp':    6    0

Clauses shared              Num
           'default_lp':     25
      'fs_random_no_lp':    135
               'max_lp':      1
                'no_lp':     60
              'probing':      1
        'quick_restart':    268
  'quick_restart_no_lp':  1'405

CpSolverResponse summary:
status: UNKNOWN
objective: NA
best_bound: NA
integers: 423
booleans: 942
conflicts: 1993763
branches: 12827908
propagations: 439894235
integer_propagations: 117705834
restarts: 925994
lp_iterations: 0
walltime: 600.248
usertime: 600.248
deterministic_time: 6544.29
gap_integral: 0

UNKNOWN Unresolved: no qualifying schedule or infeasibility proof. Best known (3,68), with (3,69) the sole remaining improvement.
