
Starting CP-SAT solver v9.14.6206
Parameters: random_seed: 1 max_time_in_seconds: 3600 log_search_progress: true num_search_workers: 8 cp_model_probing_level: 1

Initial optimization model '': (model_fingerprint: 0x48b5db03ba6e3a2a)
#Variables: 3'565 (#ints: 19 in objective) (3'371 primary variables)
  - 3'528 Booleans in [0,1]
  - 19 in [0,4]
  - 18 in [0,12]
#kBoolAnd: 3'060 (#enforced: 3'060) (#literals: 9'180)
#kBoolOr: 3'060 (#enforced: 3'060) (#literals: 6'120)
#kLinMax: 1 (#expressions: 18)
#kLinear1: 90
#kLinear2: 378
#kLinearN: 372 (#terms: 4'590)

Starting presolve at 0.01s
  4.24e-04s  0.00e+00d  [DetectDominanceRelations] 
  4.40e-03s  0.00e+00d  [PresolveToFixPoint] #num_loops=2 #num_dual_strengthening=1 
  5.68e-04s  0.00e+00d  [ExtractEncodingFromLinear] #potential_supersets=183 #potential_subsets=18 
  1.59e-04s  0.00e+00d  [DetectDuplicateColumns] 
  7.00e-05s  0.00e+00d  [DetectDuplicateConstraints] 
[Symmetry] Graph for symmetry has 10'416 nodes and 22'375 arcs.
[Symmetry] Symmetry computation done. time: 0.015846 dtime: 0.0625636
[Symmetry] #generators: 14, average support size: 773.429
[Symmetry] 23 orbits on 2313 variables with sizes: 432,288,288,216,216,216,144,81,72,72,...
[Symmetry] Num fixable by binary propagation in orbit: 53 / 432
[Symmetry] Found orbitope of size 231 x 2
[SAT presolve] num removable Booleans: 0 / 2295
[SAT presolve] num trivial clauses: 0
[SAT presolve] [0s] clauses:6725 literals:15476 vars:2224 one_side_vars:0 simple_definition:1953 singleton_clauses:0
[SAT presolve] [0.000166s] clauses:6725 literals:15476 vars:2224 one_side_vars:0 simple_definition:1953 singleton_clauses:0
[SAT presolve] [0.000253s] clauses:6725 literals:15476 vars:2224 one_side_vars:0 simple_definition:1953 singleton_clauses:0
  1.57e-04s  0.00e+00d  [DetectDuplicateConstraintsWithDifferentEnforcements] 
  1.40e-02s  5.91e-02d  [Probe] #probed=4'484 #new_binary_clauses=349 
  8.79e-03s  2.49e-02d  [MaxClique] Merged 4'900(11'477 literals) into 1'549(7'928 literals) at_most_ones. 
  2.88e-04s  0.00e+00d  [DetectDominanceRelations] 
  9.49e-04s  0.00e+00d  [PresolveToFixPoint] #num_loops=1 #num_dual_strengthening=1 
  2.28e-04s  0.00e+00d  [ProcessAtMostOneAndLinear] 
  6.00e-05s  0.00e+00d  [DetectDuplicateConstraints] 
  5.90e-05s  0.00e+00d  [DetectDuplicateConstraintsWithDifferentEnforcements] 
  2.90e-05s  1.78e-06d  [DetectDominatedLinearConstraints] #relevant_constraints=70 
  1.40e-05s  0.00e+00d  [DetectDifferentVariables] 
  4.42e-04s  4.75e-05d  [ProcessSetPPC] #relevant_constraints=3'609 #num_inclusions=308 
  2.01e-04s  0.00e+00d  [FindAlmostIdenticalLinearConstraints] 
  3.77e-04s  6.22e-04d  [FindBigAtMostOneAndLinearOverlap] 
  8.00e-05s  1.11e-04d  [FindBigVerticalLinearOverlap] 
  1.60e-05s  2.79e-06d  [FindBigHorizontalLinearOverlap] #linears=52 
  2.07e-04s  2.97e-05d  [MergeClauses] 
  2.86e-04s  0.00e+00d  [DetectDominanceRelations] 
  8.72e-04s  0.00e+00d  [PresolveToFixPoint] #num_loops=1 #num_dual_strengthening=1 
  3.84e-04s  0.00e+00d  [DetectDominanceRelations] 
  9.84e-04s  0.00e+00d  [PresolveToFixPoint] #num_loops=1 #num_dual_strengthening=1 
  1.45e-04s  0.00e+00d  [DetectDuplicateColumns] 
  6.30e-05s  0.00e+00d  [DetectDuplicateConstraints] 
[Symmetry] Graph for symmetry has 7'654 nodes and 15'368 arcs.
[Symmetry] Symmetry computation done. time: 0.005176 dtime: 0.017954
[Symmetry] #generators: 11, average support size: 567.818
[Symmetry] 262 orbits on 2234 variables with sizes: 32,32,32,32,32,24,24,24,24,24,...
[Symmetry] Num fixable by binary propagation in orbit: 16 / 32
[Symmetry] Found orbitope of size 228 x 2
[SAT presolve] num removable Booleans: 0 / 2242
[SAT presolve] num trivial clauses: 0
[SAT presolve] [0s] clauses:2202 literals:6414 vars:2208 one_side_vars:1889 simple_definition:310 singleton_clauses:0
[SAT presolve] [5.3e-05s] clauses:2202 literals:6414 vars:2208 one_side_vars:1889 simple_definition:310 singleton_clauses:0
[SAT presolve] [0.000115s] clauses:2202 literals:6414 vars:2208 one_side_vars:1889 simple_definition:310 singleton_clauses:0
  8.20e-05s  0.00e+00d  [DetectDuplicateConstraintsWithDifferentEnforcements] 
  1.17e-02s  6.07e-02d  [Probe] #probed=4'452 #new_binary_clauses=453 
  3.14e-03s  2.03e-02d  [MaxClique] Merged 1'580(7'937 literals) into 1'551(7'899 literals) at_most_ones. 
  3.01e-04s  0.00e+00d  [DetectDominanceRelations] 
  9.25e-04s  0.00e+00d  [PresolveToFixPoint] #num_loops=1 #num_dual_strengthening=1 
  2.13e-04s  0.00e+00d  [ProcessAtMostOneAndLinear] 
  6.60e-05s  0.00e+00d  [DetectDuplicateConstraints] 
  6.40e-05s  0.00e+00d  [DetectDuplicateConstraintsWithDifferentEnforcements] 
  3.00e-05s  1.78e-06d  [DetectDominatedLinearConstraints] #relevant_constraints=70 
  1.70e-05s  0.00e+00d  [DetectDifferentVariables] 
  4.44e-04s  4.73e-05d  [ProcessSetPPC] #relevant_constraints=3'589 #num_inclusions=311 
  2.40e-05s  0.00e+00d  [FindAlmostIdenticalLinearConstraints] 
  4.05e-04s  6.23e-04d  [FindBigAtMostOneAndLinearOverlap] 
  8.40e-05s  1.11e-04d  [FindBigVerticalLinearOverlap] 
  1.90e-05s  2.79e-06d  [FindBigHorizontalLinearOverlap] #linears=52 
  2.25e-04s  2.94e-05d  [MergeClauses] 
  3.04e-04s  0.00e+00d  [DetectDominanceRelations] 
  8.82e-04s  0.00e+00d  [PresolveToFixPoint] #num_loops=1 #num_dual_strengthening=1 
  2.83e-04s  0.00e+00d  [DetectDominanceRelations] 
  8.32e-04s  0.00e+00d  [PresolveToFixPoint] #num_loops=1 #num_dual_strengthening=1 
  1.26e-04s  0.00e+00d  [DetectDuplicateColumns] 
  5.80e-05s  0.00e+00d  [DetectDuplicateConstraints] 
[Symmetry] Graph for symmetry has 7'633 nodes and 15'292 arcs.
[Symmetry] Symmetry computation done. time: 0.003725 dtime: 0.0128129
[Symmetry] #generators: 9, average support size: 459.333
[Symmetry] 480 orbits on 2079 variables with sizes: 9,9,9,9,9,9,9,9,9,9,...
[Symmetry] Num fixable by binary propagation in orbit: 8 / 9
[Symmetry] Num fixable by intersecting at_most_one with orbits: 12 largest_orbit: 9
[Symmetry] Found orbitope of size 224 x 2
[SAT presolve] num removable Booleans: 0 / 2226
[SAT presolve] num trivial clauses: 0
[SAT presolve] [0s] clauses:2174 literals:6346 vars:2196 one_side_vars:1891 simple_definition:294 singleton_clauses:0
[SAT presolve] [5.2e-05s] clauses:2174 literals:6346 vars:2196 one_side_vars:1891 simple_definition:294 singleton_clauses:0
[SAT presolve] [0.000113s] clauses:2174 literals:6346 vars:2196 one_side_vars:1891 simple_definition:294 singleton_clauses:0
  7.80e-05s  0.00e+00d  [DetectDuplicateConstraintsWithDifferentEnforcements] 
  1.16e-02s  5.99e-02d  [Probe] #probed=4'428 #new_binary_clauses=453 
  3.15e-03s  2.02e-02d  [MaxClique] Merged 1'557(7'869 literals) into 1'545(7'849 literals) at_most_ones. 
  3.15e-04s  0.00e+00d  [DetectDominanceRelations] 
  9.55e-04s  0.00e+00d  [PresolveToFixPoint] #num_loops=1 #num_dual_strengthening=1 
  2.89e-04s  0.00e+00d  [ProcessAtMostOneAndLinear] 
  1.73e-04s  0.00e+00d  [DetectDuplicateConstraints] 
  1.23e-04s  0.00e+00d  [DetectDuplicateConstraintsWithDifferentEnforcements] 
  4.30e-05s  1.78e-06d  [DetectDominatedLinearConstraints] #relevant_constraints=70 
  2.20e-05s  0.00e+00d  [DetectDifferentVariables] 
  4.69e-04s  4.71e-05d  [ProcessSetPPC] #relevant_constraints=3'573 #num_inclusions=313 
  2.80e-05s  0.00e+00d  [FindAlmostIdenticalLinearConstraints] 
  3.97e-04s  6.12e-04d  [FindBigAtMostOneAndLinearOverlap] 
  8.20e-05s  1.10e-04d  [FindBigVerticalLinearOverlap] 
  2.40e-05s  2.79e-06d  [FindBigHorizontalLinearOverlap] #linears=52 
  2.22e-04s  2.92e-05d  [MergeClauses] 
  3.09e-04s  0.00e+00d  [DetectDominanceRelations] 
  9.08e-04s  0.00e+00d  [PresolveToFixPoint] #num_loops=1 #num_dual_strengthening=1 
  7.60e-05s  0.00e+00d  [ExpandObjective] #entries=1'152 #tight_variables=288 #tight_constraints=72 

Presolve summary:
  - 18 affine relations were detected.
  - rule 'TODO dual: only one blocking constraint?' was applied 17'036 times.
  - rule 'TODO dual: only one unspecified blocking constraint?' was applied 9 times.
  - rule 'TODO linear2: contains a Boolean.' was applied 432 times.
  - rule 'affine: new relation' was applied 18 times.
  - rule 'at_most_one: removed literals' was applied 87 times.
  - rule 'at_most_one: size one' was applied 10 times.
  - rule 'at_most_one: transformed into max clique.' was applied 3 times.
  - rule 'bool_and: always false' was applied 741 times.
  - rule 'bool_or: always true' was applied 741 times.
  - rule 'bool_or: implications' was applied 576 times.
  - rule 'bool_or: only one literal' was applied 765 times.
  - rule 'enforcement: false literal' was applied 360 times.
  - rule 'lin_max: rewrite with precedences' was applied 1 time.
  - rule 'lin_max: target domain reduced' was applied 1 time.
  - rule 'linear1: x in domain' was applied 108 times.
  - rule 'linear: always true' was applied 167 times.
  - rule 'linear: empty' was applied 24 times.
  - rule 'linear: fixed or dup variables' was applied 218 times.
  - rule 'linear: negative clause' was applied 216 times.
  - rule 'linear: positive at most one' was applied 129 times.
  - rule 'linear: positive clause' was applied 72 times.
  - rule 'linear: positive equal one' was applied 54 times.
  - rule 'linear: reduced variable domains' was applied 60 times.
  - rule 'linear: remapped using affine relations' was applied 18 times.
  - rule 'presolve: 1314 unused variables removed.' was applied 1 time.
  - rule 'presolve: iteration' was applied 3 times.
  - rule 'symmetry: added orbit symmetry breaking implications' was applied 2 times.
  - rule 'symmetry: fixed to false in general orbit' was applied 81 times.

Presolved optimization model '': (model_fingerprint: 0x257ebf43cdb9ac73)
#Variables: 2'233 (#ints: 19 in objective) (2'147 primary variables)
  - 2'214 Booleans in [0,1]
  - 19 in [1,4]
#kAtMostOne: 1'303 (#literals: 7'321)
#kBoolAnd: 94 (#enforced: 94) (#literals: 332)
#kBoolOr: 1'926 (#literals: 5'850)
#kExactlyOne: 54 (#literals: 270)
#kLinear2: 18
#kLinearN: 52 (#terms: 558)
[Symmetry] Graph for symmetry has 6'287 nodes and 15'212 arcs.
[Symmetry] Symmetry computation done. time: 0.002801 dtime: 0.00930121
[Symmetry] #generators: 7, average support size: 460
[Symmetry] 592 orbits on 1926 variables with sizes: 9,9,9,9,9,9,9,9,9,9,...
[Symmetry] Found orbitope of size 224 x 2

Preloading model.
#Bound   0.13s best:-inf  next:[91,364]   initial_domain
#Model   0.13s var:2233/2233 constraints:3447/3447

Starting search at 0.13s with 8 workers.
6 full problem subsolvers: [core, default_lp, max_lp_sym, no_lp, quick_restart, reduced_costs]
2 first solution subsolvers: [fj, fs_random_no_lp]
9 interleaved subsolvers: [feasibility_pump, graph_arc_lns, graph_cst_lns, graph_dec_lns, graph_var_lns, ls, rins/rens, rnd_cst_lns, rnd_var_lns]
3 helper subsolvers: [neighborhood_helper, synchronization_agent, update_gap_integral]

#1       0.21s best:135   next:[136,364]  fs_random_no_lp
#Model   0.21s var:2232/2233 constraints:3447/3447
#2       0.21s best:208   next:[209,364]  rnd_var_lns (d=5.00e-01 s=9 t=0.10 p=0.00 stall=0 h=base) [hint]
#Model   0.22s var:2139/2233 constraints:3337/3447
#Model   0.23s var:2134/2233 constraints:3337/3447
#Model   0.36s var:2080/2233 constraints:3271/3447
#3       0.37s best:279   next:[280,364]  quick_restart
#4       0.38s best:283   next:[284,364]  graph_var_lns (d=8.14e-01 s=26 t=0.10 p=1.00 stall=2 h=base)
#Bound   0.38s best:283   next:[284,291]  bool_core (num_cores=1 [size:1 mw:73] a=19 d=0 fixed=1/2233 clauses=6'931)
#Model   0.39s var:2079/2233 constraints:3253/3447
#5       1.37s best:284   next:[285,291]  graph_var_lns (d=9.38e-01 s=74 t=0.10 p=0.86 stall=4 h=base)
#Bound   1.77s best:284   next:[285,290]  bool_core (num_cores=2 [size:15 mw:1 d:4] a=4 d=4 fixed=155/2247 clauses=16'846)
#Bound   7.92s best:284   next:[285,289]  bool_core (num_cores=3 [size:1 mw:1] a=4 d=4 fixed=156/2262 clauses=27'369)
#Bound  61.22s best:284   next:[285,288]  bool_core (num_cores=4 [size:4 mw:1 d:5] a=1 d=5 fixed=157/2278 clauses=55'159)
#Bound 441.43s best:284   next:[285,287]  bool_core (num_cores=5 [size:1 mw:1] a=1 d=5 fixed=157/2295 clauses=110'182)

Task timing                   n [     min,      max]      avg      dev     time         n [     min,      max]      avg      dev    dtime
              'core':         1 [   1.00h,    1.00h]    1.00h   0.00ns    1.00h         1 [  56.81m,   56.81m]   56.81m   0.00ns   56.81m
        'default_lp':         1 [   1.00h,    1.00h]    1.00h   0.00ns    1.00h         1 [  41.77m,   41.77m]   41.77m   0.00ns   41.77m
  'feasibility_pump':      8874 [ 16.00us,  14.21ms]  97.99us 252.37us 869.58ms      8870 [ 18.46us,   2.95ms]  18.79us  31.08us 166.69ms
                'fj':         1 [ 83.85ms,  83.85ms]  83.85ms   0.00ns  83.85ms         1 [100.02ms, 100.02ms] 100.02ms   0.00ns 100.02ms
   'fs_random_no_lp':         1 [ 78.77ms,  78.77ms]  78.77ms   0.00ns  78.77ms         1 [185.71ms, 185.71ms] 185.71ms   0.00ns 185.71ms
     'graph_arc_lns':      2876 [  3.68ms,    1.22s] 308.69ms 244.76ms   14.80m      2876 [ 10.00ns, 303.47ms] 118.70ms  84.87ms    5.69m
     'graph_cst_lns':      2912 [663.00us,    1.11s] 304.84ms 250.17ms   14.79m      2910 [ 10.00ns, 303.37ms] 116.70ms  87.75ms    5.66m
     'graph_dec_lns':      3010 [  4.53ms,    1.16s] 294.98ms 258.01ms   14.80m      3010 [ 10.00ns, 315.52ms] 114.47ms  93.19ms    5.74m
     'graph_var_lns':      2786 [  4.25ms,    1.08s] 318.93ms 234.17ms   14.81m      2786 [ 10.00ns, 291.51ms] 127.25ms  76.09ms    5.91m
                'ls':      6464 [359.00us, 298.34ms] 137.30ms  29.20ms   14.79m      6463 [100.00ms, 100.03ms] 100.00ms   3.40us   10.77m
        'max_lp_sym':         1 [   1.00h,    1.00h]    1.00h   0.00ns    1.00h         1 [  16.83m,   16.83m]   16.83m   0.00ns   16.83m
             'no_lp':         1 [   1.00h,    1.00h]    1.00h   0.00ns    1.00h         1 [   1.15h,    1.15h]    1.15h   0.00ns    1.15h
     'quick_restart':         1 [   1.00h,    1.00h]    1.00h   0.00ns    1.00h         1 [  33.26m,   33.26m]   33.26m   0.00ns   33.26m
     'reduced_costs':         1 [   1.00h,    1.00h]    1.00h   0.00ns    1.00h         1 [  30.44m,   30.44m]   30.44m   0.00ns   30.44m
         'rins/rens':      4034 [315.00us,    1.57s] 220.40ms 311.54ms   14.82m      3325 [ 10.00ns, 369.78ms] 107.64ms 115.84ms    5.97m
       'rnd_cst_lns':      2928 [  4.59ms,    1.14s] 303.43ms 252.45ms   14.81m      2928 [ 10.00ns, 309.52ms] 116.72ms  89.05ms    5.70m
       'rnd_var_lns':      2999 [  2.53ms,    1.65s] 295.92ms 257.17ms   14.79m      2999 [ 10.00ns, 315.62ms] 115.71ms  92.50ms    5.78m

Search stats          Bools   Conflicts    Branches   Restarts     BoolPropag  IntegerPropag
             'core':  2'312   9'206'947  12'683'618     26'356  2'920'806'793    164'841'414
       'default_lp':  2'214   8'157'550  15'213'852  1'061'484  2'418'526'938    358'563'755
  'fs_random_no_lp':  2'215          98      13'389      7'989      1'558'966        136'439
       'max_lp_sym':  2'214   2'968'309   9'902'592  1'249'178  1'149'471'148  1'213'794'632
            'no_lp':  2'214  12'649'239  22'092'794  1'438'835  4'803'535'485    541'638'906
    'quick_restart':  2'214   2'410'859  21'064'937  1'903'912  1'397'596'272    143'776'489
    'reduced_costs':  2'233   1'834'483  16'737'531  3'387'951  1'574'584'737  1'237'421'193

SAT stats             ClassicMinim   LitRemoved   LitLearned  LitForgotten  Subsumed   MClauses  MDecisions  MLitTrue  MSubsumed  MLitRemoved  MReused
             'core':     8'571'532  187'769'054  296'619'908   292'418'452    18'881     13'875     138'633         0      2'816       53'296    1'397
       'default_lp':     6'988'104  161'097'308  303'531'227   295'670'318     7'638    516'089   3'884'502         0     86'291      825'292   50'858
  'fs_random_no_lp':            18           38        1'370             0         6      4'015       8'631         0          5           45       24
       'max_lp_sym':     2'681'199   73'109'531   92'722'956    89'466'526     4'392    832'300   5'149'338         0     56'626      470'522   86'127
            'no_lp':    11'501'346  274'606'775  347'502'951   341'173'319    26'977    579'289   5'177'663         0    104'016    1'208'620   67'207
    'quick_restart':     1'954'043   52'945'613  113'734'366   107'228'421     5'202    951'419   6'413'813         0     93'634      778'042   32'846
    'reduced_costs':     1'708'798   52'147'884   52'554'564    50'002'829     3'991  2'429'610  12'967'051         0     31'605      262'287  130'545

Lp stats            Component  Iterations  AddedCuts     OPTIMAL    DUAL_F.  DUAL_U.
     'default_lp':          2  39'392'989        311  11'645'598          0    9'343
     'max_lp_sym':          1  24'112'637        797   2'727'678  1'558'108   26'992
  'quick_restart':          2  50'643'658        298   8'928'684          1   14'735
  'reduced_costs':          1  20'391'626      2'203          79  2'038'137    1'168

Lp dimension            Final dimension of first component
     'default_lp':      122 rows, 288 columns, 810 entries
     'max_lp_sym':     342 rows, 899 columns, 1488 entries
  'quick_restart':      148 rows, 288 columns, 917 entries
  'reduced_costs':  1769 rows, 2233 columns, 10760 entries

Lp debug            CutPropag  CutEqPropag     Adjust  Overflow     Bad  BadScaling
     'default_lp':          0            0         57         0   5'533           0
     'max_lp_sym':          0           57  3'578'917         0  14'224           0
  'quick_restart':          0            0        244         0   6'436           0
  'reduced_costs':          0            0        766         0  19'136           0

Lp pool             Constraints  Updates  Simplif  Merged  Shortened  Split  Strenghtened    Cuts/Call
     'default_lp':          510      108      400       0        279     32             0      311/529
     'max_lp_sym':        2'510      307    3'076       1        721     22           542    797/4'855
  'quick_restart':          497       54      256       0        140      0             2      298/521
  'reduced_costs':        5'794      249    1'936       0        937    100            58  2'203/2'889

Lp Cut           max_lp_sym  default_lp  quick_restart  reduced_costs
         CG_FF:          38          79             58             40
          CG_K:          27           1              2             12
         CG_KL:           5           -              2              -
          CG_R:          71          63             50             32
        CG_RBP:           1           -              -              -
        Clique:          28           -              -             70
            IB:          43           -              -              -
      MIR_1_FF:           9           -              -             48
       MIR_1_R:           -           -              -             15
     MIR_1_RLT:         105           -              -          1'238
      MIR_2_FF:           2           -              -             36
      MIR_2_KL:           -           -              -              1
       MIR_2_R:           -           -              -              7
      MIR_3_FF:           3           -              -             15
       MIR_3_R:           1           -              -             10
      MIR_4_FF:           5           -              -             17
       MIR_4_R:           1           -              -             11
      MIR_5_FF:           3           -              -             10
      MIR_5_KL:           -           -              -              2
       MIR_5_R:           -           1              -              7
      MIR_6_FF:           3           -              -              5
       MIR_6_R:           -           -              -              6
  ZERO_HALF_FF:         275          57            121            182
   ZERO_HALF_K:           3           -              -              4
   ZERO_HALF_R:         174         110             65            435

LNS stats           Improv/Calls  Closed  Difficulty  TimeLimit
  'graph_arc_lns':        0/2876     50%    9.53e-01       0.30
  'graph_cst_lns':        0/2910     50%    9.56e-01       0.31
  'graph_dec_lns':        0/3010     50%    9.40e-01       0.32
  'graph_var_lns':        2/2786     50%    9.36e-01       0.29
      'rins/rens':        0/3390     50%    8.78e-01       0.37
    'rnd_cst_lns':        0/2928     50%    9.47e-01       0.31
    'rnd_var_lns':        1/2999     50%    9.48e-01       0.32

LS stats                                Batches  Restarts/Perturbs    LinMoves    GenMoves  CompoundMoves   Bactracks  WeightUpdates  ScoreComputed
                         'fj_restart':        1                  1      75'611           0              0           0         18'116         51'209
                         'ls_restart':      808                182  68'199'246           0              0           0     12'309'020        878'649
                'ls_restart_compound':      697                186           0  30'775'491      1'497'112  14'638'765        123'231    230'109'818
        'ls_restart_compound_perturb':      795                187           0  35'248'982      1'498'346  16'874'855        145'044    261'360'676
                   'ls_restart_decay':    1'252                177  99'842'918           0              0           0      2'215'511     12'463'345
          'ls_restart_decay_compound':      662                188           0  34'395'483      7'191'641  13'601'259         25'086    214'270'620
  'ls_restart_decay_compound_perturb':      796                184           0  41'736'777      8'613'343  16'561'039         28'395    256'888'698
           'ls_restart_decay_perturb':      667                184  53'171'429           0              0           0      1'183'107      6'496'818
                 'ls_restart_perturb':      787                182  66'650'291           0              0           0     11'624'889        864'904

Solutions (5)         Num   Rank
  'fs_random_no_lp':    1  [1,1]
    'graph_var_lns':    2  [4,5]
    'quick_restart':    1  [3,3]
      'rnd_var_lns':    1  [2,2]

Objective bounds     Num
       'bool_core':    5
  'initial_domain':    1

Solution repositories     Added  Queried  Synchro
  'feasible solutions':   7'422   47'654    7'337
   'fj solution hints':       0        0        0
        'lp solutions':  64'599    2'037   37'887
                'pump':   8'873    1'997

Improving bounds shared    Num  Sym
                  'core':    1    0
            'default_lp':   45    0
                 'no_lp':   13    7
         'quick_restart':   52    7

Clauses shared          Num
             'core':     41
       'default_lp':    105
  'fs_random_no_lp':    230
       'max_lp_sym':     17
            'no_lp':    363
    'quick_restart':  4'977
    'reduced_costs':     17

CpSolverResponse summary:
status: FEASIBLE
objective: 284
best_bound: 287
integers: 380
booleans: 2215
conflicts: 98
branches: 13389
propagations: 1558966
integer_propagations: 136439
restarts: 7989
lp_iterations: 0
walltime: 3600.04
usertime: 3600.04
deterministic_time: 17942.2
gap_integral: 19849.6
solution_fingerprint: 0xe21df43d509cdb08

Starting cp_sat_caseB_v1_1.py N=18, maximize_spread=False, enforce_balance=True
Solver status: FEASIBLE, elapsed 3600.05s
Round 1:
  Group 1 (size 3): [16, 17, 18]
  Group 2 (size 3): [13, 14, 15]
  Group 3 (size 4): [9, 10, 11, 12]
  Group 4 (size 4): [5, 6, 7, 8]
  Group 5 (size 4): [1, 2, 3, 4]
Round 2:
  Group 1 (size 3): [12, 15, 17]
  Group 2 (size 3): [4, 8, 18]
  Group 3 (size 4): [3, 7, 11, 14]
  Group 4 (size 4): [2, 6, 10, 16]
  Group 5 (size 4): [1, 5, 9, 13]
Round 3:
  Group 1 (size 3): [8, 10, 13]
  Group 2 (size 3): [1, 6, 11]
  Group 3 (size 4): [2, 5, 14, 17]
  Group 4 (size 4): [3, 9, 15, 18]
  Group 5 (size 4): [4, 7, 12, 16]
Round 4:
  Group 1 (size 3): [2, 7, 9]
  Group 2 (size 3): [3, 5, 10]
  Group 3 (size 4): [1, 8, 15, 16]
  Group 4 (size 4): [4, 11, 13, 17]
  Group 5 (size 4): [6, 12, 14, 18]
Saved solution CSV to /Users/jgojnich/enhanced-social-golfer-problem/runs/n18_20261001_204146/fair/solution_n18_sol.csv
