START RETAINED TRACE 0

Starting CP-SAT solver v9.14.6206
Parameters: random_seed: 73 max_time_in_seconds: 1200 log_search_progress: true num_search_workers: 8 cp_model_probing_level: 1

Initial satisfaction model '': (model_fingerprint: 0xb12e0bb2347d734d)
#Variables: 3'565 (3'303 primary variables)
  - 3'528 Booleans in [0,1]
  - 19 in [0,4]
  - 18 in [0,12]
#kBoolAnd: 3'060 (#enforced: 3'060) (#literals: 9'180)
#kBoolOr: 3'060 (#enforced: 3'060) (#literals: 6'120)
#kLinMax: 1 (#expressions: 18)
#kLinear1: 288
#kLinear2: 378
#kLinearN: 373 (#terms: 4'608)

Starting presolve at 0.00s
  2.33e-04s  0.00e+00d  [DetectDominanceRelations] 
  1.70e-03s  0.00e+00d  [PresolveToFixPoint] #num_loops=2 #num_dual_strengthening=1 
  1.50e-05s  0.00e+00d  [ExtractEncodingFromLinear] #potential_supersets=147 
  3.20e-05s  0.00e+00d  [DetectDuplicateColumns] 
  4.10e-05s  0.00e+00d  [DetectDuplicateConstraints] 
[Symmetry] Graph for symmetry has 7'480 nodes and 12'936 arcs.
[Symmetry] Symmetry computation done. time: 0.004451 dtime: 0.015123
[Symmetry] #generators: 4, average support size: 1254.5
[Symmetry] 48 orbits on 1320 variables with sizes: 48,48,48,48,48,48,48,48,48,48,...
[Symmetry] Num fixable by binary propagation in orbit: 3 / 48
[Symmetry] Num fixable by intersecting at_most_one with orbits: 7 largest_orbit: 48
[SAT presolve] num removable Booleans: 0 / 1320
[SAT presolve] num trivial clauses: 0
[SAT presolve] [0s] clauses:3822 literals:8741 vars:1277 one_side_vars:0 simple_definition:1096 singleton_clauses:0
[SAT presolve] [9.6e-05s] clauses:3822 literals:8741 vars:1277 one_side_vars:0 simple_definition:1096 singleton_clauses:0
[SAT presolve] [0.000135s] clauses:3822 literals:8741 vars:1277 one_side_vars:0 simple_definition:1096 singleton_clauses:0
  2.60e-05s  0.00e+00d  [DetectDuplicateConstraintsWithDifferentEnforcements] 
  5.40e-03s  2.88e-02d  [Probe] #probed=2'602 #fixed_bools=17 #new_binary_clauses=210 
  2.10e-03s  1.23e-02d  [MaxClique] Merged 2'830(6'500 literals) into 1'077(4'537 literals) at_most_ones. 
  2.13e-04s  0.00e+00d  [DetectDominanceRelations] 
  6.04e-04s  0.00e+00d  [PresolveToFixPoint] #num_loops=1 #num_dual_strengthening=1 
  1.23e-04s  0.00e+00d  [ProcessAtMostOneAndLinear] 
  3.40e-05s  0.00e+00d  [DetectDuplicateConstraints] 
  3.30e-05s  0.00e+00d  [DetectDuplicateConstraintsWithDifferentEnforcements] 
  1.70e-05s  1.12e-06d  [DetectDominatedLinearConstraints] #relevant_constraints=42 
  1.20e-05s  0.00e+00d  [DetectDifferentVariables] 
  2.41e-04s  2.79e-05d  [ProcessSetPPC] #relevant_constraints=2'190 #num_inclusions=208 
  1.50e-05s  0.00e+00d  [FindAlmostIdenticalLinearConstraints] 
  2.29e-04s  2.99e-04d  [FindBigAtMostOneAndLinearOverlap] 
  4.70e-05s  6.51e-05d  [FindBigVerticalLinearOverlap] 
  1.00e-05s  1.50e-06d  [FindBigHorizontalLinearOverlap] #linears=24 
  1.09e-04s  1.61e-05d  [MergeClauses] 
  2.17e-04s  0.00e+00d  [DetectDominanceRelations] 
  5.85e-04s  0.00e+00d  [PresolveToFixPoint] #num_loops=1 #num_dual_strengthening=1 
  2.01e-04s  0.00e+00d  [DetectDominanceRelations] 
  5.47e-04s  0.00e+00d  [PresolveToFixPoint] #num_loops=1 #num_dual_strengthening=1 
  5.30e-05s  0.00e+00d  [DetectDuplicateColumns] 
  3.30e-05s  0.00e+00d  [DetectDuplicateConstraints] 
[Symmetry] Graph for symmetry has 6'098 nodes and 8'688 arcs.
[Symmetry] Symmetry computation done. time: 0.00055 dtime: 0.002034
[SAT presolve] num removable Booleans: 0 / 1296
[SAT presolve] num trivial clauses: 0
[SAT presolve] [0s] clauses:1187 literals:3448 vars:1254 one_side_vars:1110 simple_definition:144 singleton_clauses:0
[SAT presolve] [2.5e-05s] clauses:1187 literals:3448 vars:1254 one_side_vars:1110 simple_definition:144 singleton_clauses:0
[SAT presolve] [6.1e-05s] clauses:1187 literals:3448 vars:1254 one_side_vars:1110 simple_definition:144 singleton_clauses:0
  3.50e-05s  0.00e+00d  [DetectDuplicateConstraintsWithDifferentEnforcements] 
  5.40e-03s  2.89e-02d  [Probe] #probed=2'592 #new_binary_clauses=87 
  2.24e-03s  1.37e-02d  [MaxClique] Merged 1'037(4'427 literals) into 1'013(4'388 literals) at_most_ones. 
  1.66e-04s  0.00e+00d  [DetectDominanceRelations] 
  5.53e-04s  0.00e+00d  [PresolveToFixPoint] #num_loops=1 #num_dual_strengthening=1 
  1.19e-04s  0.00e+00d  [ProcessAtMostOneAndLinear] 
  3.50e-05s  0.00e+00d  [DetectDuplicateConstraints] 
  3.40e-05s  0.00e+00d  [DetectDuplicateConstraintsWithDifferentEnforcements] 
  1.90e-05s  1.12e-06d  [DetectDominatedLinearConstraints] #relevant_constraints=42 
  1.20e-05s  0.00e+00d  [DetectDifferentVariables] 
  2.31e-04s  2.77e-05d  [ProcessSetPPC] #relevant_constraints=2'177 #num_inclusions=199 
  1.50e-05s  0.00e+00d  [FindAlmostIdenticalLinearConstraints] 
  2.31e-04s  3.03e-04d  [FindBigAtMostOneAndLinearOverlap] 
  4.70e-05s  6.49e-05d  [FindBigVerticalLinearOverlap] 
  1.10e-05s  1.50e-06d  [FindBigHorizontalLinearOverlap] #linears=24 
  1.08e-04s  1.61e-05d  [MergeClauses] 
  1.65e-04s  0.00e+00d  [DetectDominanceRelations] 
  5.27e-04s  0.00e+00d  [PresolveToFixPoint] #num_loops=1 #num_dual_strengthening=1 
  1.60e-04s  0.00e+00d  [DetectDominanceRelations] 
  5.01e-04s  0.00e+00d  [PresolveToFixPoint] #num_loops=1 #num_dual_strengthening=1 
  5.40e-05s  0.00e+00d  [DetectDuplicateColumns] 
  3.40e-05s  0.00e+00d  [DetectDuplicateConstraints] 
[Symmetry] Graph for symmetry has 6'079 nodes and 8'637 arcs.
[Symmetry] Symmetry computation done. time: 0.000502 dtime: 0.00204266
[SAT presolve] num removable Booleans: 0 / 1296
[SAT presolve] num trivial clauses: 0
[SAT presolve] [0s] clauses:1170 literals:3414 vars:1254 one_side_vars:1110 simple_definition:144 singleton_clauses:0
[SAT presolve] [2.4e-05s] clauses:1170 literals:3414 vars:1254 one_side_vars:1110 simple_definition:144 singleton_clauses:0
[SAT presolve] [5.8e-05s] clauses:1170 literals:3414 vars:1254 one_side_vars:1110 simple_definition:144 singleton_clauses:0
  3.60e-05s  0.00e+00d  [DetectDuplicateConstraintsWithDifferentEnforcements] 
  5.56e-03s  2.89e-02d  [Probe] #probed=2'592 #new_binary_clauses=87 
  2.14e-03s  1.37e-02d  [MaxClique] 
  1.72e-04s  0.00e+00d  [DetectDominanceRelations] 
  5.59e-04s  0.00e+00d  [PresolveToFixPoint] #num_loops=1 #num_dual_strengthening=1 
  1.23e-04s  0.00e+00d  [ProcessAtMostOneAndLinear] 
  3.60e-05s  0.00e+00d  [DetectDuplicateConstraints] 
  3.60e-05s  0.00e+00d  [DetectDuplicateConstraintsWithDifferentEnforcements] 
  2.00e-05s  1.12e-06d  [DetectDominatedLinearConstraints] #relevant_constraints=42 
  1.60e-05s  0.00e+00d  [DetectDifferentVariables] 
  2.37e-04s  2.77e-05d  [ProcessSetPPC] #relevant_constraints=2'177 #num_inclusions=199 
  1.80e-05s  0.00e+00d  [FindAlmostIdenticalLinearConstraints] 
  2.38e-04s  2.93e-04d  [FindBigAtMostOneAndLinearOverlap] 
  4.90e-05s  6.49e-05d  [FindBigVerticalLinearOverlap] 
  1.40e-05s  1.50e-06d  [FindBigHorizontalLinearOverlap] #linears=24 
  1.11e-04s  1.61e-05d  [MergeClauses] 
  1.73e-04s  0.00e+00d  [DetectDominanceRelations] 
  5.38e-04s  0.00e+00d  [PresolveToFixPoint] #num_loops=1 #num_dual_strengthening=1 

Presolve summary:
  - 36 affine relations were detected.
  - rule 'TODO dual: only one blocking constraint?' was applied 9'412 times.
  - rule 'TODO linear2: contains a Boolean.' was applied 216 times.
  - rule 'affine: new relation' was applied 36 times.
  - rule 'at_most_one: removed literals' was applied 63 times.
  - rule 'at_most_one: size one' was applied 51 times.
  - rule 'at_most_one: transformed into max clique.' was applied 2 times.
  - rule 'bool_and: always false' was applied 1'482 times.
  - rule 'bool_or: always true' was applied 1'482 times.
  - rule 'bool_or: implications' was applied 605 times.
  - rule 'bool_or: only one literal' was applied 1'530 times.
  - rule 'enforcement: false literal' was applied 480 times.
  - rule 'lin_max: target domain reduced' was applied 1 time.
  - rule 'lin_max: unused affine target' was applied 1 time.
  - rule 'linear1: x in domain' was applied 216 times.
  - rule 'linear: always true' was applied 388 times.
  - rule 'linear: empty' was applied 66 times.
  - rule 'linear: fixed or dup variables' was applied 481 times.
  - rule 'linear: negative clause' was applied 108 times.
  - rule 'linear: positive at most one' was applied 105 times.
  - rule 'linear: positive clause' was applied 54 times.
  - rule 'linear: positive equal one' was applied 42 times.
  - rule 'linear: reduced variable domains' was applied 84 times.
  - rule 'linear: remapped using affine relations' was applied 55 times.
  - rule 'new_bool: var with 2 values' was applied 18 times.
  - rule 'presolve: 2250 unused variables removed.' was applied 1 time.
  - rule 'presolve: iteration' was applied 3 times.
  - rule 'probing: bool_or reduced to implication' was applied 7 times.
  - rule 'setppc: bool_or in at_most_one.' was applied 6 times.
  - rule 'symmetry: added orbit symmetry breaking implications' was applied 1 time.
  - rule 'symmetry: fixed to false in general orbit' was applied 7 times.
  - rule 'variables with 2 values: create encoding literal' was applied 18 times.
  - rule 'variables with 2 values: new affine relation' was applied 18 times.

Presolved satisfaction model '': (model_fingerprint: 0xd1de9474483e18ee)
#Variables: 1'296 (1'227 primary variables)
  - 1'296 Booleans in [0,1]
#kAtMostOne: 917 (#literals: 4'196)
#kBoolAnd: 48 (#enforced: 48) (#literals: 144)
#kBoolOr: 1'074 (#literals: 3'222)
#kExactlyOne: 48 (#literals: 240)
#kLinearN: 42 (#terms: 372)
[Symmetry] Graph for symmetry has 3'792 nodes and 8'637 arcs.
[Symmetry] Symmetry computation done. time: 0.00048 dtime: 0.00190544

Preloading model.
#Model   0.05s var:1296/1296 constraints:2129/2129

Starting search at 0.05s with 8 workers.
6 full problem subsolvers: [default_lp, max_lp, no_lp, probing, quick_restart, quick_restart_no_lp]
2 first solution subsolvers: [fj, fs_random_no_lp]
2 interleaved subsolvers: [feasibility_pump, rins/rens]
2 helper subsolvers: [neighborhood_helper, synchronization_agent]

#Model   0.20s var:1295/1296 constraints:2129/2129
#Model   0.88s var:1294/1296 constraints:2129/2129
#Model   1.80s var:1268/1296 constraints:2102/2129
#Model   3.31s var:1267/1296 constraints:2102/2129
#Model   3.64s var:1257/1296 constraints:2088/2129
#Model   7.03s var:1256/1296 constraints:2088/2129
#Model   7.49s var:1254/1296 constraints:2088/2129
#Model  10.12s var:1253/1296 constraints:2088/2129
#Model  10.83s var:1240/1296 constraints:2072/2129
#Model  12.83s var:1239/1296 constraints:2072/2129
#Model  14.19s var:1192/1296 constraints:2010/2129
#Model  14.25s var:1191/1296 constraints:2010/2129
#Model  14.83s var:1190/1296 constraints:2010/2129
#Model  15.31s var:1178/1296 constraints:1995/2129
#Model  15.94s var:1177/1296 constraints:1995/2129
#Model  16.85s var:1175/1296 constraints:1995/2129
#Model  17.02s var:1158/1296 constraints:1982/2129
#Model  17.03s var:1131/1296 constraints:1966/2129
#Model  17.07s var:1006/1296 constraints:1812/2129
#Model  17.12s var:991/1296 constraints:1786/2129
#Done   17.20s fs_random_no_lp

Task timing                      n [     min,      max]      avg      dev     time         n [     min,      max]      avg      dev    dtime
           'default_lp':         1 [  17.15s,   17.15s]   17.15s   0.00ns   17.15s         1 [  27.36s,   27.36s]   27.36s   0.00ns   27.36s
     'feasibility_pump':        89 [  5.70ms, 161.40ms] 100.67ms  29.76ms    8.96s        88 [205.70us,   1.47ms] 354.13us 120.84us  31.16ms
                   'fj':        89 [ 29.18ms,  74.79ms]  51.87ms   8.84ms    4.62s        89 [100.00ms, 100.03ms] 100.01ms   7.59us    8.90s
      'fs_random_no_lp':         1 [  17.15s,   17.15s]   17.15s   0.00ns   17.15s         1 [  58.28s,   58.28s]   58.28s   0.00ns   58.28s
               'max_lp':         1 [  17.16s,   17.16s]   17.16s   0.00ns   17.16s         1 [  36.98s,   36.98s]   36.98s   0.00ns   36.98s
                'no_lp':         1 [  17.15s,   17.15s]   17.15s   0.00ns   17.15s         1 [  59.06s,   59.06s]   59.06s   0.00ns   59.06s
              'probing':         1 [  17.15s,   17.15s]   17.15s   0.00ns   17.15s         1 [  11.40s,   11.40s]   11.40s   0.00ns   11.40s
        'quick_restart':         1 [  17.15s,   17.15s]   17.15s   0.00ns   17.15s         1 [  25.39s,   25.39s]   25.39s   0.00ns   25.39s
  'quick_restart_no_lp':         1 [  17.17s,   17.17s]   17.17s   0.00ns   17.17s         1 [  55.13s,   55.13s]   55.13s   0.00ns   55.13s
            'rins/rens':        89 [ 12.34ms,  62.19ms]  40.00ms  14.13ms    3.56s        89 [112.00us, 100.32ms]  70.82ms  34.10ms    6.30s

Search stats              Bools  Conflicts  Branches  Restarts   BoolPropag  IntegerPropag
           'default_lp':  1'296     79'979   317'362    51'259   38'643'777      2'520'033
      'fs_random_no_lp':  1'296    261'044   581'642    42'371   94'621'959      4'995'143
               'max_lp':  1'296     12'206   391'349   137'585   31'037'913     29'082'433
                'no_lp':  1'296    330'113   711'723    56'130  128'912'761      6'023'635
              'probing':  1'296          0       162       162       11'224          1'107
        'quick_restart':  1'296     36'561   367'760    44'124   23'896'770      2'184'394
  'quick_restart_no_lp':  1'296    136'360   717'748    54'523   58'599'287      4'316'560

SAT stats                 ClassicMinim  LitRemoved  LitLearned  LitForgotten  Subsumed  MClauses  MDecisions  MLitTrue  MSubsumed  MLitRemoved  MReused
           'default_lp':        66'843     762'140   1'794'220     1'267'011       453    37'919     190'041         0      3'128       30'299    2'107
      'fs_random_no_lp':       225'462   3'493'126   5'358'495     4'112'147       882    27'754     249'494         0      6'852      103'083    3'180
               'max_lp':         8'735     100'242     305'829       110'227       199    90'795     294'418         0      1'286       11'809    1'779
                'no_lp':       298'081   3'947'117   6'808'427     5'641'253     1'250    38'606     278'573       159      8'529       94'601    3'136
              'probing':             0           0           0             0         0         0           0         0          0            0        0
        'quick_restart':        25'132     264'728     835'636       412'382       287    29'743     232'277         0      3'518       57'392    2'642
  'quick_restart_no_lp':       106'173   1'438'161   3'344'912     2'450'218       731    26'565     236'070         0      5'611       90'845    2'219

Lp stats            Component  Iterations  AddedCuts  OPTIMAL  DUAL_F.  DUAL_U.
     'default_lp':          1     788'540      1'181   79'225        0    1'197
         'max_lp':          1     179'027      3'732      152   13'367      273
        'probing':          1      10'799     15'009    1'211        0        0
  'quick_restart':          1     798'973      1'628   67'523        0    1'258

Lp dimension            Final dimension of first component
     'default_lp':      172 rows, 270 columns, 919 entries
         'max_lp':  2429 rows, 1296 columns, 33429 entries
        'probing':   1548 rows, 270 columns, 98817 entries
  'quick_restart':     398 rows, 270 columns, 8497 entries

Lp debug            CutPropag  CutEqPropag  Adjust  Overflow      Bad  BadScaling
     'default_lp':          0            0      67         0   36'942           0
         'max_lp':          0           16     241         0   95'006           0
        'probing':          0           41       0         0  623'964           0
  'quick_restart':          0            0     124         0   50'647           0

Lp pool             Constraints  Updates  Simplif  Merged  Shortened  Split  Strenghtened      Cuts/Call
     'default_lp':        1'374      410        0       0          2      0             1    1'181/2'021
         'max_lp':        5'909    2'115        0       0         53      0            17    3'732/5'583
        'probing':        9'202   12'454        0       0         27      0             3  15'009/19'866
  'quick_restart':        1'821      750        0       0         42      0             1    1'628/2'560

Lp Cut           default_lp  quick_restart  probing  max_lp
         CG_FF:          22             79       89       5
          CG_K:           3              4        4       -
         CG_KL:           1              2        2       -
          CG_R:          50            125      451      41
        Clique:           -              -        -     200
      MIR_1_FF:           -              -        -      33
       MIR_1_R:           -              -        1       7
     MIR_1_RLT:           -              -        -     629
      MIR_2_FF:           -              -        -      31
       MIR_2_R:           -              -        -      15
      MIR_3_FF:           -              -        3       6
       MIR_3_K:           -              -        1       -
       MIR_3_R:           -              -        -       4
      MIR_4_FF:           -              -        -       2
       MIR_4_R:           -              -        -       4
      MIR_5_FF:           1              2        1       4
       MIR_5_R:           -              -        -       2
      MIR_6_FF:           1              -        1       1
       MIR_6_R:           -              -        1       2
  ZERO_HALF_FF:         578            664    2'862     812
   ZERO_HALF_K:           -              -        2       2
   ZERO_HALF_R:         525            752   11'591   1'932

LNS stats       Improv/Calls  Closed  Difficulty  TimeLimit
  'rins/rens':         89/89     54%    9.25e-01       0.10

LS stats                                    Batches  Restarts/Perturbs  LinMoves  GenMoves  CompoundMoves  Bactracks  WeightUpdates  ScoreComputed
                             'fj_restart':        2                  2   198'487         0              0          0         52'250          2'559
                    'fj_restart_compound':        6                  5         0   295'308         21'555    136'867          1'204      2'062'742
                'fj_restart_compound_obj':        2                  2         0    97'832          8'165     44'832            397        689'832
            'fj_restart_compound_perturb':        5                  3         0   248'360         15'194    116'578          1'059      1'706'100
        'fj_restart_compound_perturb_obj':        2                  1         0   100'314          5'996     47'158            426        683'850
                       'fj_restart_decay':        7                  2   627'455         0              0          0         19'780         59'572
              'fj_restart_decay_compound':       11                  4         0   631'676        125'165    253'241            560      3'722'574
          'fj_restart_decay_compound_obj':       11                  4         0   625'266        123'556    250'841            567      3'743'757
      'fj_restart_decay_compound_perturb':        6                  3         0   335'500         65'005    135'244            321      2'038'161
  'fj_restart_decay_compound_perturb_obj':        8                  6         0   431'171         92'288    169'423            476      2'740'723
                   'fj_restart_decay_obj':        7                  2   627'302         0              0          0         19'866         61'156
               'fj_restart_decay_perturb':        5                  2   447'955         0              0          0         14'138         44'144
           'fj_restart_decay_perturb_obj':        4                  2   358'129         0              0          0         11'389         34'126
                         'fj_restart_obj':        5                  4   493'127         0              0          0        127'945          5'891
                     'fj_restart_perturb':        2                  2   198'423         0              0          0         50'417          2'511
                 'fj_restart_perturb_obj':        6                  3   595'962         0              0          0        150'337          6'372

Solution repositories    Added  Queried  Synchro
  'feasible solutions':      0        0        0
   'fj solution hints':     39        0       39
        'lp solutions':    168       89      140
                'pump':      0        0

Improving bounds shared    Num  Sym
            'default_lp':   12    0
       'fs_random_no_lp':  251    0
                 'no_lp':  198    0
         'quick_restart':    1    0
   'quick_restart_no_lp':   50    0

Clauses shared              Num
           'default_lp':     47
      'fs_random_no_lp':    420
               'max_lp':     24
                'no_lp':    727
        'quick_restart':    193
  'quick_restart_no_lp':  1'698

CpSolverResponse summary:
status: INFEASIBLE
objective: NA
best_bound: NA
integers: 270
booleans: 1296
conflicts: 261044
branches: 581642
propagations: 94621959
integer_propagations: 4995143
restarts: 42371
lp_iterations: 0
walltime: 17.2142
usertime: 17.2142
deterministic_time: 288.958
gap_integral: 0

RESULT RETAINED {'trace': 0, 'status': 'INFEASIBLE', 'elapsed_seconds': 17.214232000000003, 'finished_at': '2026-10-03T07:21:04.915731+10:00', 'time_limit_seconds': 1200, 'workers': 8, 'seed': 73}
START RETAINED TRACE 1

Starting CP-SAT solver v9.14.6206
Parameters: random_seed: 73 max_time_in_seconds: 1200 log_search_progress: true num_search_workers: 8 cp_model_probing_level: 1

Initial satisfaction model '': (model_fingerprint: 0x506c5256ae72cb7)
#Variables: 3'565 (3'303 primary variables)
  - 3'528 Booleans in [0,1]
  - 19 in [0,4]
  - 18 in [0,12]
#kBoolAnd: 3'060 (#enforced: 3'060) (#literals: 9'180)
#kBoolOr: 3'060 (#enforced: 3'060) (#literals: 6'120)
#kLinMax: 1 (#expressions: 18)
#kLinear1: 288
#kLinear2: 378
#kLinearN: 373 (#terms: 4'608)

Starting presolve at 0.00s
  2.57e-04s  0.00e+00d  [DetectDominanceRelations] 
  1.85e-03s  0.00e+00d  [PresolveToFixPoint] #num_loops=2 #num_dual_strengthening=1 
  1.50e-05s  0.00e+00d  [ExtractEncodingFromLinear] #potential_supersets=148 
  2.80e-05s  0.00e+00d  [DetectDuplicateColumns] 
  4.70e-05s  0.00e+00d  [DetectDuplicateConstraints] 
[Symmetry] Graph for symmetry has 7'483 nodes and 12'946 arcs.
[Symmetry] Symmetry computation done. time: 0.003539 dtime: 0.00742781
[Symmetry] #generators: 3, average support size: 1276.67
[Symmetry] 199 orbits on 1316 variables with sizes: 8,8,8,8,8,8,8,8,8,8,...
[Symmetry] Num fixable by binary propagation in orbit: 1 / 8
[Symmetry] Num fixable by intersecting at_most_one with orbits: 7 largest_orbit: 8
[SAT presolve] num removable Booleans: 0 / 1321
[SAT presolve] num trivial clauses: 0
[SAT presolve] [0s] clauses:3785 literals:8668 vars:1278 one_side_vars:0 simple_definition:1097 singleton_clauses:0
[SAT presolve] [0.000131s] clauses:3785 literals:8668 vars:1278 one_side_vars:0 simple_definition:1097 singleton_clauses:0
[SAT presolve] [0.000174s] clauses:3785 literals:8668 vars:1278 one_side_vars:0 simple_definition:1097 singleton_clauses:0
  3.00e-05s  0.00e+00d  [DetectDuplicateConstraintsWithDifferentEnforcements] 
  6.00e-03s  2.71e-02d  [Probe] #probed=2'580 #fixed_bools=25 #new_binary_clauses=43 
  2.24e-03s  1.12e-02d  [MaxClique] Merged 2'792(6'424 literals) into 1'086(4'513 literals) at_most_ones. 
  2.48e-04s  0.00e+00d  [DetectDominanceRelations] 
  7.02e-04s  0.00e+00d  [PresolveToFixPoint] #num_loops=1 #num_dual_strengthening=1 
  1.45e-04s  0.00e+00d  [ProcessAtMostOneAndLinear] #num_changes=1 
  3.90e-05s  0.00e+00d  [DetectDuplicateConstraints] 
  3.70e-05s  0.00e+00d  [DetectDuplicateConstraintsWithDifferentEnforcements] 
  2.00e-05s  1.09e-06d  [DetectDominatedLinearConstraints] #relevant_constraints=41 
  1.20e-05s  0.00e+00d  [DetectDifferentVariables] 
  2.78e-04s  2.76e-05d  [ProcessSetPPC] #relevant_constraints=2'186 #num_inclusions=209 
  1.70e-05s  0.00e+00d  [FindAlmostIdenticalLinearConstraints] 
  2.63e-04s  2.93e-04d  [FindBigAtMostOneAndLinearOverlap] 
  5.60e-05s  6.40e-05d  [FindBigVerticalLinearOverlap] 
  1.20e-05s  1.48e-06d  [FindBigHorizontalLinearOverlap] #linears=24 
  1.22e-04s  1.60e-05d  [MergeClauses] 
  2.38e-04s  0.00e+00d  [DetectDominanceRelations] 
  6.49e-04s  0.00e+00d  [PresolveToFixPoint] #num_loops=1 #num_dual_strengthening=1 
  2.33e-04s  0.00e+00d  [DetectDominanceRelations] 
  6.17e-04s  0.00e+00d  [PresolveToFixPoint] #num_loops=1 #num_dual_strengthening=1 
  6.10e-05s  0.00e+00d  [DetectDuplicateColumns] 
  3.60e-05s  0.00e+00d  [DetectDuplicateConstraints] 
[Symmetry] Graph for symmetry has 6'078 nodes and 8'566 arcs.
[Symmetry] Symmetry computation done. time: 0.000599 dtime: 0.00195701
[SAT presolve] num removable Booleans: 0 / 1288
[SAT presolve] num trivial clauses: 0
[SAT presolve] [0s] clauses:1162 literals:3391 vars:1245 one_side_vars:1104 simple_definition:141 singleton_clauses:0
[SAT presolve] [2.7e-05s] clauses:1162 literals:3391 vars:1245 one_side_vars:1104 simple_definition:141 singleton_clauses:0
[SAT presolve] [7e-05s] clauses:1162 literals:3391 vars:1245 one_side_vars:1104 simple_definition:141 singleton_clauses:0
  4.30e-05s  0.00e+00d  [DetectDuplicateConstraintsWithDifferentEnforcements] 
  6.45e-03s  2.77e-02d  [Probe] #probed=2'576 #new_binary_clauses=42 
  2.35e-03s  1.22e-02d  [MaxClique] 
  2.63e-04s  0.00e+00d  [DetectDominanceRelations] 
  7.32e-04s  0.00e+00d  [PresolveToFixPoint] #num_loops=1 #num_dual_strengthening=1 
  1.49e-04s  0.00e+00d  [ProcessAtMostOneAndLinear] 
  4.30e-05s  0.00e+00d  [DetectDuplicateConstraints] 
  4.30e-05s  0.00e+00d  [DetectDuplicateConstraintsWithDifferentEnforcements] 
  2.30e-05s  1.09e-06d  [DetectDominatedLinearConstraints] #relevant_constraints=41 
  1.60e-05s  0.00e+00d  [DetectDifferentVariables] 
  2.91e-04s  2.75e-05d  [ProcessSetPPC] #relevant_constraints=2'179 #num_inclusions=202 
  1.90e-05s  0.00e+00d  [FindAlmostIdenticalLinearConstraints] 
  2.91e-04s  2.97e-04d  [FindBigAtMostOneAndLinearOverlap] 
  5.90e-05s  6.38e-05d  [FindBigVerticalLinearOverlap] 
  1.50e-05s  1.47e-06d  [FindBigHorizontalLinearOverlap] #linears=24 
  1.32e-04s  1.60e-05d  [MergeClauses] 
  2.61e-04s  0.00e+00d  [DetectDominanceRelations] 
  7.02e-04s  0.00e+00d  [PresolveToFixPoint] #num_loops=1 #num_dual_strengthening=1 

Presolve summary:
  - 36 affine relations were detected.
  - rule 'TODO dual: only one blocking constraint?' was applied 6'253 times.
  - rule 'TODO linear2: contains a Boolean.' was applied 220 times.
  - rule 'affine: new relation' was applied 36 times.
  - rule 'at_most_one: removed literals' was applied 50 times.
  - rule 'at_most_one: satisfied' was applied 22 times.
  - rule 'at_most_one: size one' was applied 37 times.
  - rule 'at_most_one: transformed into max clique.' was applied 1 time.
  - rule 'bool_and: always false' was applied 1'482 times.
  - rule 'bool_or: always true' was applied 1'504 times.
  - rule 'bool_or: implications' was applied 591 times.
  - rule 'bool_or: only one literal' was applied 1'530 times.
  - rule 'enforcement: false literal' was applied 480 times.
  - rule 'exactly_one: removed literals' was applied 3 times.
  - rule 'lin_max: target domain reduced' was applied 1 time.
  - rule 'lin_max: unused affine target' was applied 1 time.
  - rule 'linear + amo: fixed literal' was applied 1 time.
  - rule 'linear1: x in domain' was applied 216 times.
  - rule 'linear: always true' was applied 386 times.
  - rule 'linear: empty' was applied 65 times.
  - rule 'linear: fixed or dup variables' was applied 481 times.
  - rule 'linear: negative clause' was applied 110 times.
  - rule 'linear: positive at most one' was applied 105 times.
  - rule 'linear: positive clause' was applied 55 times.
  - rule 'linear: positive equal one' was applied 43 times.
  - rule 'linear: reduced variable domains' was applied 83 times.
  - rule 'linear: remapped using affine relations' was applied 55 times.
  - rule 'new_bool: var with 2 values' was applied 18 times.
  - rule 'presolve: 2258 unused variables removed.' was applied 1 time.
  - rule 'presolve: iteration' was applied 2 times.
  - rule 'probing: bool_or reduced to implication' was applied 11 times.
  - rule 'setppc: bool_or in at_most_one.' was applied 8 times.
  - rule 'symmetry: added orbit symmetry breaking implications' was applied 1 time.
  - rule 'symmetry: fixed to false in general orbit' was applied 7 times.
  - rule 'variables with 2 values: create encoding literal' was applied 18 times.
  - rule 'variables with 2 values: new affine relation' was applied 18 times.

Presolved satisfaction model '': (model_fingerprint: 0x1e7242c3d7808efc)
#Variables: 1'288 (1'218 primary variables)
  - 1'288 Booleans in [0,1]
#kAtMostOne: 925 (#literals: 4'153)
#kBoolAnd: 48 (#enforced: 48) (#literals: 143)
#kBoolOr: 1'067 (#literals: 3'201)
#kExactlyOne: 51 (#literals: 249)
#kLinearN: 41 (#terms: 362)
[Symmetry] Graph for symmetry has 3'783 nodes and 8'566 arcs.
[Symmetry] Symmetry computation done. time: 0.000539 dtime: 0.00180914

Preloading model.
#Model   0.04s var:1288/1288 constraints:2132/2132

Starting search at 0.04s with 8 workers.
6 full problem subsolvers: [default_lp, max_lp, no_lp, probing, quick_restart, quick_restart_no_lp]
2 first solution subsolvers: [fj, fs_random_no_lp]
2 interleaved subsolvers: [feasibility_pump, rins/rens]
2 helper subsolvers: [neighborhood_helper, synchronization_agent]

#Model   0.10s var:1245/1288 constraints:2081/2132
#Model   0.13s var:1231/1288 constraints:2064/2132
#Model   1.98s var:1215/1288 constraints:2046/2132
#Model   2.19s var:1214/1288 constraints:2046/2132
#Model   2.66s var:1213/1288 constraints:2046/2132
#Model   2.75s var:1212/1288 constraints:2046/2132
#Model   3.38s var:1211/1288 constraints:2046/2132
#Model   3.52s var:1210/1288 constraints:2046/2132
#Model   4.50s var:1209/1288 constraints:2046/2132
#Model   5.49s var:1197/1288 constraints:2031/2132
#Model   5.95s var:1136/1288 constraints:1955/2132
#Done    6.03s no_lp

Task timing                      n [     min,      max]      avg      dev     time         n [     min,      max]      avg      dev    dtime
           'default_lp':         1 [   6.00s,    6.00s]    6.00s   0.00ns    6.00s         1 [   8.17s,    8.17s]    8.17s   0.00ns    8.17s
     'feasibility_pump':        38 [  4.67ms, 123.57ms]  75.56ms  22.38ms    2.87s        37 [300.19us,   1.98ms] 398.50us 263.13us  14.74ms
                   'fj':        37 [ 34.58ms,  61.35ms]  48.47ms   8.15ms    1.79s        37 [100.00ms, 100.02ms] 100.01ms   7.69us    3.70s
      'fs_random_no_lp':         1 [   6.00s,    6.00s]    6.00s   0.00ns    6.00s         1 [  19.03s,   19.03s]   19.03s   0.00ns   19.03s
               'max_lp':         1 [   6.00s,    6.00s]    6.00s   0.00ns    6.00s         1 [   9.84s,    9.84s]    9.84s   0.00ns    9.84s
                'no_lp':         1 [   6.00s,    6.00s]    6.00s   0.00ns    6.00s         1 [  18.96s,   18.96s]   18.96s   0.00ns   18.96s
              'probing':         1 [   6.00s,    6.00s]    6.00s   0.00ns    6.00s         1 [   4.04s,    4.04s]    4.04s   0.00ns    4.04s
        'quick_restart':         1 [   6.00s,    6.00s]    6.00s   0.00ns    6.00s         1 [   8.12s,    8.12s]    8.12s   0.00ns    8.12s
  'quick_restart_no_lp':         1 [   6.00s,    6.00s]    6.00s   0.00ns    6.00s         1 [  18.79s,   18.79s]   18.79s   0.00ns   18.79s
            'rins/rens':        38 [  4.86ms,  58.31ms]  34.84ms  18.30ms    1.32s        38 [  9.63us, 100.18ms]  57.70ms  41.14ms    2.19s

Search stats              Bools  Conflicts  Branches  Restarts  BoolPropag  IntegerPropag
           'default_lp':  1'288     25'673   122'086    25'670  13'618'317      1'005'446
      'fs_random_no_lp':  1'288     96'629   256'230    24'112  37'486'031      2'230'992
               'max_lp':  1'288      1'984   110'338    48'870   9'520'092      9'294'816
                'no_lp':  1'288    117'612   274'895    26'584  46'293'257      2'618'234
              'probing':  1'288          0        82        82       4'919            514
        'quick_restart':  1'288     12'804   180'919    28'508  11'267'113      1'103'524
  'quick_restart_no_lp':  1'288     60'737   322'544    28'300  27'779'624      2'010'240

SAT stats                 ClassicMinim  LitRemoved  LitLearned  LitForgotten  Subsumed  MClauses  MDecisions  MLitTrue  MSubsumed  MLitRemoved  MReused
           'default_lp':        20'019     218'193     540'815       258'822       199    18'069      74'456         0        977        9'505      833
      'fs_random_no_lp':        81'691   1'140'955   1'857'758     1'170'320       463    16'858     130'769         0      3'538       52'823    1'677
               'max_lp':         1'277      13'485      46'145             0        38    30'029      75'629         0        197        1'676      238
                'no_lp':       103'708   1'511'324   2'162'041     1'500'126       635    18'622     118'101         0      3'434       40'410    1'171
              'probing':             0           0           0             0         0         0           0         0          0            0        0
        'quick_restart':         8'322      74'644     269'570        88'382       106    20'330     132'600         0      1'580       27'282    1'263
  'quick_restart_no_lp':        46'290     536'933   1'287'400       765'328       369    15'838     125'951         0      2'885       46'999    1'353

Lp stats            Component  Iterations  AddedCuts  OPTIMAL  DUAL_F.  DUAL_U.
     'default_lp':          1     278'786        740   26'976        1      946
         'max_lp':          1      42'121      2'703      135    2'517      134
        'probing':          1       4'082      5'754      410        0        0
  'quick_restart':          1     273'054        904   21'186        0      955

Lp dimension            Final dimension of first component
     'default_lp':      172 rows, 268 columns, 919 entries
         'max_lp':  2304 rows, 1288 columns, 53259 entries
        'probing':  1752 rows, 268 columns, 113328 entries
  'quick_restart':     311 rows, 268 columns, 6731 entries

Lp debug            CutPropag  CutEqPropag  Adjust  Overflow      Bad  BadScaling
     'default_lp':          0            0      62         0   26'011           0
         'max_lp':          0            0     110         0   58'262           0
        'probing':          0           15       0         0  218'888           0
  'quick_restart':          0            0     119         0   33'441           0

Lp pool             Constraints  Updates  Simplif  Merged  Shortened  Split  Strenghtened    Cuts/Call
     'default_lp':          939      402        0       0          0      0             2    740/1'192
         'max_lp':        4'882    1'400        0       0          4      0            13  2'703/3'623
        'probing':        5'953    4'203        0       0          2      0             1  5'754/7'524
  'quick_restart':        1'103      505        0       0          3      0             0    904/1'335

Lp Cut           default_lp  max_lp  quick_restart  probing
         CG_FF:          39       6             23       24
          CG_K:           7       1              7        -
          CG_R:          60       9             66      129
        Clique:           -     107              -        -
      MIR_1_FF:           -      44              -        -
       MIR_1_R:           -       5              -        -
     MIR_1_RLT:           -     352              -        -
      MIR_2_FF:           -      26              -        -
       MIR_2_R:           -      10              -        -
      MIR_3_FF:           -       8              -        -
       MIR_3_R:           -       5              -        -
      MIR_4_FF:           1       8              -        -
       MIR_4_K:           -       1              -        -
      MIR_5_FF:           1       2              -        -
       MIR_5_R:           -       3              -        -
      MIR_6_FF:           -       1              -        -
       MIR_6_R:           -       1              -        -
  ZERO_HALF_FF:         281     340            279      988
   ZERO_HALF_K:           -       8              -        -
   ZERO_HALF_R:         351   1'766            529    4'613

LNS stats       Improv/Calls  Closed  Difficulty  TimeLimit
  'rins/rens':         38/38     63%    9.57e-01       0.10

LS stats                                    Batches  Restarts/Perturbs  LinMoves  GenMoves  CompoundMoves  Bactracks  WeightUpdates  ScoreComputed
                             'fj_restart':        3                  2   302'229         0              0          0         71'005          3'358
                    'fj_restart_compound':        4                  3         0   201'559         13'403     94'060            822      1'359'082
                'fj_restart_compound_obj':        2                  2         0    98'738          8'514     45'107            358        687'857
            'fj_restart_compound_perturb':        1                  1         0    49'141          4'173     22'478            187        341'848
        'fj_restart_compound_perturb_obj':        1                  1         0    50'138          3'529     23'302            195        338'823
                       'fj_restart_decay':        5                  2   451'521         0              0          0         14'051         43'231
              'fj_restart_decay_compound':        2                  1         0   113'373         21'444     45'955            102        680'262
  'fj_restart_decay_compound_perturb_obj':        2                  2         0   106'007         23'168     41'414            130        687'899
                   'fj_restart_decay_obj':        2                  2   181'106         0              0          0          5'634         17'189
               'fj_restart_decay_perturb':        4                  2   361'464         0              0          0         11'222         34'002
           'fj_restart_decay_perturb_obj':        1                  1    90'374         0              0          0          2'786          8'585
                     'fj_restart_perturb':        2                  1   202'134         0              0          0         47'971          2'174
                 'fj_restart_perturb_obj':        8                  4   802'029         0              0          0        198'695          8'247

Solution repositories    Added  Queried  Synchro
  'feasible solutions':      0        0        0
   'fj solution hints':     16        0       16
        'lp solutions':     29       38       29
                'pump':      0        0

Improving bounds shared    Num  Sym
       'fs_random_no_lp':   35    0
                'max_lp':    1    0
                 'no_lp':  763    0
   'quick_restart_no_lp':   63    0

Clauses shared            Num
           'default_lp':   39
      'fs_random_no_lp':  327
               'max_lp':   18
                'no_lp':  259
        'quick_restart':  134
  'quick_restart_no_lp':  862

CpSolverResponse summary:
status: INFEASIBLE
objective: NA
best_bound: NA
integers: 268
booleans: 1288
conflicts: 117612
branches: 274895
propagations: 46293257
integer_propagations: 2618234
restarts: 26584
lp_iterations: 0
walltime: 6.04056
usertime: 6.04056
deterministic_time: 92.9221
gap_integral: 0

RESULT RETAINED {'trace': 1, 'status': 'INFEASIBLE', 'elapsed_seconds': 6.040562, 'finished_at': '2026-10-03T07:21:11.019316+10:00', 'time_limit_seconds': 1200, 'workers': 8, 'seed': 73}
