
Starting CP-SAT solver v9.14.6206
Parameters: random_seed: 73 max_time_in_seconds: 600 log_search_progress: true num_search_workers: 8 cp_model_probing_level: 1

Initial satisfaction model '': (model_fingerprint: 0xc78203d1eea918ca)
#Variables: 4'047 (3'841 primary variables)
  - 3'914 Booleans in [0,1]
  - 95 in [0,3]
  - 19 in [0,4]
  - 19 in [0,16]
#kBoolAnd: 3'420 (#enforced: 3'420) (#literals: 10'260)
#kBoolOr: 3'420 (#enforced: 3'420) (#literals: 6'840)
#kLinear1: 114
#kLinear2: 399
#kLinearN: 499 (#terms: 5'795)

Starting presolve at 0.00s
The solution hint is incomplete: 380 out of 4047 non fixed variables hinted.
  2.67e-04s  0.00e+00d  [DetectDominanceRelations] 
  2.71e-03s  0.00e+00d  [PresolveToFixPoint] #num_loops=2 #num_dual_strengthening=1 
  4.20e-05s  0.00e+00d  [ExtractEncodingFromLinear] #potential_supersets=217 #potential_subsets=60 
  5.00e-05s  0.00e+00d  [DetectDuplicateColumns] 
  7.50e-05s  0.00e+00d  [DetectDuplicateConstraints] 
[Symmetry] Graph for symmetry has 11'325 nodes and 23'918 arcs.
[Symmetry] Symmetry computation done. time: 0.021393 dtime: 0.0783667
[Symmetry] #generators: 15, average support size: 894.4
[Symmetry] 18 orbits on 2466 variables with sizes: 576,576,432,288,144,144,48,48,48,48,...
[Symmetry] Num fixable by binary propagation in orbit: 74 / 576
[Symmetry] Found orbitope of size 240 x 2
[SAT presolve] num removable Booleans: 0 / 2406
[SAT presolve] num trivial clauses: 0
[SAT presolve] [0s] clauses:7101 literals:16296 vars:2294 one_side_vars:0 simple_definition:2017 singleton_clauses:0
[SAT presolve] [0.000184s] clauses:7101 literals:16296 vars:2294 one_side_vars:0 simple_definition:2017 singleton_clauses:0
[SAT presolve] [0.000286s] clauses:7101 literals:16296 vars:2294 one_side_vars:0 simple_definition:2017 singleton_clauses:0
  4.90e-05s  0.00e+00d  [DetectDuplicateConstraintsWithDifferentEnforcements] 
  1.46e-02s  6.49e-02d  [Probe] #probed=4'636 #fixed_bools=16 #new_bounds=60 #new_binary_clauses=120 
  4.93e-03s  2.75e-02d  [MaxClique] Merged 5'227(12'182 literals) into 1'626(8'386 literals) at_most_ones. 
  2.53e-04s  0.00e+00d  [DetectDominanceRelations] 
  1.12e-03s  0.00e+00d  [PresolveToFixPoint] #num_loops=2 #num_dual_strengthening=1 
  2.97e-04s  0.00e+00d  [ProcessAtMostOneAndLinear] #num_changes=3 
  6.50e-05s  0.00e+00d  [DetectDuplicateConstraints] 
  6.10e-05s  0.00e+00d  [DetectDuplicateConstraintsWithDifferentEnforcements] 
  3.30e-05s  3.28e-06d  [DetectDominatedLinearConstraints] #relevant_constraints=116 
  1.80e-05s  0.00e+00d  [DetectDifferentVariables] 
  5.30e-04s  5.06e-05d  [ProcessSetPPC] #relevant_constraints=3'740 #num_inclusions=320 
  2.70e-05s  0.00e+00d  [FindAlmostIdenticalLinearConstraints] 
  4.64e-04s  6.87e-04d  [FindBigAtMostOneAndLinearOverlap] 
  1.14e-04s  1.83e-04d  [FindBigVerticalLinearOverlap] 
  3.40e-05s  6.33e-05d  [FindBigHorizontalLinearOverlap] #linears=113 
  2.03e-04s  3.01e-05d  [MergeClauses] 
  2.50e-04s  0.00e+00d  [DetectDominanceRelations] 
  9.89e-04s  0.00e+00d  [PresolveToFixPoint] #num_loops=1 #num_dual_strengthening=1 
  2.39e-04s  0.00e+00d  [DetectDominanceRelations] 
  9.27e-04s  0.00e+00d  [PresolveToFixPoint] #num_loops=1 #num_dual_strengthening=1 
  9.90e-05s  0.00e+00d  [DetectDuplicateColumns] 
  5.80e-05s  0.00e+00d  [DetectDuplicateConstraints] 
[Symmetry] Graph for symmetry has 8'286 nodes and 16'162 arcs.
[Symmetry] Symmetry computation done. time: 0.007689 dtime: 0.0245573
[Symmetry] #generators: 13, average support size: 664.462
[Symmetry] 171 orbits on 2356 variables with sizes: 64,48,48,48,48,48,48,48,48,48,...
[Symmetry] Num fixable by binary propagation in orbit: 24 / 64
[Symmetry] Found orbitope of size 234 x 2
[SAT presolve] num removable Booleans: 0 / 2313
[SAT presolve] num trivial clauses: 0
[SAT presolve] [0s] clauses:2226 literals:6478 vars:2238 one_side_vars:1946 simple_definition:280 singleton_clauses:0
[SAT presolve] [5.9e-05s] clauses:2226 literals:6478 vars:2238 one_side_vars:1946 simple_definition:280 singleton_clauses:0
[SAT presolve] [0.000131s] clauses:2226 literals:6478 vars:2238 one_side_vars:1946 simple_definition:280 singleton_clauses:0
  6.50e-05s  0.00e+00d  [DetectDuplicateConstraintsWithDifferentEnforcements] 
  1.46e-02s  6.61e-02d  [Probe] #probed=4'578 #new_binary_clauses=120 
  3.53e-03s  2.19e-02d  [MaxClique] Merged 1'592(8'200 literals) into 1'536(8'130 literals) at_most_ones. 
  2.55e-04s  0.00e+00d  [DetectDominanceRelations] 
  9.99e-04s  0.00e+00d  [PresolveToFixPoint] #num_loops=1 #num_dual_strengthening=1 
  2.56e-04s  0.00e+00d  [ProcessAtMostOneAndLinear] 
  6.00e-05s  0.00e+00d  [DetectDuplicateConstraints] 
  6.20e-05s  0.00e+00d  [DetectDuplicateConstraintsWithDifferentEnforcements] 
  3.40e-05s  3.16e-06d  [DetectDominatedLinearConstraints] #relevant_constraints=113 
  2.00e-05s  0.00e+00d  [DetectDifferentVariables] 
  4.68e-04s  4.92e-05d  [ProcessSetPPC] #relevant_constraints=3'680 #num_inclusions=281 
  2.80e-05s  0.00e+00d  [FindAlmostIdenticalLinearConstraints] 
  4.48e-04s  6.78e-04d  [FindBigAtMostOneAndLinearOverlap] 
  1.12e-04s  1.81e-04d  [FindBigVerticalLinearOverlap] 
  3.50e-05s  6.33e-05d  [FindBigHorizontalLinearOverlap] #linears=113 
  1.95e-04s  2.98e-05d  [MergeClauses] 
  2.48e-04s  0.00e+00d  [DetectDominanceRelations] 
  9.62e-04s  0.00e+00d  [PresolveToFixPoint] #num_loops=1 #num_dual_strengthening=1 
  2.40e-04s  0.00e+00d  [DetectDominanceRelations] 
  9.13e-04s  0.00e+00d  [PresolveToFixPoint] #num_loops=1 #num_dual_strengthening=1 
  1.01e-04s  0.00e+00d  [DetectDuplicateColumns] 
  6.10e-05s  0.00e+00d  [DetectDuplicateConstraints] 
[Symmetry] Graph for symmetry has 8'262 nodes and 16'047 arcs.
[Symmetry] Symmetry computation done. time: 0.002872 dtime: 0.00912061
[Symmetry] #generators: 7, average support size: 446.571
[Symmetry] 547 orbits on 1880 variables with sizes: 9,9,9,9,9,9,9,9,9,9,...
[Symmetry] Num fixable by binary propagation in orbit: 8 / 9
[Symmetry] Found orbitope of size 209 x 3
[SAT presolve] num removable Booleans: 0 / 2289
[SAT presolve] num trivial clauses: 0
[SAT presolve] [0s] clauses:2167 literals:6352 vars:2230 one_side_vars:1975 simple_definition:242 singleton_clauses:0
[SAT presolve] [4.8e-05s] clauses:2167 literals:6352 vars:2230 one_side_vars:1975 simple_definition:242 singleton_clauses:0
[SAT presolve] [0.000108s] clauses:2167 literals:6352 vars:2230 one_side_vars:1975 simple_definition:242 singleton_clauses:0
  7.10e-05s  0.00e+00d  [DetectDuplicateConstraintsWithDifferentEnforcements] 
  1.44e-02s  6.57e-02d  [Probe] #probed=4'562 #new_binary_clauses=120 
  3.61e-03s  2.23e-02d  [MaxClique] Merged 1'536(8'042 literals) into 1'530(8'034 literals) at_most_ones. 
  2.59e-04s  0.00e+00d  [DetectDominanceRelations] 
  1.02e-03s  0.00e+00d  [PresolveToFixPoint] #num_loops=1 #num_dual_strengthening=1 
  2.64e-04s  0.00e+00d  [ProcessAtMostOneAndLinear] 
  6.50e-05s  0.00e+00d  [DetectDuplicateConstraints] 
  6.60e-05s  0.00e+00d  [DetectDuplicateConstraintsWithDifferentEnforcements] 
  3.70e-05s  3.16e-06d  [DetectDominatedLinearConstraints] #relevant_constraints=113 
  2.60e-05s  0.00e+00d  [DetectDifferentVariables] 
  4.62e-04s  4.92e-05d  [ProcessSetPPC] #relevant_constraints=3'674 #num_inclusions=287 
  3.20e-05s  0.00e+00d  [FindAlmostIdenticalLinearConstraints] 
  4.53e-04s  6.78e-04d  [FindBigAtMostOneAndLinearOverlap] 
  1.13e-04s  1.81e-04d  [FindBigVerticalLinearOverlap] 
  3.90e-05s  6.33e-05d  [FindBigHorizontalLinearOverlap] #linears=113 
  2.01e-04s  2.97e-05d  [MergeClauses] 
  2.62e-04s  0.00e+00d  [DetectDominanceRelations] 
  9.66e-04s  0.00e+00d  [PresolveToFixPoint] #num_loops=1 #num_dual_strengthening=1 

Presolve summary:
  - 38 affine relations were detected.
  - rule 'TODO dual: only one blocking constraint?' was applied 17'307 times.
  - rule 'TODO linear2: contains a Boolean.' was applied 456 times.
  - rule 'affine: new relation' was applied 38 times.
  - rule 'at_most_one: empty or all false' was applied 3 times.
  - rule 'at_most_one: removed literals' was applied 251 times.
  - rule 'at_most_one: satisfied' was applied 12 times.
  - rule 'at_most_one: size one' was applied 74 times.
  - rule 'at_most_one: transformed into max clique.' was applied 3 times.
  - rule 'bool_and: always false' was applied 972 times.
  - rule 'bool_or: always true' was applied 993 times.
  - rule 'bool_or: implications' was applied 624 times.
  - rule 'bool_or: only one literal' was applied 999 times.
  - rule 'enforcement: false literal' was applied 405 times.
  - rule 'exactly_one: removed literals' was applied 13 times.
  - rule 'linear + amo: fixed literal' was applied 3 times.
  - rule 'linear1: x in domain' was applied 133 times.
  - rule 'linear: always true' was applied 176 times.
  - rule 'linear: empty' was applied 28 times.
  - rule 'linear: fixed or dup variables' was applied 273 times.
  - rule 'linear: negative clause' was applied 228 times.
  - rule 'linear: positive at most one' was applied 144 times.
  - rule 'linear: positive clause' was applied 76 times.
  - rule 'linear: positive equal one' was applied 73 times.
  - rule 'linear: reduced variable domains' was applied 47 times.
  - rule 'linear: remapped using affine relations' was applied 39 times.
  - rule 'linear: variable substitution 1' was applied 19 times.
  - rule 'new_bool: var with 2 values' was applied 19 times.
  - rule 'presolve: 1668 unused variables removed.' was applied 1 time.
  - rule 'presolve: iteration' was applied 3 times.
  - rule 'probing: bool_or reduced to implication' was applied 12 times.
  - rule 'setppc: bool_or in at_most_one.' was applied 16 times.
  - rule 'setppc: exactly_one included in linear' was applied 9 times.
  - rule 'setppc: reduced linear coefficients' was applied 6 times.
  - rule 'setppc: removed dominated constraints' was applied 16 times.
  - rule 'setppc: removed trivial linear constraint' was applied 3 times.
  - rule 'symmetry: added orbit symmetry breaking implications' was applied 2 times.
  - rule 'symmetry: fixed to false in general orbit' was applied 106 times.
  - rule 'variables with 2 values: create encoding literal' was applied 19 times.
  - rule 'variables with 2 values: new affine relation' was applied 19 times.

Presolved satisfaction model '': (model_fingerprint: 0x1d0ccdcb2f6fd36d)
#Variables: 2'341 (2'186 primary variables)
  - 2'281 Booleans in [0,1]
  - 60 in [0,2]
#kAtMostOne: 1'325 (#literals: 7'600)
#kBoolAnd: 85 (#enforced: 85) (#literals: 290)
#kBoolOr: 1'958 (#literals: 5'934)
#kExactlyOne: 73 (#literals: 336)
#kLinearN: 113 (#terms: 1'010)
[Symmetry] Graph for symmetry has 6'539 nodes and 16'019 arcs.
[Symmetry] Symmetry computation done. time: 0.002116 dtime: 0.00666916
[Symmetry] #generators: 5, average support size: 439.6
[Symmetry] 624 orbits on 1611 variables with sizes: 6,6,6,6,6,6,6,6,6,6,...
[Symmetry] Found orbitope of size 209 x 3

Preloading model.
The solution hint is incomplete: 272 out of 2341 non fixed variables hinted.
#Model   0.12s var:2341/2341 constraints:3554/3554

Starting search at 0.12s with 8 workers.
6 full problem subsolvers: [default_lp, max_lp_sym, no_lp, probing, quick_restart, quick_restart_no_lp]
2 first solution subsolvers: [fj, fs_random_no_lp]
2 interleaved subsolvers: [feasibility_pump, rins/rens]
2 helper subsolvers: [neighborhood_helper, synchronization_agent]

#Model   0.18s var:2340/2341 constraints:3554/3554
#Model   0.24s var:2335/2341 constraints:3554/3554
#Model   0.30s var:2318/2341 constraints:3534/3554
#Model   0.39s var:2190/2341 constraints:3384/3554
#Model   0.47s var:2189/2341 constraints:3384/3554
#Model   0.58s var:2178/2341 constraints:3365/3554
#Model  26.39s var:2177/2341 constraints:3365/3554
#Model  27.59s var:2176/2341 constraints:3365/3554
#Model  28.41s var:2175/2341 constraints:3365/3554

Task timing                      n [     min,      max]      avg      dev     time         n [     min,      max]      avg      dev    dtime
           'default_lp':         1 [  10.00m,   10.00m]   10.00m   0.00ns   10.00m         1 [   9.30m,    9.30m]    9.30m   0.00ns    9.30m
     'feasibility_pump':      2678 [  4.00us, 648.99ms]  99.79ms 164.92ms    4.45m       752 [  3.55ms,   7.80ms]   4.19ms 221.23us    3.15s
                   'fj':      2678 [ 47.79ms, 167.71ms]  77.61ms  13.43ms    3.46m      2678 [100.00ms, 100.06ms] 100.01ms  12.69us    4.46m
      'fs_random_no_lp':         1 [  10.00m,   10.00m]   10.00m   0.00ns   10.00m         1 [  20.30m,   20.30m]   20.30m   0.00ns   20.30m
           'max_lp_sym':         1 [  10.00m,   10.00m]   10.00m   0.00ns   10.00m         1 [   8.45m,    8.45m]    8.45m   0.00ns    8.45m
                'no_lp':         1 [  10.00m,   10.00m]   10.00m   0.00ns   10.00m         1 [  19.97m,   19.97m]   19.97m   0.00ns   19.97m
              'probing':         1 [  10.00m,   10.00m]   10.00m   0.00ns   10.00m         1 [   2.55m,    2.55m]    2.55m   0.00ns    2.55m
        'quick_restart':         1 [  10.00m,   10.00m]   10.00m   0.00ns   10.00m         1 [   8.82m,    8.82m]    8.82m   0.00ns    8.82m
  'quick_restart_no_lp':         1 [  10.00m,   10.00m]   10.00m   0.00ns   10.00m         1 [  17.44m,   17.44m]   17.44m   0.00ns   17.44m
            'rins/rens':      2679 [364.00us, 202.22ms]  46.33ms  43.07ms    2.07m      1584 [585.00ns, 100.37ms]  74.31ms  38.84ms    1.96m

Search stats              Bools  Conflicts    Branches  Restarts     BoolPropag  IntegerPropag
           'default_lp':  2'281  1'379'268   5'122'586   714'484    578'761'723     58'102'227
      'fs_random_no_lp':  2'281  3'843'868   6'580'502   374'281  1'271'044'549     94'310'823
           'max_lp_sym':  2'281    643'014   4'261'881   752'006    412'510'611    376'218'169
                'no_lp':  2'281  5'332'185   9'431'228   490'427  1'526'310'262    134'472'227
              'probing':  2'393         66       1'656     1'574        141'908         16'747
        'quick_restart':  2'281    347'759   5'851'244   921'387    374'217'646     40'716'623
  'quick_restart_no_lp':  2'281  1'759'376  12'447'173   888'830    962'695'779     84'373'718

SAT stats                 ClassicMinim  LitRemoved   LitLearned  LitForgotten  Subsumed  MClauses  MDecisions  MLitTrue  MSubsumed  MLitRemoved  MReused
           'default_lp':     1'166'453  25'278'865   42'056'701    39'961'716     3'098   437'472   2'773'141         0     35'704      317'661   49'199
      'fs_random_no_lp':     3'401'778  85'850'305  132'454'752   127'782'267     9'824   138'459   1'435'511         0     31'180      463'171   20'124
           'max_lp_sym':       528'841   9'737'379   17'883'551    16'233'081     2'544   472'944   2'980'600         0     26'781      249'892   62'018
                'no_lp':     4'621'627  98'646'409  172'555'675   168'600'744    13'581   203'470   1'703'836         0     41'861      456'733   24'761
              'probing':             9          49          716             0         0         0           0         0          0            0        0
        'quick_restart':       271'643   4'505'278   12'679'624    11'108'521       911   552'265   3'505'308         0     22'009      239'194   27'380
  'quick_restart_no_lp':     1'457'619  29'627'899   68'230'514    64'689'644     6'551   315'218   2'732'611         0     51'605      614'178   24'273

Lp stats            Component  Iterations  AddedCuts    OPTIMAL  DUAL_F.  DUAL_U.
     'default_lp':          1  13'202'929        756  1'166'669        1   75'950
     'max_lp_sym':          1   7'049'871      5'946     15'892  694'855    2'104
        'probing':          1     100'157    145'507     11'796        0       57
  'quick_restart':          1  14'415'262        662    819'349        1   64'446

Lp dimension            Final dimension of first component
     'default_lp':     218 rows, 443 columns, 1391 entries
     'max_lp_sym':   1332 rows, 1354 columns, 7311 entries
        'probing':  1418 rows, 443 columns, 129240 entries
  'quick_restart':     244 rows, 443 columns, 1456 entries

Lp debug            CutPropag  CutEqPropag  Adjust  Overflow         Bad  BadScaling
     'default_lp':          0           12   4'750         0      26'248           0
     'max_lp_sym':         18            2   1'839         0     168'620           0
        'probing':          0        1'136      54         1  10'879'134           0
  'quick_restart':          0           12  13'434         0      24'672           0

Lp pool             Constraints  Updates  Simplif  Merged  Shortened  Split  Strenghtened        Cuts/Call
     'default_lp':        1'018      395    2'254       0        685    292           293        756/1'410
     'max_lp_sym':        8'273    2'081   11'289       0      1'526  5'137         1'251     5'946/10'010
        'probing':        9'769  139'032    1'217       0      1'188    189           303  145'507/197'202
  'quick_restart':          924      412    1'506       0        467    248             4        662/9'377

Lp Cut           default_lp  max_lp_sym  quick_restart  probing
         CG_FF:         118          80             93    4'075
          CG_K:          67          22             43      244
         CG_KL:           -           1              -       81
          CG_R:         128         218            108   15'478
         CG_RB:           -           8              -        -
        Clique:           -         243              -        -
            IB:           -          22              5        -
      MIR_1_FF:           -          42              -       65
       MIR_1_K:           -           -              -       10
       MIR_1_R:           -           -              -       40
     MIR_1_RLT:           -       1'330              -        -
      MIR_2_FF:           1          40              -       35
       MIR_2_K:           -           -              -       17
       MIR_2_R:           -           8              -       16
      MIR_3_FF:           1          19              1        9
       MIR_3_K:           -           -              -        4
       MIR_3_R:           -           5              -        7
      MIR_4_FF:           1           5              -       13
       MIR_4_K:           -           -              -        5
       MIR_4_R:           -           5              -       10
      MIR_5_FF:           2           9              2        6
       MIR_5_K:           -           -              -        3
       MIR_5_R:           1           2              -        5
      MIR_6_FF:           1           8              -       10
       MIR_6_K:           -           -              -        5
       MIR_6_R:           -           3              1        7
  ZERO_HALF_FF:         276       1'183            283   35'114
   ZERO_HALF_K:           5          40              5       86
   ZERO_HALF_R:         155       2'653            121   90'162

LNS stats       Improv/Calls  Closed  Difficulty  TimeLimit
  'rins/rens':     2041/2041     50%    8.91e-01       0.10

LS stats                                    Batches  Restarts/Perturbs    LinMoves    GenMoves  CompoundMoves  Bactracks  WeightUpdates  ScoreComputed
                             'fj_restart':      251                 54  19'822'147           0              0          0      3'236'065      1'473'312
                    'fj_restart_compound':      117                 41           0   4'538'882        346'660  2'096'021         13'487     37'393'320
                'fj_restart_compound_obj':      154                 51           0   5'966'255        442'644  2'761'695         18'154     49'258'473
            'fj_restart_compound_perturb':      165                 43           0   6'421'351        384'952  3'018'102         22'302     52'712'212
        'fj_restart_compound_perturb_obj':      164                 48           0   6'401'741        445'786  2'977'859         20'095     52'438'995
                       'fj_restart_decay':      157                 45  11'366'430           0              0          0        260'425      1'739'108
              'fj_restart_decay_compound':      172                 49           0   7'532'442      1'699'754  2'916'168          5'020     54'749'002
          'fj_restart_decay_compound_obj':       90                 37           0   3'781'816        880'236  1'450'588          2'821     28'958'260
      'fj_restart_decay_compound_perturb':      252                 38           0  11'470'624      2'484'764  4'492'819          6'764     79'182'189
  'fj_restart_decay_compound_perturb_obj':      210                 38           0   9'495'797      2'069'441  3'713'007          5'765     66'184'785
                   'fj_restart_decay_obj':      130                 50   9'373'435           0              0          0        215'079      1'981'530
               'fj_restart_decay_perturb':      110                 48   7'954'684           0              0          0        182'282      1'296'589
           'fj_restart_decay_perturb_obj':      274                 38  19'874'260           0              0          0        454'571      2'759'992
                         'fj_restart_obj':      107                 34   8'399'964           0              0          0      1'340'173      1'079'154
                     'fj_restart_perturb':      247                 47  19'552'446           0              0          0      3'127'307        922'613
                 'fj_restart_perturb_obj':       78                 31   6'147'893           0              0          0        967'370        263'091

Solution repositories    Added  Queried  Synchro
  'feasible solutions':      0        0        0
   'fj solution hints':    684        0      684
        'lp solutions':  9'150    2'679    5'783
                'pump':      0        0

Improving bounds shared    Num  Sym
       'fs_random_no_lp':   91    0
            'max_lp_sym':    4    0
                 'no_lp':    2    0
               'probing':   38    0
         'quick_restart':   11    0
   'quick_restart_no_lp':   16    2

Clauses shared              Num
           'default_lp':      5
      'fs_random_no_lp':    166
           'max_lp_sym':      4
                'no_lp':    233
        'quick_restart':    179
  'quick_restart_no_lp':  1'078

CpSolverResponse summary:
status: UNKNOWN
objective: NA
best_bound: NA
integers: 453
booleans: 2281
conflicts: 3843868
branches: 6580502
propagations: 1271044549
integer_propagations: 94310823
restarts: 374281
lp_iterations: 0
walltime: 600.031
usertime: 600.031
deterministic_time: 5598.79
gap_integral: 0

[INFO] Loaded 380 assignment hints from /Users/jgojnich/Projects/enhanced-social-golfer-problem/runs/n19_targets70_69_20261002/hint.csv
[INFO] Loaded 380 assignment hints from /Users/jgojnich/Projects/enhanced-social-golfer-problem/solutions/opt_solution_n19_sol.csv
[INFO] Loaded 380 assignment hints from /Users/jgojnich/Projects/enhanced-social-golfer-problem/runs/n19_targets70_69_20261002/hint.csv
B UNKNOWN None
