
Starting CP-SAT solver v9.14.6206
Parameters: random_seed: 73 max_time_in_seconds: 1000 log_search_progress: true num_search_workers: 8 cp_model_probing_level: 1

Initial optimization model '': (model_fingerprint: 0x9ded65d62f024cf0)
#Variables: 3'564 (#ints: 18 in objective) (3'371 primary variables)
  - 3'528 Booleans in [0,1]
  - 18 in [0,4]
  - 18 in [0,12]
#kBoolAnd: 3'060 (#enforced: 3'060) (#literals: 9'180)
#kBoolOr: 3'060 (#enforced: 3'060) (#literals: 6'120)
#kLinear1: 90
#kLinear2: 378
#kLinearN: 372 (#terms: 4'590)

Starting presolve at 0.00s
The solution hint is incomplete: 282 out of 3564 non fixed variables hinted.
  2.31e-04s  0.00e+00d  [DetectDominanceRelations] 
  2.04e-03s  0.00e+00d  [PresolveToFixPoint] #num_loops=2 #num_dual_strengthening=1 
  5.00e-05s  0.00e+00d  [ExtractEncodingFromLinear] #potential_supersets=183 #potential_subsets=18 
  6.60e-05s  0.00e+00d  [DetectDuplicateColumns] 
  7.20e-05s  0.00e+00d  [DetectDuplicateConstraints] 
[Symmetry] Graph for symmetry has 10'396 nodes and 22'338 arcs.
[Symmetry] Symmetry computation done. time: 0.015528 dtime: 0.0625261
[Symmetry] #generators: 14, average support size: 773.429
[Symmetry] 23 orbits on 2313 variables with sizes: 432,288,288,216,216,216,144,81,72,72,...
[Symmetry] Num fixable by binary propagation in orbit: 53 / 432
[Symmetry] Found orbitope of size 231 x 2
[SAT presolve] num removable Booleans: 0 / 2295
[SAT presolve] num trivial clauses: 0
[SAT presolve] [0s] clauses:6725 literals:15476 vars:2224 one_side_vars:0 simple_definition:1953 singleton_clauses:0
[SAT presolve] [0.000166s] clauses:6725 literals:15476 vars:2224 one_side_vars:0 simple_definition:1953 singleton_clauses:0
[SAT presolve] [0.000254s] clauses:6725 literals:15476 vars:2224 one_side_vars:0 simple_definition:1953 singleton_clauses:0
  7.20e-05s  0.00e+00d  [DetectDuplicateConstraintsWithDifferentEnforcements] 
  1.15e-02s  5.91e-02d  [Probe] #probed=4'484 #new_binary_clauses=349 
  4.07e-03s  2.49e-02d  [MaxClique] Merged 4'900(11'477 literals) into 1'549(7'928 literals) at_most_ones. 
  2.81e-04s  0.00e+00d  [DetectDominanceRelations] 
  9.37e-04s  0.00e+00d  [PresolveToFixPoint] #num_loops=1 #num_dual_strengthening=1 
  2.12e-04s  0.00e+00d  [ProcessAtMostOneAndLinear] 
  6.20e-05s  0.00e+00d  [DetectDuplicateConstraints] 
  6.00e-05s  0.00e+00d  [DetectDuplicateConstraintsWithDifferentEnforcements] 
  3.10e-05s  1.67e-06d  [DetectDominatedLinearConstraints] #relevant_constraints=52 
  1.30e-05s  0.00e+00d  [DetectDifferentVariables] 
  4.32e-04s  4.75e-05d  [ProcessSetPPC] #relevant_constraints=3'609 #num_inclusions=308 
  2.20e-05s  0.00e+00d  [FindAlmostIdenticalLinearConstraints] 
  3.72e-04s  6.21e-04d  [FindBigAtMostOneAndLinearOverlap] 
  7.50e-05s  1.10e-04d  [FindBigVerticalLinearOverlap] 
  1.50e-05s  2.79e-06d  [FindBigHorizontalLinearOverlap] #linears=52 
  2.03e-04s  2.97e-05d  [MergeClauses] 
  2.80e-04s  0.00e+00d  [DetectDominanceRelations] 
  8.55e-04s  0.00e+00d  [PresolveToFixPoint] #num_loops=1 #num_dual_strengthening=1 
  2.75e-04s  0.00e+00d  [DetectDominanceRelations] 
  8.18e-04s  0.00e+00d  [PresolveToFixPoint] #num_loops=1 #num_dual_strengthening=1 
  1.30e-04s  0.00e+00d  [DetectDuplicateColumns] 
  5.80e-05s  0.00e+00d  [DetectDuplicateConstraints] 
[Symmetry] Graph for symmetry has 7'634 nodes and 15'331 arcs.
[Symmetry] Symmetry computation done. time: 0.005247 dtime: 0.0179291
[Symmetry] #generators: 11, average support size: 567.818
[Symmetry] 262 orbits on 2234 variables with sizes: 32,32,32,32,32,24,24,24,24,24,...
[Symmetry] Num fixable by binary propagation in orbit: 16 / 32
[Symmetry] Found orbitope of size 228 x 2
[SAT presolve] num removable Booleans: 0 / 2242
[SAT presolve] num trivial clauses: 0
[SAT presolve] [0s] clauses:2202 literals:6414 vars:2208 one_side_vars:1889 simple_definition:310 singleton_clauses:0
[SAT presolve] [5.4e-05s] clauses:2202 literals:6414 vars:2208 one_side_vars:1889 simple_definition:310 singleton_clauses:0
[SAT presolve] [0.00012s] clauses:2202 literals:6414 vars:2208 one_side_vars:1889 simple_definition:310 singleton_clauses:0
  8.60e-05s  0.00e+00d  [DetectDuplicateConstraintsWithDifferentEnforcements] 
  1.19e-02s  6.07e-02d  [Probe] #probed=4'452 #new_binary_clauses=453 
  3.35e-03s  2.03e-02d  [MaxClique] Merged 1'580(7'937 literals) into 1'551(7'899 literals) at_most_ones. 
  3.14e-04s  0.00e+00d  [DetectDominanceRelations] 
  9.79e-04s  0.00e+00d  [PresolveToFixPoint] #num_loops=1 #num_dual_strengthening=1 
  2.25e-04s  0.00e+00d  [ProcessAtMostOneAndLinear] 
  6.60e-05s  0.00e+00d  [DetectDuplicateConstraints] 
  7.40e-05s  0.00e+00d  [DetectDuplicateConstraintsWithDifferentEnforcements] 
  3.00e-05s  1.67e-06d  [DetectDominatedLinearConstraints] #relevant_constraints=52 
  1.70e-05s  0.00e+00d  [DetectDifferentVariables] 
  4.57e-04s  4.73e-05d  [ProcessSetPPC] #relevant_constraints=3'589 #num_inclusions=311 
  2.30e-05s  0.00e+00d  [FindAlmostIdenticalLinearConstraints] 
  3.94e-04s  6.21e-04d  [FindBigAtMostOneAndLinearOverlap] 
  8.10e-05s  1.10e-04d  [FindBigVerticalLinearOverlap] 
  2.10e-05s  2.79e-06d  [FindBigHorizontalLinearOverlap] #linears=52 
  2.18e-04s  2.94e-05d  [MergeClauses] 
  3.13e-04s  0.00e+00d  [DetectDominanceRelations] 
  9.19e-04s  0.00e+00d  [PresolveToFixPoint] #num_loops=1 #num_dual_strengthening=1 
  3.06e-04s  0.00e+00d  [DetectDominanceRelations] 
  8.66e-04s  0.00e+00d  [PresolveToFixPoint] #num_loops=1 #num_dual_strengthening=1 
  1.32e-04s  0.00e+00d  [DetectDuplicateColumns] 
  6.00e-05s  0.00e+00d  [DetectDuplicateConstraints] 
[Symmetry] Graph for symmetry has 7'613 nodes and 15'255 arcs.
[Symmetry] Symmetry computation done. time: 0.003933 dtime: 0.0127938
[Symmetry] #generators: 9, average support size: 459.333
[Symmetry] 480 orbits on 2079 variables with sizes: 9,9,9,9,9,9,9,9,9,9,...
[Symmetry] Num fixable by binary propagation in orbit: 8 / 9
[Symmetry] Num fixable by intersecting at_most_one with orbits: 12 largest_orbit: 9
[Symmetry] Found orbitope of size 224 x 2
[SAT presolve] num removable Booleans: 0 / 2226
[SAT presolve] num trivial clauses: 0
[SAT presolve] [0s] clauses:2174 literals:6346 vars:2196 one_side_vars:1891 simple_definition:294 singleton_clauses:0
[SAT presolve] [5.5e-05s] clauses:2174 literals:6346 vars:2196 one_side_vars:1891 simple_definition:294 singleton_clauses:0
[SAT presolve] [0.00012s] clauses:2174 literals:6346 vars:2196 one_side_vars:1891 simple_definition:294 singleton_clauses:0
  1.00e-04s  0.00e+00d  [DetectDuplicateConstraintsWithDifferentEnforcements] 
  1.22e-02s  5.99e-02d  [Probe] #probed=4'428 #new_binary_clauses=453 
  3.30e-03s  2.02e-02d  [MaxClique] Merged 1'557(7'869 literals) into 1'545(7'849 literals) at_most_ones. 
  3.28e-04s  0.00e+00d  [DetectDominanceRelations] 
  9.98e-04s  0.00e+00d  [PresolveToFixPoint] #num_loops=1 #num_dual_strengthening=1 
  2.45e-04s  0.00e+00d  [ProcessAtMostOneAndLinear] 
  7.60e-05s  0.00e+00d  [DetectDuplicateConstraints] 
  8.10e-05s  0.00e+00d  [DetectDuplicateConstraintsWithDifferentEnforcements] 
  3.60e-05s  1.67e-06d  [DetectDominatedLinearConstraints] #relevant_constraints=52 
  2.30e-05s  0.00e+00d  [DetectDifferentVariables] 
  4.56e-04s  4.71e-05d  [ProcessSetPPC] #relevant_constraints=3'573 #num_inclusions=313 
  3.10e-05s  0.00e+00d  [FindAlmostIdenticalLinearConstraints] 
  4.05e-04s  6.14e-04d  [FindBigAtMostOneAndLinearOverlap] 
  9.70e-05s  1.10e-04d  [FindBigVerticalLinearOverlap] 
  2.80e-05s  2.79e-06d  [FindBigHorizontalLinearOverlap] #linears=52 
  2.30e-04s  2.92e-05d  [MergeClauses] 
  3.36e-04s  0.00e+00d  [DetectDominanceRelations] 
  9.52e-04s  0.00e+00d  [PresolveToFixPoint] #num_loops=1 #num_dual_strengthening=1 
  7.70e-05s  0.00e+00d  [ExpandObjective] #entries=1'152 #tight_variables=288 #tight_constraints=72 

Presolve summary:
  - 18 affine relations were detected.
  - rule 'TODO dual: only one blocking constraint?' was applied 17'036 times.
  - rule 'TODO linear2: contains a Boolean.' was applied 432 times.
  - rule 'affine: new relation' was applied 18 times.
  - rule 'at_most_one: removed literals' was applied 87 times.
  - rule 'at_most_one: size one' was applied 10 times.
  - rule 'at_most_one: transformed into max clique.' was applied 3 times.
  - rule 'bool_and: always false' was applied 741 times.
  - rule 'bool_or: always true' was applied 741 times.
  - rule 'bool_or: implications' was applied 576 times.
  - rule 'bool_or: only one literal' was applied 765 times.
  - rule 'enforcement: false literal' was applied 360 times.
  - rule 'linear1: x in domain' was applied 108 times.
  - rule 'linear: always true' was applied 167 times.
  - rule 'linear: empty' was applied 24 times.
  - rule 'linear: fixed or dup variables' was applied 218 times.
  - rule 'linear: negative clause' was applied 216 times.
  - rule 'linear: positive at most one' was applied 129 times.
  - rule 'linear: positive clause' was applied 72 times.
  - rule 'linear: positive equal one' was applied 54 times.
  - rule 'linear: reduced variable domains' was applied 60 times.
  - rule 'linear: remapped using affine relations' was applied 18 times.
  - rule 'presolve: 1314 unused variables removed.' was applied 1 time.
  - rule 'presolve: iteration' was applied 3 times.
  - rule 'symmetry: added orbit symmetry breaking implications' was applied 2 times.
  - rule 'symmetry: fixed to false in general orbit' was applied 81 times.

Presolved optimization model '': (model_fingerprint: 0xee9948cb987dacb)
#Variables: 2'232 (#ints: 18 in objective) (2'147 primary variables)
  - 2'214 Booleans in [0,1]
  - 18 in [1,4]
#kAtMostOne: 1'303 (#literals: 7'321)
#kBoolAnd: 94 (#enforced: 94) (#literals: 332)
#kBoolOr: 1'926 (#literals: 5'850)
#kExactlyOne: 54 (#literals: 270)
#kLinearN: 52 (#terms: 558)
[Symmetry] Graph for symmetry has 6'267 nodes and 15'175 arcs.
[Symmetry] Symmetry computation done. time: 0.002916 dtime: 0.00928677
[Symmetry] #generators: 7, average support size: 460
[Symmetry] 592 orbits on 1926 variables with sizes: 9,9,9,9,9,9,9,9,9,9,...
[Symmetry] Found orbitope of size 224 x 2

Preloading model.
#Bound   0.10s best:-inf  next:[18,72]    initial_domain
The solution hint is incomplete: 225 out of 2232 non fixed variables hinted.
#Model   0.10s var:2232/2232 constraints:3429/3429

Starting search at 0.10s with 8 workers.
6 full problem subsolvers: [core, default_lp, max_lp_sym, no_lp, quick_restart, reduced_costs]
2 first solution subsolvers: [fj, fs_random_no_lp]
9 interleaved subsolvers: [feasibility_pump, graph_arc_lns, graph_cst_lns, graph_dec_lns, graph_var_lns, ls, rins/rens, rnd_cst_lns, rnd_var_lns]
3 helper subsolvers: [neighborhood_helper, synchronization_agent, update_gap_integral]

#1       0.11s best:66    next:[67,72]    fs_random_no_lp [hint]
#Model   0.13s var:2224/2232 constraints:3420/3429
#Model   0.13s var:2219/2232 constraints:3420/3429
#Model   0.21s var:2210/2232 constraints:3405/3429
#Model   0.24s var:2079/2232 constraints:3253/3429
#Bound   0.61s best:66    next:[67,71]    bool_core (num_cores=1 [size:15 mw:1 d:4] a=4 d=4 fixed=0/2245 clauses=16'048)
#Bound   3.70s best:66    next:[67,70]    bool_core (num_cores=2 [size:4 mw:1 d:5] a=1 d=5 fixed=153/2276 clauses=28'267)
#Bound  17.50s best:66    next:[67,69]    bool_core (num_cores=3 [size:1 mw:1] a=1 d=5 fixed=168/2310 clauses=42'189)
#Bound  87.69s best:66    next:[67,68]    bool_core (num_cores=4 [size:1 mw:1] a=1 d=5 fixed=172/2330 clauses=62'025)

Task timing                   n [     min,      max]      avg      dev     time         n [     min,      max]      avg      dev    dtime
              'core':         1 [  16.66m,   16.66m]   16.66m   0.00ns   16.66m         1 [  37.91m,   37.91m]   37.91m   0.00ns   37.91m
        'default_lp':         1 [  16.67m,   16.67m]   16.67m   0.00ns   16.67m         1 [  22.69m,   22.69m]   22.69m   0.00ns   22.69m
  'feasibility_pump':      2631 [ 11.00us,   6.08ms]  74.96us 126.31us 197.21ms      2628 [ 17.49us,   1.53ms]  18.06us  29.43us  47.47ms
                'fj':         0 [  0.00ns,   0.00ns]   0.00ns   0.00ns   0.00ns         0 [  0.00ns,   0.00ns]   0.00ns   0.00ns   0.00ns
   'fs_random_no_lp':         1 [  4.19ms,   4.19ms]   4.19ms   0.00ns   4.19ms         0 [  0.00ns,   0.00ns]   0.00ns   0.00ns   0.00ns
     'graph_arc_lns':      2015 [  2.83ms, 503.95ms] 130.57ms  96.86ms    4.38m      2015 [ 10.00ns, 216.64ms]  96.39ms  65.85ms    3.24m
     'graph_cst_lns':      2010 [782.00us, 483.25ms] 130.97ms  96.65ms    4.39m      2009 [ 10.00ns, 216.69ms]  96.33ms  66.75ms    3.23m
     'graph_dec_lns':      2075 [  3.92ms, 764.69ms] 126.80ms 102.15ms    4.39m      2075 [ 10.00ns, 221.14ms]  91.84ms  71.04ms    3.18m
     'graph_var_lns':      2014 [  3.54ms, 367.09ms] 130.71ms  88.15ms    4.39m      2014 [ 10.00ns, 216.80ms] 105.09ms  59.34ms    3.53m
                'ls':      2631 [ 31.96ms, 140.32ms]  66.97ms  12.70ms    2.94m      2631 [100.00ms, 100.03ms] 100.00ms   3.27us    4.39m
        'max_lp_sym':         1 [  16.67m,   16.67m]   16.67m   0.00ns   16.67m         1 [  10.03m,   10.03m]   10.03m   0.00ns   10.03m
             'no_lp':         1 [  16.67m,   16.67m]   16.67m   0.00ns   16.67m         1 [  38.32m,   38.32m]   38.32m   0.00ns   38.32m
     'quick_restart':         1 [  16.67m,   16.67m]   16.67m   0.00ns   16.67m         1 [  19.11m,   19.11m]   19.11m   0.00ns   19.11m
     'reduced_costs':         1 [  16.67m,   16.67m]   16.67m   0.00ns   16.67m         1 [  19.49m,   19.49m]   19.49m   0.00ns   19.49m
         'rins/rens':      2631 [188.00us,    1.11s]  91.71ms 121.88ms    4.02m      2104 [ 10.00ns, 229.82ms]  81.33ms  80.88ms    2.85m
       'rnd_cst_lns':      2008 [  2.76ms, 427.09ms] 131.16ms  98.59ms    4.39m      2008 [ 10.00ns, 216.69ms]  95.46ms  67.10ms    3.19m
       'rnd_var_lns':      2104 [  2.05ms, 443.37ms] 125.36ms  98.70ms    4.40m      2104 [ 10.00ns, 225.32ms]  94.93ms  70.12ms    3.33m

Search stats          Bools  Conflicts    Branches   Restarts     BoolPropag  IntegerPropag
             'core':  2'347  9'497'383  13'459'880     27'773  2'928'820'569    158'614'237
       'default_lp':  2'214  5'159'866  10'862'845    886'160  1'706'318'647    266'224'590
  'fs_random_no_lp':  2'214          0          52          1          2'162            418
       'max_lp_sym':  2'214  1'739'190   6'682'638    917'014    731'236'409    853'446'033
            'no_lp':  2'214  9'732'514  20'561'297  1'675'233  3'617'605'510    499'890'384
    'quick_restart':  2'214  1'593'699  14'806'304  1'338'232    919'685'865    110'064'612
    'reduced_costs':  2'244  1'179'875  10'124'830  2'213'793    967'805'943    761'650'962

SAT stats             ClassicMinim   LitRemoved   LitLearned  LitForgotten  Subsumed   MClauses  MDecisions  MLitTrue  MSubsumed  MLitRemoved  MReused
             'core':     8'814'833  178'516'939  313'764'712   310'864'638    23'104     15'244     141'365         0      4'046       55'961    1'840
       'default_lp':     4'362'038   85'684'791  177'925'319   172'615'969     5'821    486'310   3'502'906         0     68'535      632'871   49'644
  'fs_random_no_lp':             0            0            0             0         0          0           0         0          0            0        0
       'max_lp_sym':     1'587'897   40'687'184   52'304'375    50'125'760     2'280    640'690   3'803'389         0     36'411      307'059   66'700
            'no_lp':     8'659'605  203'494'855  294'404'932   288'443'315    25'254    881'276   6'862'983         0    103'890    1'026'743   77'506
    'quick_restart':     1'242'573   28'826'197   69'678'821    65'286'632     6'048    735'384   4'819'808         0     60'482      490'217   35'571
    'reduced_costs':     1'050'269   21'318'305   44'808'111    41'428'885     3'223  1'585'859   7'586'952         0     28'490      219'603   95'397

Lp stats            Component  Iterations  AddedCuts     OPTIMAL    DUAL_F.  DUAL_U.
     'default_lp':         19  24'563'058        231  13'514'442          0    7'423
     'max_lp_sym':          1  13'789'571      1'223   1'737'494    867'590   21'745
  'quick_restart':         19  30'529'648        182   7'630'755          0   11'860
  'reduced_costs':          1  13'336'703      3'875          62  1'332'179    1'094

Lp dimension            Final dimension of first component
     'default_lp':      119 rows, 288 columns, 808 entries
     'max_lp_sym':     289 rows, 898 columns, 1446 entries
  'quick_restart':      143 rows, 288 columns, 904 entries
  'reduced_costs':  1626 rows, 2232 columns, 13347 entries

Lp debug            CutPropag  CutEqPropag     Adjust  Overflow     Bad  BadScaling
     'default_lp':          0            0         50         0   4'909           0
     'max_lp_sym':          0            9  2'159'852         0  32'205           0
  'quick_restart':          1            0        143         0   3'488           0
  'reduced_costs':          0            3    132'803         0  32'662           0

Lp pool             Constraints  Updates  Simplif  Merged  Shortened  Split  Strenghtened    Cuts/Call
     'default_lp':          412       24      224       0         98      8           258      231/438
     'max_lp_sym':        2'926      573    3'281       0        780     36           478  1'223/3'913
  'quick_restart':          363       29       98       0         78      0             0      182/342
  'reduced_costs':        7'448      439    2'903       0      1'502    252            36  3'875/5'634

Lp Cut           max_lp_sym  reduced_costs  quick_restart  default_lp
         CG_FF:          40             81             46          70
          CG_K:          24             39              7           5
         CG_KL:           2              1              1           2
          CG_R:          96            103             38          55
        Clique:          31            113              -           -
            IB:          21              -              -           -
      MIR_1_FF:           9            141              -           -
       MIR_1_R:           -             46              -           -
     MIR_1_RLT:         155          1'987              -           -
      MIR_2_FF:          11             61              -           -
       MIR_2_K:           -              3              -           -
       MIR_2_R:           -             24              -           -
      MIR_3_FF:           7             32              -           -
       MIR_3_R:           -             21              -           -
      MIR_4_FF:           6             16              -           -
       MIR_4_R:           -             15              -           -
      MIR_5_FF:           3             13              -           -
       MIR_5_K:           -              1              -           -
       MIR_5_R:           -             20              -           -
      MIR_6_FF:           2              4              -           -
       MIR_6_R:           1             16              -           -
  ZERO_HALF_FF:         524            252             79          68
   ZERO_HALF_K:          26             16              -           -
   ZERO_HALF_R:         265            870             11          31

LNS stats           Improv/Calls  Closed  Difficulty  TimeLimit
  'graph_arc_lns':        0/2015     50%    9.57e-01       0.22
  'graph_cst_lns':        0/2009     50%    9.55e-01       0.22
  'graph_dec_lns':        0/2075     50%    9.30e-01       0.22
  'graph_var_lns':        0/2014     50%    9.40e-01       0.22
      'rins/rens':        0/2145     50%    8.63e-01       0.23
    'rnd_cst_lns':        0/2008     50%    9.57e-01       0.22
    'rnd_var_lns':        0/2104     50%    9.50e-01       0.23

LS stats                                Batches  Restarts/Perturbs    LinMoves    GenMoves  CompoundMoves  Bactracks  WeightUpdates  ScoreComputed
                         'ls_restart':      327                 66  27'040'797           0              0          0      4'559'206     28'623'953
                'ls_restart_compound':      462                 97           0  20'698'939        907'435  9'895'554         76'540    155'177'794
        'ls_restart_compound_perturb':      379                 82           0  16'946'438        720'835  8'112'611         64'867    127'358'564
                   'ls_restart_decay':      277                 89  21'847'763           0              0          0        479'114     11'688'515
          'ls_restart_decay_compound':      239                 94           0  12'121'477      2'551'442  4'784'693          9'837     79'648'045
  'ls_restart_decay_compound_perturb':      323                 86           0  16'796'790      3'452'084  6'672'027         11'522    106'896'758
           'ls_restart_decay_perturb':      223                 86  17'586'548           0              0          0        386'556      9'390'550
                 'ls_restart_perturb':      401                 87  33'091'050           0              0          0      5'367'247     35'890'371

Solutions (1)         Num   Rank
  'fs_random_no_lp':    1  [1,1]

Objective bounds     Num
       'bool_core':    4
  'initial_domain':    1

Solution repositories     Added  Queried  Synchro
  'feasible solutions':   5'656   32'346    5'606
   'fj solution hints':       0        0        0
        'lp solutions':  40'587    1'335   15'895
                'pump':   2'630    1'296

Improving bounds shared    Num  Sym
                  'core':    7    1
            'default_lp':    1    2
         'quick_restart':   89    0
         'reduced_costs':    1    2

Clauses shared        Num
           'core':      5
     'default_lp':     12
     'max_lp_sym':      9
          'no_lp':    583
  'quick_restart':  3'847
  'reduced_costs':      3

CpSolverResponse summary:
status: FEASIBLE
objective: 66
best_bound: 68
integers: 379
booleans: 2214
conflicts: 0
branches: 52
propagations: 2162
integer_propagations: 418
restarts: 1
lp_iterations: 0
walltime: 1000.2
usertime: 1000.2
deterministic_time: 10468.2
gap_integral: 7332.93
solution_fingerprint: 0x7c16f93cb81e54ac

Using /Users/jgojnich/enhanced-social-golfer-problem/runs/n18_hint_1000s_20261002/hint.csv as warm-start hint
Starting cp_sat_caseB_v1_1.py N=18, maximize_spread=True, enforce_balance=True
[INFO] Loaded 282 hints from /Users/jgojnich/enhanced-social-golfer-problem/runs/n18_hint_1000s_20261002/hint.csv
[INFO] Added 282 variable hints from /Users/jgojnich/enhanced-social-golfer-problem/runs/n18_hint_1000s_20261002/hint.csv
Solver status: FEASIBLE, elapsed 1000.21s
Round 1:
  Group 1 (size 3): [16, 17, 18]
  Group 2 (size 3): [13, 14, 15]
  Group 3 (size 4): [9, 10, 11, 12]
  Group 4 (size 4): [5, 6, 7, 8]
  Group 5 (size 4): [1, 2, 3, 4]
Round 2:
  Group 1 (size 3): [8, 12, 15]
  Group 2 (size 3): [4, 11, 18]
  Group 3 (size 4): [3, 7, 14, 17]
  Group 4 (size 4): [2, 6, 10, 13]
  Group 5 (size 4): [1, 5, 9, 16]
Round 3:
  Group 1 (size 3): [5, 11, 13]
  Group 2 (size 3): [2, 7, 9]
  Group 3 (size 4): [3, 6, 15, 18]
  Group 4 (size 4): [4, 12, 14, 16]
  Group 5 (size 4): [1, 8, 10, 17]
Round 4:
  Group 1 (size 3): [1, 6, 14]
  Group 2 (size 3): [3, 5, 10]
  Group 3 (size 4): [2, 8, 11, 16]
  Group 4 (size 4): [4, 9, 15, 17]
  Group 5 (size 4): [7, 12, 13, 18]
Saved solution CSV to /Users/jgojnich/enhanced-social-golfer-problem/runs/n18_hint_1000s_20261002/solution_n18_sol.csv
