WARNING: The directory '/Users/jgojnich/Library/Caches/pip' or its parent directory is not owned or is not writable by the current user. The cache has been disabled. Check the permissions and owner of that directory. If executing pip with sudo, you should use sudo's -H flag.

Starting CP-SAT solver v9.14.6206
Parameters: random_seed: 73 max_time_in_seconds: 400 log_search_progress: true num_search_workers: 8 cp_model_probing_level: 1

Initial satisfaction model '': (model_fingerprint: 0x4017600ecbecd6ec)
#Variables: 3'564 (3'303 primary variables)
  - 3'528 Booleans in [0,1]
  - 18 in [0,4]
  - 18 in [0,12]
#kBoolAnd: 3'060 (#enforced: 3'060) (#literals: 9'180)
#kBoolOr: 3'060 (#enforced: 3'060) (#literals: 6'120)
#kLinear1: 288
#kLinear2: 378
#kLinearN: 373 (#terms: 4'608)

Starting presolve at 0.00s
The solution hint is incomplete: 360 out of 3564 non fixed variables hinted.
  2.39e-04s  0.00e+00d  [DetectDominanceRelations] 
  2.04e-03s  0.00e+00d  [PresolveToFixPoint] #num_loops=2 #num_dual_strengthening=1 
  2.10e-05s  0.00e+00d  [ExtractEncodingFromLinear] #potential_supersets=147 
  3.10e-05s  0.00e+00d  [DetectDuplicateColumns] 
  4.20e-05s  0.00e+00d  [DetectDuplicateConstraints] 
[Symmetry] Graph for symmetry has 7'479 nodes and 12'936 arcs.
[Symmetry] Symmetry computation done. time: 0.004441 dtime: 0.0153728
[Symmetry] #generators: 4, average support size: 1271.5
[Symmetry] 48 orbits on 1320 variables with sizes: 48,48,48,48,48,48,48,48,48,48,...
[Symmetry] Num fixable by binary propagation in orbit: 3 / 48
[Symmetry] Num fixable by intersecting at_most_one with orbits: 7 largest_orbit: 48
[SAT presolve] num removable Booleans: 0 / 1320
[SAT presolve] num trivial clauses: 0
[SAT presolve] [0s] clauses:3798 literals:8693 vars:1277 one_side_vars:0 simple_definition:1096 singleton_clauses:0
[SAT presolve] [0.000103s] clauses:3798 literals:8693 vars:1277 one_side_vars:0 simple_definition:1096 singleton_clauses:0
[SAT presolve] [0.00014s] clauses:3798 literals:8693 vars:1277 one_side_vars:0 simple_definition:1096 singleton_clauses:0
  2.50e-05s  0.00e+00d  [DetectDuplicateConstraintsWithDifferentEnforcements] 
  5.54e-03s  2.81e-02d  [Probe] #probed=2'616 #fixed_bools=5 #equiv=1 #new_binary_clauses=105 
  2.02e-03s  1.16e-02d  [MaxClique] Merged 2'806(6'452 literals) into 1'053(4'484 literals) at_most_ones. 
  2.08e-04s  0.00e+00d  [DetectDominanceRelations] 
  5.97e-04s  0.00e+00d  [PresolveToFixPoint] #num_loops=1 #num_dual_strengthening=1 
  1.32e-04s  0.00e+00d  [ProcessAtMostOneAndLinear] 
  3.40e-05s  0.00e+00d  [DetectDuplicateConstraints] 
  3.30e-05s  0.00e+00d  [DetectDuplicateConstraintsWithDifferentEnforcements] 
  1.70e-05s  1.12e-06d  [DetectDominatedLinearConstraints] #relevant_constraints=42 
  1.10e-05s  0.00e+00d  [DetectDifferentVariables] 
  2.46e-04s  2.81e-05d  [ProcessSetPPC] #relevant_constraints=2'214 #num_inclusions=209 
  2.40e-05s  0.00e+00d  [FindAlmostIdenticalLinearConstraints] 
  2.32e-04s  3.00e-04d  [FindBigAtMostOneAndLinearOverlap] 
  4.90e-05s  6.53e-05d  [FindBigVerticalLinearOverlap] 
  1.00e-05s  1.50e-06d  [FindBigHorizontalLinearOverlap] #linears=24 
  1.12e-04s  1.63e-05d  [MergeClauses] 
  2.09e-04s  0.00e+00d  [DetectDominanceRelations] 
  5.59e-04s  0.00e+00d  [PresolveToFixPoint] #num_loops=1 #num_dual_strengthening=1 
  1.97e-04s  0.00e+00d  [DetectDominanceRelations] 
  5.27e-04s  0.00e+00d  [PresolveToFixPoint] #num_loops=1 #num_dual_strengthening=1 
  5.20e-05s  0.00e+00d  [DetectDuplicateColumns] 
  3.20e-05s  0.00e+00d  [DetectDuplicateConstraints] 
[Symmetry] Graph for symmetry has 6'109 nodes and 8'719 arcs.
[Symmetry] Symmetry computation done. time: 0.00056 dtime: 0.0021389
[SAT presolve] num removable Booleans: 0 / 1307
[SAT presolve] num trivial clauses: 0
[SAT presolve] [0s] clauses:1187 literals:3460 vars:1265 one_side_vars:1121 simple_definition:144 singleton_clauses:0
[SAT presolve] [2.7e-05s] clauses:1187 literals:3460 vars:1265 one_side_vars:1121 simple_definition:144 singleton_clauses:0
[SAT presolve] [6.2e-05s] clauses:1187 literals:3460 vars:1265 one_side_vars:1121 simple_definition:144 singleton_clauses:0
  3.90e-05s  0.00e+00d  [DetectDuplicateConstraintsWithDifferentEnforcements] 
  5.57e-03s  2.87e-02d  [Probe] #probed=2'616 #new_binary_clauses=98 
  2.05e-03s  1.28e-02d  [MaxClique] Merged 1'037(4'434 literals) into 1'034(4'430 literals) at_most_ones. 
  1.70e-04s  0.00e+00d  [DetectDominanceRelations] 
  5.59e-04s  0.00e+00d  [PresolveToFixPoint] #num_loops=1 #num_dual_strengthening=1 
  1.36e-04s  0.00e+00d  [ProcessAtMostOneAndLinear] 
  3.70e-05s  0.00e+00d  [DetectDuplicateConstraints] 
  3.60e-05s  0.00e+00d  [DetectDuplicateConstraintsWithDifferentEnforcements] 
  1.90e-05s  1.12e-06d  [DetectDominatedLinearConstraints] #relevant_constraints=42 
  1.30e-05s  0.00e+00d  [DetectDifferentVariables] 
  2.44e-04s  2.81e-05d  [ProcessSetPPC] #relevant_constraints=2'210 #num_inclusions=205 
  1.60e-05s  0.00e+00d  [FindAlmostIdenticalLinearConstraints] 
  2.42e-04s  3.04e-04d  [FindBigAtMostOneAndLinearOverlap] 
  5.00e-05s  6.53e-05d  [FindBigVerticalLinearOverlap] 
  1.20e-05s  1.50e-06d  [FindBigHorizontalLinearOverlap] #linears=24 
  1.09e-04s  1.63e-05d  [MergeClauses] 
  1.73e-04s  0.00e+00d  [DetectDominanceRelations] 
  5.80e-04s  0.00e+00d  [PresolveToFixPoint] #num_loops=1 #num_dual_strengthening=1 
  1.63e-04s  0.00e+00d  [DetectDominanceRelations] 
  5.29e-04s  0.00e+00d  [PresolveToFixPoint] #num_loops=1 #num_dual_strengthening=1 
  5.40e-05s  0.00e+00d  [DetectDuplicateColumns] 
  3.50e-05s  0.00e+00d  [DetectDuplicateConstraints] 
[Symmetry] Graph for symmetry has 6'111 nodes and 8'715 arcs.
[Symmetry] Symmetry computation done. time: 0.000517 dtime: 0.00213969
[SAT presolve] num removable Booleans: 0 / 1307
[SAT presolve] num trivial clauses: 0
[SAT presolve] [0s] clauses:1182 literals:3450 vars:1265 one_side_vars:1121 simple_definition:144 singleton_clauses:0
[SAT presolve] [2.7e-05s] clauses:1182 literals:3450 vars:1265 one_side_vars:1121 simple_definition:144 singleton_clauses:0
[SAT presolve] [6.2e-05s] clauses:1182 literals:3450 vars:1265 one_side_vars:1121 simple_definition:144 singleton_clauses:0
  3.60e-05s  0.00e+00d  [DetectDuplicateConstraintsWithDifferentEnforcements] 
  5.44e-03s  2.87e-02d  [Probe] #probed=2'616 #new_binary_clauses=98 
  2.15e-03s  1.28e-02d  [MaxClique] 
  1.77e-04s  0.00e+00d  [DetectDominanceRelations] 
  6.16e-04s  0.00e+00d  [PresolveToFixPoint] #num_loops=1 #num_dual_strengthening=1 
  1.40e-04s  0.00e+00d  [ProcessAtMostOneAndLinear] 
  3.90e-05s  0.00e+00d  [DetectDuplicateConstraints] 
  3.80e-05s  0.00e+00d  [DetectDuplicateConstraintsWithDifferentEnforcements] 
  2.00e-05s  1.12e-06d  [DetectDominatedLinearConstraints] #relevant_constraints=42 
  1.50e-05s  0.00e+00d  [DetectDifferentVariables] 
  2.43e-04s  2.81e-05d  [ProcessSetPPC] #relevant_constraints=2'210 #num_inclusions=205 
  1.70e-05s  0.00e+00d  [FindAlmostIdenticalLinearConstraints] 
  2.31e-04s  2.94e-04d  [FindBigAtMostOneAndLinearOverlap] 
  5.00e-05s  6.53e-05d  [FindBigVerticalLinearOverlap] 
  1.40e-05s  1.50e-06d  [FindBigHorizontalLinearOverlap] #linears=24 
  1.11e-04s  1.63e-05d  [MergeClauses] 
  1.73e-04s  0.00e+00d  [DetectDominanceRelations] 
  5.46e-04s  0.00e+00d  [PresolveToFixPoint] #num_loops=1 #num_dual_strengthening=1 

Presolve summary:
  - 37 affine relations were detected.
  - rule 'TODO dual: only one blocking constraint?' was applied 9'492 times.
  - rule 'TODO linear2: contains a Boolean.' was applied 288 times.
  - rule 'affine: new relation' was applied 37 times.
  - rule 'at_most_one: removed literals' was applied 21 times.
  - rule 'at_most_one: size one' was applied 15 times.
  - rule 'at_most_one: transformed into max clique.' was applied 2 times.
  - rule 'bool_and: always false' was applied 1'482 times.
  - rule 'bool_or: always true' was applied 1'482 times.
  - rule 'bool_or: implications' was applied 629 times.
  - rule 'bool_or: only one literal' was applied 1'530 times.
  - rule 'enforcement: false literal' was applied 480 times.
  - rule 'linear1: x in domain' was applied 216 times.
  - rule 'linear: always true' was applied 352 times.
  - rule 'linear: empty' was applied 66 times.
  - rule 'linear: fixed or dup variables' was applied 445 times.
  - rule 'linear: negative clause' was applied 144 times.
  - rule 'linear: positive at most one' was applied 105 times.
  - rule 'linear: positive clause' was applied 54 times.
  - rule 'linear: positive equal one' was applied 42 times.
  - rule 'linear: reduced variable domains' was applied 84 times.
  - rule 'linear: remapped using affine relations' was applied 37 times.
  - rule 'new_bool: var with 2 values' was applied 18 times.
  - rule 'presolve: 2238 unused variables removed.' was applied 1 time.
  - rule 'presolve: iteration' was applied 3 times.
  - rule 'probing: bool_or reduced to implication' was applied 5 times.
  - rule 'setppc: bool_or in at_most_one.' was applied 6 times.
  - rule 'symmetry: added orbit symmetry breaking implications' was applied 1 time.
  - rule 'symmetry: fixed to false in general orbit' was applied 7 times.
  - rule 'variables with 2 values: create encoding literal' was applied 18 times.
  - rule 'variables with 2 values: new affine relation' was applied 18 times.

Presolved satisfaction model '': (model_fingerprint: 0xd7a0ad8b50c76674)
#Variables: 1'307 (1'238 primary variables)
  - 1'307 Booleans in [0,1]
#kAtMostOne: 938 (#literals: 4'238)
#kBoolAnd: 48 (#enforced: 48) (#literals: 144)
#kBoolOr: 1'086 (#literals: 3'258)
#kExactlyOne: 48 (#literals: 240)
#kLinearN: 42 (#terms: 372)
[Symmetry] Graph for symmetry has 3'836 nodes and 8'715 arcs.
[Symmetry] Symmetry computation done. time: 0.00049 dtime: 0.00200319

Preloading model.
The solution hint is incomplete: 180 out of 1307 non fixed variables hinted.
#Model   0.05s var:1307/1307 constraints:2162/2162

Starting search at 0.05s with 8 workers.
6 full problem subsolvers: [default_lp, max_lp, no_lp, probing, quick_restart, quick_restart_no_lp]
2 first solution subsolvers: [fj, fs_random_no_lp]
2 interleaved subsolvers: [feasibility_pump, rins/rens]
2 helper subsolvers: [neighborhood_helper, synchronization_agent]

#Model   0.26s var:1306/1307 constraints:2162/2162
#Model   1.18s var:1305/1307 constraints:2162/2162
#Model   1.75s var:1304/1307 constraints:2162/2162
#Model   2.42s var:1303/1307 constraints:2162/2162
#Model   2.85s var:1297/1307 constraints:2161/2162
#Model   2.95s var:1296/1307 constraints:2161/2162
#Model   3.01s var:1295/1307 constraints:2161/2162
#Model   3.37s var:1294/1307 constraints:2161/2162
#Model   3.41s var:1293/1307 constraints:2160/2162
#Model   3.57s var:1288/1307 constraints:2146/2162
#Model   3.97s var:1287/1307 constraints:2146/2162
#Model   4.08s var:1281/1307 constraints:2143/2162
#Model   4.35s var:1268/1307 constraints:2119/2162
#Model   4.93s var:1267/1307 constraints:2119/2162
#Model   5.08s var:1257/1307 constraints:2105/2162
#Model   5.33s var:1148/1307 constraints:1943/2162
#Model   5.39s var:1147/1307 constraints:1942/2162
#Model   5.60s var:1087/1307 constraints:1861/2162
#Model   5.90s var:1086/1307 constraints:1861/2162
#Model   5.96s var:1085/1307 constraints:1861/2162
#Model   6.31s var:1084/1307 constraints:1861/2162
#Model   6.48s var:1070/1307 constraints:1837/2162
#Model   6.49s var:1069/1307 constraints:1837/2162
#Model   6.54s var:1062/1307 constraints:1837/2162
#Model   6.56s var:1060/1307 constraints:1837/2162
#Model   6.66s var:921/1307 constraints:1648/2162
#Done    6.67s no_lp

Task timing                      n [     min,      max]      avg      dev     time         n [     min,      max]      avg      dev    dtime
           'default_lp':         1 [   6.63s,    6.63s]    6.63s   0.00ns    6.63s         1 [   9.72s,    9.72s]    9.72s   0.00ns    9.72s
     'feasibility_pump':        39 [  5.71ms, 144.64ms]  79.99ms  31.52ms    3.12s        38 [342.00us,   1.45ms] 371.08us 176.88us  14.10ms
                   'fj':        38 [ 35.06ms,  67.79ms]  51.00ms   8.07ms    1.94s        38 [100.00ms, 100.03ms] 100.01ms   6.89us    3.80s
      'fs_random_no_lp':         1 [   6.63s,    6.63s]    6.63s   0.00ns    6.63s         1 [  22.51s,   22.51s]   22.51s   0.00ns   22.51s
               'max_lp':         1 [   6.63s,    6.63s]    6.63s   0.00ns    6.63s         1 [  11.54s,   11.54s]   11.54s   0.00ns   11.54s
                'no_lp':         1 [   6.63s,    6.63s]    6.63s   0.00ns    6.63s         1 [  22.67s,   22.67s]   22.67s   0.00ns   22.67s
              'probing':         1 [   6.63s,    6.63s]    6.63s   0.00ns    6.63s         1 [   4.46s,    4.46s]    4.46s   0.00ns    4.46s
        'quick_restart':         1 [   6.63s,    6.63s]    6.63s   0.00ns    6.63s         1 [   9.16s,    9.16s]    9.16s   0.00ns    9.16s
  'quick_restart_no_lp':         1 [   6.63s,    6.63s]    6.63s   0.00ns    6.63s         1 [  21.56s,   21.56s]   21.56s   0.00ns   21.56s
            'rins/rens':        39 [ 12.31ms,  65.44ms]  39.83ms  16.00ms    1.55s        39 [ 36.82us, 100.32ms]  65.59ms  36.82ms    2.56s

Search stats              Bools  Conflicts  Branches  Restarts  BoolPropag  IntegerPropag
           'default_lp':  1'307     31'695   136'423    27'932  16'562'502      1'281'118
      'fs_random_no_lp':  1'307    132'350   303'381    26'233  51'092'254      2'883'212
               'max_lp':  1'307      3'420   113'542    48'039  11'160'842     10'578'018
                'no_lp':  1'307    154'016   345'895    32'583  59'483'136      3'459'245
              'probing':  1'307         12       137        83       9'831            997
        'quick_restart':  1'307     14'475   177'520    30'238  13'015'488      1'232'851
  'quick_restart_no_lp':  1'307     74'537   378'631    33'488  34'552'615      2'527'403

SAT stats                 ClassicMinim  LitRemoved  LitLearned  LitForgotten  Subsumed  MClauses  MDecisions  MLitTrue  MSubsumed  MLitRemoved  MReused
           'default_lp':        25'642     324'419     641'771       260'496       163    19'684      81'232         0        925        8'640      878
      'fs_random_no_lp':       114'772   1'701'497   2'356'191     1'610'966       583    18'249     135'285         0      4'229       60'265    1'535
               'max_lp':         2'521      33'106      75'763             0        49    29'678      78'986         0        355        3'071      370
                'no_lp':       136'355   2'147'299   2'506'442     1'825'289       847    22'725     147'932         0      4'792       54'557    1'646
              'probing':             1           2         279             0         0         0           0         0          0            0        0
        'quick_restart':         9'900      92'381     286'299        85'813       125    21'078     119'839         0      1'669       24'581    1'165
  'quick_restart_no_lp':        58'692     736'030   1'504'859       927'491       502    17'750     131'134         0      3'678       53'339    1'250

Lp stats            Component  Iterations  AddedCuts  OPTIMAL  DUAL_F.  DUAL_U.
     'default_lp':          1     313'725      1'006   33'394        1      597
         'max_lp':          1      52'853      2'319       87    3'884       73
        'probing':          1       5'169      6'482      491        0        1
  'quick_restart':          1     304'290      1'541   26'037        0      691

Lp dimension            Final dimension of first component
     'default_lp':      165 rows, 270 columns, 879 entries
         'max_lp':  3219 rows, 1307 columns, 56362 entries
        'probing':   1844 rows, 270 columns, 96099 entries
  'quick_restart':     189 rows, 270 columns, 1562 entries

Lp debug            CutPropag  CutEqPropag  Adjust  Overflow      Bad  BadScaling
     'default_lp':          0           10      43         0   31'179           0
         'max_lp':          0            0      73         0   54'207           0
        'probing':          0           31       1         0  242'182           0
  'quick_restart':          0            0     129         0   48'253           0

Lp pool             Constraints  Updates  Simplif  Merged  Shortened  Split  Strenghtened    Cuts/Call
     'default_lp':        1'205      293        0       0          1      0             0  1'006/1'588
         'max_lp':        4'529    1'825        0       0         17      0            13  2'319/3'072
        'probing':        6'681    4'694        0       0          0      0             0  6'482/8'652
  'quick_restart':        1'740      594        0       0         64      0             4  1'541/2'435

Lp Cut           default_lp  max_lp  quick_restart  probing
         CG_FF:          39      11            101       44
          CG_K:          10       -              7        2
         CG_KL:           -       1              4        1
          CG_R:          61      16            188      194
        Clique:           -     122              -        -
      MIR_1_FF:           -      45              -        -
       MIR_1_R:           -       4              -        -
     MIR_1_RLT:           -     317              -        -
      MIR_2_FF:           -      28              -        -
       MIR_2_K:           -       1              -        -
       MIR_2_R:           -      16              -        -
      MIR_3_FF:           -       9              1        -
       MIR_3_R:           -       5              -        -
      MIR_4_FF:           -       4              2        -
       MIR_4_R:           -       1              -        -
      MIR_5_FF:           -       5              1        1
       MIR_5_R:           -       1              -        -
      MIR_6_FF:           -       -              1        -
  ZERO_HALF_FF:         389     242            571    1'259
   ZERO_HALF_K:           -       2              1        -
   ZERO_HALF_R:         507   1'489            664    4'981

LNS stats       Improv/Calls  Closed  Difficulty  TimeLimit
  'rins/rens':         39/39     56%    9.08e-01       0.10

LS stats                                    Batches  Restarts/Perturbs  LinMoves  GenMoves  CompoundMoves  Bactracks  WeightUpdates  ScoreComputed
                    'fj_restart_compound':        2                  1         0    99'328          5'818     46'754            426        681'068
                'fj_restart_compound_obj':        1                  1         0    48'188          3'986     22'100            189        345'061
            'fj_restart_compound_perturb':        1                  1         0    47'950          4'314     21'817            174        346'111
        'fj_restart_compound_perturb_obj':        6                  3         0   301'517         16'791    142'359          1'202      2'025'074
                       'fj_restart_decay':        5                  3   447'477         0              0          0         13'885         42'906
              'fj_restart_decay_compound':        3                  3         0   157'349         34'835     61'253            203      1'030'026
          'fj_restart_decay_compound_obj':        4                  2         0   222'590         46'076     88'231            214      1'354'396
      'fj_restart_decay_compound_perturb':        2                  2         0   103'502         22'488     40'502            126        689'760
  'fj_restart_decay_compound_perturb_obj':        2                  1         0   109'498         22'576     43'460            102        681'581
                   'fj_restart_decay_obj':        1                  1    89'383         0              0          0          2'702          8'828
               'fj_restart_decay_perturb':        3                  2   269'323         0              0          0          8'320         24'908
           'fj_restart_decay_perturb_obj':        4                  3   358'494         0              0          0         11'138         34'184
                     'fj_restart_perturb':        3                  1   299'438         0              0          0         68'461          2'901
                 'fj_restart_perturb_obj':        1                  1    98'843         0              0          0         29'334          1'142

Solution repositories    Added  Queried  Synchro
  'feasible solutions':      0        0        0
   'fj solution hints':     17        0       17
        'lp solutions':     44       39       40
                'pump':      0        0

Improving bounds shared    Num  Sym
       'fs_random_no_lp':  126    0
                'max_lp':    1    0
                 'no_lp':  604    0
         'quick_restart':    1    0
   'quick_restart_no_lp':   47    0

Clauses shared              Num
           'default_lp':     47
      'fs_random_no_lp':    602
               'max_lp':     65
                'no_lp':    576
        'quick_restart':    245
  'quick_restart_no_lp':  1'513

CpSolverResponse summary:
status: INFEASIBLE
objective: NA
best_bound: NA
integers: 270
booleans: 1307
conflicts: 154016
branches: 345895
propagations: 59483136
integer_propagations: 3459245
restarts: 32583
lp_iterations: 0
walltime: 6.68386
usertime: 6.68386
deterministic_time: 108.111
gap_integral: 0

[INFO] Loaded 360 assignment hints from /Users/jgojnich/Projects/enhanced-social-golfer-problem/runs/n18_fair_neighborhoods_20261002/free_r2_r3/hint.csv
[INFO] Loaded 360 assignment hints from /Users/jgojnich/Projects/enhanced-social-golfer-problem/runs/n18_fair_neighborhoods_20261002/free_r2_r3/hint.csv
Proved no qualifying improvement exists in this restricted neighborhood. This does not establish global optimality.
