
Starting CP-SAT solver v9.14.6206
Parameters: random_seed: 1 max_time_in_seconds: 3600 log_search_progress: true num_search_workers: 8 cp_model_probing_level: 1

Initial optimization model '': (model_fingerprint: 0x5c43a0c51e06d85b)
#Variables: 3'564 (#ints: 18 in objective) (3'371 primary variables)
  - 3'528 Booleans in [0,1]
  - 18 in [0,4]
  - 18 in [0,12]
#kBoolAnd: 3'060 (#enforced: 3'060) (#literals: 9'180)
#kBoolOr: 3'060 (#enforced: 3'060) (#literals: 6'120)
#kLinear1: 90
#kLinear2: 378
#kLinearN: 372 (#terms: 4'590)

Starting presolve at 0.01s
  4.22e-04s  0.00e+00d  [DetectDominanceRelations] 
  4.41e-03s  0.00e+00d  [PresolveToFixPoint] #num_loops=2 #num_dual_strengthening=1 
  5.75e-04s  0.00e+00d  [ExtractEncodingFromLinear] #potential_supersets=183 #potential_subsets=18 
  1.57e-04s  0.00e+00d  [DetectDuplicateColumns] 
  7.00e-05s  0.00e+00d  [DetectDuplicateConstraints] 
[Symmetry] Graph for symmetry has 10'396 nodes and 22'338 arcs.
[Symmetry] Symmetry computation done. time: 0.016081 dtime: 0.0625261
[Symmetry] #generators: 14, average support size: 773.429
[Symmetry] 23 orbits on 2313 variables with sizes: 432,288,288,216,216,216,144,81,72,72,...
[Symmetry] Num fixable by binary propagation in orbit: 53 / 432
[Symmetry] Found orbitope of size 231 x 2
[SAT presolve] num removable Booleans: 0 / 2295
[SAT presolve] num trivial clauses: 0
[SAT presolve] [0s] clauses:6725 literals:15476 vars:2224 one_side_vars:0 simple_definition:1953 singleton_clauses:0
[SAT presolve] [0.00017s] clauses:6725 literals:15476 vars:2224 one_side_vars:0 simple_definition:1953 singleton_clauses:0
[SAT presolve] [0.000259s] clauses:6725 literals:15476 vars:2224 one_side_vars:0 simple_definition:1953 singleton_clauses:0
  8.30e-05s  0.00e+00d  [DetectDuplicateConstraintsWithDifferentEnforcements] 
  1.39e-02s  5.91e-02d  [Probe] #probed=4'484 #new_binary_clauses=349 
  8.97e-03s  2.49e-02d  [MaxClique] Merged 4'900(11'477 literals) into 1'549(7'928 literals) at_most_ones. 
  2.86e-04s  0.00e+00d  [DetectDominanceRelations] 
  9.25e-04s  0.00e+00d  [PresolveToFixPoint] #num_loops=1 #num_dual_strengthening=1 
  2.06e-04s  0.00e+00d  [ProcessAtMostOneAndLinear] 
  5.70e-05s  0.00e+00d  [DetectDuplicateConstraints] 
  5.60e-05s  0.00e+00d  [DetectDuplicateConstraintsWithDifferentEnforcements] 
  3.10e-05s  1.67e-06d  [DetectDominatedLinearConstraints] #relevant_constraints=52 
  1.40e-05s  0.00e+00d  [DetectDifferentVariables] 
  4.52e-04s  4.75e-05d  [ProcessSetPPC] #relevant_constraints=3'609 #num_inclusions=308 
  1.93e-04s  0.00e+00d  [FindAlmostIdenticalLinearConstraints] 
  3.92e-04s  6.22e-04d  [FindBigAtMostOneAndLinearOverlap] 
  7.80e-05s  1.10e-04d  [FindBigVerticalLinearOverlap] 
  1.60e-05s  2.79e-06d  [FindBigHorizontalLinearOverlap] #linears=52 
  2.09e-04s  2.97e-05d  [MergeClauses] 
  2.73e-04s  0.00e+00d  [DetectDominanceRelations] 
  8.40e-04s  0.00e+00d  [PresolveToFixPoint] #num_loops=1 #num_dual_strengthening=1 
  3.94e-04s  0.00e+00d  [DetectDominanceRelations] 
  9.58e-04s  0.00e+00d  [PresolveToFixPoint] #num_loops=1 #num_dual_strengthening=1 
  1.46e-04s  0.00e+00d  [DetectDuplicateColumns] 
  5.80e-05s  0.00e+00d  [DetectDuplicateConstraints] 
[Symmetry] Graph for symmetry has 7'634 nodes and 15'331 arcs.
[Symmetry] Symmetry computation done. time: 0.005169 dtime: 0.0179291
[Symmetry] #generators: 11, average support size: 567.818
[Symmetry] 262 orbits on 2234 variables with sizes: 32,32,32,32,32,24,24,24,24,24,...
[Symmetry] Num fixable by binary propagation in orbit: 16 / 32
[Symmetry] Found orbitope of size 228 x 2
[SAT presolve] num removable Booleans: 0 / 2242
[SAT presolve] num trivial clauses: 0
[SAT presolve] [0s] clauses:2202 literals:6414 vars:2208 one_side_vars:1889 simple_definition:310 singleton_clauses:0
[SAT presolve] [5.1e-05s] clauses:2202 literals:6414 vars:2208 one_side_vars:1889 simple_definition:310 singleton_clauses:0
[SAT presolve] [0.000122s] clauses:2202 literals:6414 vars:2208 one_side_vars:1889 simple_definition:310 singleton_clauses:0
  7.50e-05s  0.00e+00d  [DetectDuplicateConstraintsWithDifferentEnforcements] 
  1.18e-02s  6.07e-02d  [Probe] #probed=4'452 #new_binary_clauses=453 
  3.15e-03s  2.03e-02d  [MaxClique] Merged 1'580(7'937 literals) into 1'551(7'899 literals) at_most_ones. 
  2.95e-04s  0.00e+00d  [DetectDominanceRelations] 
  9.06e-04s  0.00e+00d  [PresolveToFixPoint] #num_loops=1 #num_dual_strengthening=1 
  2.20e-04s  0.00e+00d  [ProcessAtMostOneAndLinear] 
  6.50e-05s  0.00e+00d  [DetectDuplicateConstraints] 
  6.20e-05s  0.00e+00d  [DetectDuplicateConstraintsWithDifferentEnforcements] 
  3.40e-05s  1.67e-06d  [DetectDominatedLinearConstraints] #relevant_constraints=52 
  1.90e-05s  0.00e+00d  [DetectDifferentVariables] 
  4.52e-04s  4.73e-05d  [ProcessSetPPC] #relevant_constraints=3'589 #num_inclusions=311 
  2.50e-05s  0.00e+00d  [FindAlmostIdenticalLinearConstraints] 
  3.91e-04s  6.18e-04d  [FindBigAtMostOneAndLinearOverlap] 
  8.10e-05s  1.10e-04d  [FindBigVerticalLinearOverlap] 
  1.90e-05s  2.79e-06d  [FindBigHorizontalLinearOverlap] #linears=52 
  2.12e-04s  2.94e-05d  [MergeClauses] 
  2.91e-04s  0.00e+00d  [DetectDominanceRelations] 
  8.61e-04s  0.00e+00d  [PresolveToFixPoint] #num_loops=1 #num_dual_strengthening=1 
  2.82e-04s  0.00e+00d  [DetectDominanceRelations] 
  8.20e-04s  0.00e+00d  [PresolveToFixPoint] #num_loops=1 #num_dual_strengthening=1 
  1.28e-04s  0.00e+00d  [DetectDuplicateColumns] 
  5.70e-05s  0.00e+00d  [DetectDuplicateConstraints] 
[Symmetry] Graph for symmetry has 7'613 nodes and 15'255 arcs.
[Symmetry] Symmetry computation done. time: 0.00376 dtime: 0.0127938
[Symmetry] #generators: 9, average support size: 459.333
[Symmetry] 480 orbits on 2079 variables with sizes: 9,9,9,9,9,9,9,9,9,9,...
[Symmetry] Num fixable by binary propagation in orbit: 8 / 9
[Symmetry] Num fixable by intersecting at_most_one with orbits: 12 largest_orbit: 9
[Symmetry] Found orbitope of size 224 x 2
[SAT presolve] num removable Booleans: 0 / 2226
[SAT presolve] num trivial clauses: 0
[SAT presolve] [0s] clauses:2174 literals:6346 vars:2196 one_side_vars:1891 simple_definition:294 singleton_clauses:0
[SAT presolve] [4.8e-05s] clauses:2174 literals:6346 vars:2196 one_side_vars:1891 simple_definition:294 singleton_clauses:0
[SAT presolve] [0.000109s] clauses:2174 literals:6346 vars:2196 one_side_vars:1891 simple_definition:294 singleton_clauses:0
  9.40e-05s  0.00e+00d  [DetectDuplicateConstraintsWithDifferentEnforcements] 
  1.17e-02s  5.99e-02d  [Probe] #probed=4'428 #new_binary_clauses=453 
  3.13e-03s  2.02e-02d  [MaxClique] Merged 1'557(7'869 literals) into 1'545(7'849 literals) at_most_ones. 
  3.05e-04s  0.00e+00d  [DetectDominanceRelations] 
  9.34e-04s  0.00e+00d  [PresolveToFixPoint] #num_loops=1 #num_dual_strengthening=1 
  2.28e-04s  0.00e+00d  [ProcessAtMostOneAndLinear] 
  1.24e-04s  0.00e+00d  [DetectDuplicateConstraints] 
  7.90e-05s  0.00e+00d  [DetectDuplicateConstraintsWithDifferentEnforcements] 
  4.90e-05s  1.67e-06d  [DetectDominatedLinearConstraints] #relevant_constraints=52 
  2.40e-05s  0.00e+00d  [DetectDifferentVariables] 
  4.78e-04s  4.71e-05d  [ProcessSetPPC] #relevant_constraints=3'573 #num_inclusions=313 
  3.20e-05s  0.00e+00d  [FindAlmostIdenticalLinearConstraints] 
  3.85e-04s  6.12e-04d  [FindBigAtMostOneAndLinearOverlap] 
  8.20e-05s  1.10e-04d  [FindBigVerticalLinearOverlap] 
  2.30e-05s  2.79e-06d  [FindBigHorizontalLinearOverlap] #linears=52 
  2.40e-04s  2.92e-05d  [MergeClauses] 
  3.04e-04s  0.00e+00d  [DetectDominanceRelations] 
  8.85e-04s  0.00e+00d  [PresolveToFixPoint] #num_loops=1 #num_dual_strengthening=1 
  8.00e-05s  0.00e+00d  [ExpandObjective] #entries=1'152 #tight_variables=288 #tight_constraints=72 

Presolve summary:
  - 18 affine relations were detected.
  - rule 'TODO dual: only one blocking constraint?' was applied 17'036 times.
  - rule 'TODO linear2: contains a Boolean.' was applied 432 times.
  - rule 'affine: new relation' was applied 18 times.
  - rule 'at_most_one: removed literals' was applied 87 times.
  - rule 'at_most_one: size one' was applied 10 times.
  - rule 'at_most_one: transformed into max clique.' was applied 3 times.
  - rule 'bool_and: always false' was applied 741 times.
  - rule 'bool_or: always true' was applied 741 times.
  - rule 'bool_or: implications' was applied 576 times.
  - rule 'bool_or: only one literal' was applied 765 times.
  - rule 'enforcement: false literal' was applied 360 times.
  - rule 'linear1: x in domain' was applied 108 times.
  - rule 'linear: always true' was applied 167 times.
  - rule 'linear: empty' was applied 24 times.
  - rule 'linear: fixed or dup variables' was applied 218 times.
  - rule 'linear: negative clause' was applied 216 times.
  - rule 'linear: positive at most one' was applied 129 times.
  - rule 'linear: positive clause' was applied 72 times.
  - rule 'linear: positive equal one' was applied 54 times.
  - rule 'linear: reduced variable domains' was applied 60 times.
  - rule 'linear: remapped using affine relations' was applied 18 times.
  - rule 'presolve: 1314 unused variables removed.' was applied 1 time.
  - rule 'presolve: iteration' was applied 3 times.
  - rule 'symmetry: added orbit symmetry breaking implications' was applied 2 times.
  - rule 'symmetry: fixed to false in general orbit' was applied 81 times.

Presolved optimization model '': (model_fingerprint: 0xb4ff6754473ba1c2)
#Variables: 2'232 (#ints: 18 in objective) (2'147 primary variables)
  - 2'214 Booleans in [0,1]
  - 18 in [1,4]
#kAtMostOne: 1'303 (#literals: 7'321)
#kBoolAnd: 94 (#enforced: 94) (#literals: 332)
#kBoolOr: 1'926 (#literals: 5'850)
#kExactlyOne: 54 (#literals: 270)
#kLinearN: 52 (#terms: 558)
[Symmetry] Graph for symmetry has 6'267 nodes and 15'175 arcs.
[Symmetry] Symmetry computation done. time: 0.002833 dtime: 0.00928677
[Symmetry] #generators: 7, average support size: 460
[Symmetry] 592 orbits on 1926 variables with sizes: 9,9,9,9,9,9,9,9,9,9,...
[Symmetry] Found orbitope of size 224 x 2

Preloading model.
#Bound   0.13s best:-inf  next:[18,72]    initial_domain
#Model   0.13s var:2232/2232 constraints:3429/3429

Starting search at 0.13s with 8 workers.
6 full problem subsolvers: [core, default_lp, max_lp_sym, no_lp, quick_restart, reduced_costs]
2 first solution subsolvers: [fj, fs_random_no_lp]
9 interleaved subsolvers: [feasibility_pump, graph_arc_lns, graph_cst_lns, graph_dec_lns, graph_var_lns, ls, rins/rens, rnd_cst_lns, rnd_var_lns]
3 helper subsolvers: [neighborhood_helper, synchronization_agent, update_gap_integral]

#Model   0.23s var:2133/2232 constraints:3319/3429
#Model   0.23s var:2079/2232 constraints:3253/3429
#1       0.25s best:57    next:[58,72]    no_lp
#2       0.25s best:58    next:[59,72]    no_lp
#3       0.27s best:59    next:[60,72]    no_lp
#4       0.27s best:60    next:[61,72]    no_lp
#5       0.85s best:62    next:[63,72]    default_lp
#6       0.98s best:63    next:[64,72]    max_lp_sym
#7       1.10s best:65    next:[66,72]    graph_dec_lns (d=9.39e-01 s=60 t=0.10 p=1.00 stall=5 h=base)
#Bound   1.20s best:65    next:[66,71]    bool_core (num_cores=1 [size:15 mw:1 d:4] a=4 d=4 fixed=0/2245 clauses=16'742)
#Bound   7.82s best:65    next:[66,70]    bool_core (num_cores=2 [size:2 mw:1 d:5] a=3 d=5 fixed=154/2274 clauses=25'117)
#Bound  36.79s best:65    next:[66,69]    bool_core (num_cores=3 [size:3 mw:1 d:6] a=1 d=6 fixed=168/2305 clauses=39'282)
#8     109.66s best:66    next:[67,69]    max_lp_sym
#Bound 185.08s best:66    next:[67,68]    bool_core (num_cores=4 [size:1 mw:1] a=1 d=6 fixed=169/2325 clauses=67'968)
#Bound 2722.83s best:66    next:[67,67]    bool_core (num_cores=5 [size:1 mw:1] a=1 d=6 fixed=172/2344 clauses=155'923)

Task timing                   n [     min,      max]      avg      dev     time         n [     min,      max]      avg      dev    dtime
              'core':         1 [   1.00h,    1.00h]    1.00h   0.00ns    1.00h         1 [  59.49m,   59.49m]   59.49m   0.00ns   59.49m
        'default_lp':         1 [   1.00h,    1.00h]    1.00h   0.00ns    1.00h         1 [  39.33m,   39.33m]   39.33m   0.00ns   39.33m
  'feasibility_pump':      8880 [ 13.00us,  17.55ms]  99.20us 287.97us 880.93ms      8873 [ 17.49us,   1.53ms]  17.66us  16.02us 156.70ms
                'fj':         2 [ 69.38ms, 113.43ms]  91.40ms  22.03ms 182.80ms         2 [100.02ms, 100.02ms] 100.02ms 115.00ns 200.05ms
   'fs_random_no_lp':         1 [122.05ms, 122.05ms] 122.05ms   0.00ns 122.05ms         1 [169.70ms, 169.70ms] 169.70ms   0.00ns 169.70ms
     'graph_arc_lns':      2796 [  3.78ms,    1.22s] 317.66ms 252.07ms   14.80m      2796 [ 10.00ns, 291.56ms] 115.70ms  83.06ms    5.39m
     'graph_cst_lns':      2864 [699.00us,    1.18s] 310.59ms 256.64ms   14.83m      2863 [ 10.00ns, 303.24ms] 114.55ms  86.58ms    5.47m
     'graph_dec_lns':      2922 [  4.44ms,    1.41s] 303.98ms 262.26ms   14.80m      2922 [ 10.00ns, 309.41ms] 111.85ms  90.63ms    5.45m
     'graph_var_lns':      2771 [  2.30ms,    1.08s] 320.79ms 234.16ms   14.81m      2771 [ 10.00ns, 291.57ms] 125.12ms  75.33ms    5.78m
                'ls':      6326 [ 55.92ms, 293.42ms] 140.38ms  27.53ms   14.80m      6326 [ 97.44ms, 100.03ms] 100.00ms  32.38us   10.54m
        'max_lp_sym':         1 [   1.00h,    1.00h]    1.00h   0.00ns    1.00h         1 [  16.50m,   16.50m]   16.50m   0.00ns   16.50m
             'no_lp':         1 [   1.00h,    1.00h]    1.00h   0.00ns    1.00h         1 [   1.12h,    1.12h]    1.12h   0.00ns    1.12h
     'quick_restart':         1 [   1.00h,    1.00h]    1.00h   0.00ns    1.00h         1 [  33.13m,   33.13m]   33.13m   0.00ns   33.13m
     'reduced_costs':         1 [   1.00h,    1.00h]    1.00h   0.00ns    1.00h         1 [  31.66m,   31.66m]   31.66m   0.00ns   31.66m
         'rins/rens':      3995 [253.00us,    1.63s] 222.26ms 312.89ms   14.80m      3291 [ 10.00ns, 369.73ms] 106.06ms 114.57ms    5.82m
       'rnd_cst_lns':      2884 [  2.20ms,    1.16s] 307.95ms 251.43ms   14.80m      2884 [ 10.00ns, 303.31ms] 115.40ms  87.57ms    5.55m
       'rnd_var_lns':      2953 [  2.03ms,    1.24s] 300.69ms 260.70ms   14.80m      2951 [ 10.00ns, 309.49ms] 113.02ms  90.72ms    5.56m

Search stats          Bools   Conflicts    Branches   Restarts     BoolPropag  IntegerPropag
             'core':  2'361  13'902'229  19'743'173     30'796  4'218'573'358    231'198'921
       'default_lp':  2'214   7'836'774  16'834'359  1'453'068  2'673'390'023    412'760'852
  'fs_random_no_lp':  2'214          64      12'150      7'490      1'424'017        127'081
       'max_lp_sym':  2'214   2'900'829  10'470'686  1'342'768  1'193'251'061  1'396'450'239
            'no_lp':  2'214  12'426'414  22'509'169  1'579'929  4'916'456'449    582'233'430
    'quick_restart':  2'214   2'429'361  23'330'272  2'188'783  1'441'460'307    169'818'004
    'reduced_costs':  2'247   2'305'017  17'300'198  3'088'462  1'679'234'959  1'224'690'766

SAT stats             ClassicMinim   LitRemoved   LitLearned  LitForgotten  Subsumed   MClauses  MDecisions  MLitTrue  MSubsumed  MLitRemoved  MReused
             'core':    12'854'906  265'367'436  478'972'419   474'843'420    32'825     15'445     151'336         0      4'049       61'769    1'787
       'default_lp':     6'694'168  131'499'712  270'997'389   262'690'041     8'091    778'015   5'735'659         0     97'041      895'538   84'006
  'fs_random_no_lp':            24          332        1'082             0         4      3'531       7'490         0          9           59        0
       'max_lp_sym':     2'670'467   66'322'333   80'649'159    77'262'053     3'548    903'262   5'791'709         0     55'266      474'330   94'418
            'no_lp':    11'246'206  242'713'076  325'334'311   318'632'088    37'715    653'610   5'677'051         0    107'176    1'200'000   71'541
    'quick_restart':     1'903'556   47'528'252  107'343'960   100'678'979    10'316  1'194'443   8'148'992         0     91'327      757'652   56'132
    'reduced_costs':     2'130'714   62'546'145   75'665'260    72'218'719     5'639  2'201'151  13'017'111         0     41'972      367'440  174'675

Lp stats            Component  Iterations  AddedCuts     OPTIMAL    DUAL_F.  DUAL_U.
     'default_lp':         19  37'100'549        460  21'030'661          0   10'629
     'max_lp_sym':          1  25'638'409        706   2'845'814  1'678'691   22'461
  'quick_restart':         19  46'306'124        465  11'767'654          1   16'162
  'reduced_costs':          1  24'825'169      3'551          67  2'480'875      899

Lp dimension            Final dimension of first component
     'default_lp':      128 rows, 288 columns, 821 entries
     'max_lp_sym':     373 rows, 898 columns, 2215 entries
  'quick_restart':      145 rows, 288 columns, 896 entries
  'reduced_costs':  1683 rows, 2232 columns, 12194 entries

Lp debug            CutPropag  CutEqPropag     Adjust  Overflow     Bad  BadScaling
     'default_lp':          0            0         32         0   8'582           0
     'max_lp_sym':          0           32  4'247'379         0  14'562           0
  'quick_restart':          0            0        256         0   8'645           0
  'reduced_costs':          0            2        570         0  28'293           0

Lp pool             Constraints  Updates  Simplif  Merged  Shortened  Split  Strenghtened    Cuts/Call
     'default_lp':          641      119      349       0        193     54            30      460/776
     'max_lp_sym':        2'409      297    4'722       0        405     51           528    706/5'336
  'quick_restart':          646       53      238       0        133     55             1      465/812
  'reduced_costs':        7'123      417    2'955       1      1'015    275            74  3'551/5'206

Lp Cut           default_lp  max_lp_sym  quick_restart  reduced_costs
         CG_FF:         114          60             91             59
          CG_K:           6          29              3             34
         CG_KL:           2           2              -              2
          CG_R:          93          98             90            101
        Clique:           -          39              -             96
            IB:           -          48              -              -
      MIR_1_FF:           -          12              -             92
       MIR_1_K:           -           -              -              1
       MIR_1_R:           -           1              -             29
     MIR_1_RLT:           -         136              -          1'733
      MIR_2_FF:           -           6              -             53
       MIR_2_R:           -           4              -             18
      MIR_3_FF:           -           6              -             31
       MIR_3_R:           -           -              -             13
      MIR_4_FF:           -           5              -             22
       MIR_4_K:           -           -              -              1
       MIR_4_R:           -           1              -             12
      MIR_5_FF:           -           8              -              8
       MIR_5_R:           -           -              -              9
      MIR_6_FF:           -           2              -              7
       MIR_6_K:           -           -              -              1
       MIR_6_R:           -           -              -              6
  ZERO_HALF_FF:         154         174            208            540
   ZERO_HALF_K:           -           6              -             20
  ZERO_HALF_KL:           -           -              -              1
   ZERO_HALF_R:          91          69             73            662

LNS stats           Improv/Calls  Closed  Difficulty  TimeLimit
  'graph_arc_lns':        0/2796     50%    9.59e-01       0.29
  'graph_cst_lns':        0/2863     50%    9.61e-01       0.30
  'graph_dec_lns':        1/2922     50%    9.32e-01       0.31
  'graph_var_lns':        1/2771     50%    9.40e-01       0.29
      'rins/rens':        0/3369     50%    9.22e-01       0.37
    'rnd_cst_lns':        1/2884     50%    9.57e-01       0.30
    'rnd_var_lns':        1/2951     50%    9.49e-01       0.31

LS stats                                Batches  Restarts/Perturbs    LinMoves    GenMoves  CompoundMoves   Bactracks  WeightUpdates  ScoreComputed
                         'fj_restart':        1                  1      77'727           0              0           0         23'164         10'383
                'fj_restart_compound':        1                  1           0      44'323          5'213      19'552            229        350'541
                         'ls_restart':      792                198  65'279'931           0              0           0     10'655'110     71'808'813
                'ls_restart_compound':      703                179           0  31'201'214      1'390'890  14'904'723        122'343    236'969'408
        'ls_restart_compound_perturb':      839                199           0  37'352'635      1'698'582  17'826'559        142'122    282'578'235
                   'ls_restart_decay':    1'025                191  80'880'486           0              0           0      1'767'996     43'466'719
          'ls_restart_decay_compound':      874                193           0  45'820'910      9'317'926  18'250'897         29'540    288'572'980
  'ls_restart_decay_compound_perturb':      576                171           0  29'750'938      6'143'918  11'802'938         21'297    190'983'045
           'ls_restart_decay_perturb':      726                192  57'267'804           0              0           0      1'254'457     30'777'049
                 'ls_restart_perturb':      791                174  65'083'298           0              0           0     10'716'808     71'839'876

Solutions (8)       Num   Rank
     'default_lp':    1  [5,5]
  'graph_dec_lns':    1  [7,7]
     'max_lp_sym':    2  [6,8]
          'no_lp':    4  [1,4]

Objective bounds     Num
       'bool_core':    5
  'initial_domain':    1

Solution repositories     Added  Queried  Synchro
  'feasible solutions':   8'892   46'898    8'690
   'fj solution hints':       0        0        0
        'lp solutions':  69'286    1'988   38'548
                'pump':   8'879    2'007

Improving bounds shared    Num  Sym
                  'core':    7    3
            'default_lp':   43    0
                 'no_lp':    1    0
         'quick_restart':   47    2

Clauses shared          Num
             'core':      7
       'default_lp':     65
  'fs_random_no_lp':      4
       'max_lp_sym':      6
            'no_lp':    542
    'quick_restart':  5'285
    'reduced_costs':      7

CpSolverResponse summary:
status: FEASIBLE
objective: 66
best_bound: 67
integers: 379
booleans: 2214
conflicts: 64
branches: 12150
propagations: 1424017
integer_propagations: 127081
restarts: 7490
lp_iterations: 0
walltime: 3600.03
usertime: 3600.03
deterministic_time: 17821.4
gap_integral: 1663.3
solution_fingerprint: 0xb2ef6f1a6a65f0c5

Starting cp_sat_caseB_v1_1.py N=18, maximize_spread=True, enforce_balance=True
Solver status: FEASIBLE, elapsed 3600.04s
Round 1:
  Group 1 (size 3): [16, 17, 18]
  Group 2 (size 3): [13, 14, 15]
  Group 3 (size 4): [9, 10, 11, 12]
  Group 4 (size 4): [5, 6, 7, 8]
  Group 5 (size 4): [1, 2, 3, 4]
Round 2:
  Group 1 (size 3): [8, 11, 15]
  Group 2 (size 3): [4, 7, 10]
  Group 3 (size 4): [3, 6, 14, 18]
  Group 4 (size 4): [2, 12, 13, 17]
  Group 5 (size 4): [1, 5, 9, 16]
Round 3:
  Group 1 (size 3): [7, 9, 13]
  Group 2 (size 3): [3, 8, 12]
  Group 3 (size 4): [2, 6, 15, 16]
  Group 4 (size 4): [4, 5, 11, 18]
  Group 5 (size 4): [1, 10, 14, 17]
Round 4:
  Group 1 (size 3): [2, 5, 14]
  Group 2 (size 3): [1, 6, 11]
  Group 3 (size 4): [4, 8, 9, 17]
  Group 4 (size 4): [3, 10, 13, 16]
  Group 5 (size 4): [7, 12, 15, 18]
Saved solution CSV to /Users/jgojnich/enhanced-social-golfer-problem/runs/n18_20261001_204146/total/solution_n18_sol.csv
