WARNING: The directory '/Users/jgojnich/Library/Caches/pip' or its parent directory is not owned or is not writable by the current user. The cache has been disabled. Check the permissions and owner of that directory. If executing pip with sudo, you should use sudo's -H flag.

Starting CP-SAT solver v9.14.6206
Parameters: random_seed: 73 max_time_in_seconds: 1000 log_search_progress: true num_search_workers: 8 cp_model_probing_level: 1

Initial satisfaction model '': (model_fingerprint: 0x53f52d42268804c7)
#Variables: 3'564 (3'371 primary variables)
  - 3'528 Booleans in [0,1]
  - 18 in [0,4]
  - 18 in [0,12]
#kBoolAnd: 3'060 (#enforced: 3'060) (#literals: 9'180)
#kBoolOr: 3'060 (#enforced: 3'060) (#literals: 6'120)
#kLinear1: 90
#kLinear2: 378
#kLinearN: 373 (#terms: 4'608)

Starting presolve at 0.00s
The solution hint is incomplete: 282 out of 3564 non fixed variables hinted.
  3.51e-04s  0.00e+00d  [DetectDominanceRelations] 
  3.66e-03s  0.00e+00d  [PresolveToFixPoint] #num_loops=2 #num_dual_strengthening=1 
  2.66e-04s  0.00e+00d  [ExtractEncodingFromLinear] #potential_supersets=183 #potential_subsets=18 
  7.60e-05s  0.00e+00d  [DetectDuplicateColumns] 
  6.40e-05s  0.00e+00d  [DetectDuplicateConstraints] 
[Symmetry] Graph for symmetry has 10'397 nodes and 22'356 arcs.
[Symmetry] Symmetry computation done. time: 0.0151 dtime: 0.0625297
[Symmetry] #generators: 14, average support size: 773.429
[Symmetry] 23 orbits on 2313 variables with sizes: 432,288,288,216,216,216,144,81,72,72,...
[Symmetry] Num fixable by binary propagation in orbit: 53 / 432
[Symmetry] Found orbitope of size 231 x 2
[SAT presolve] num removable Booleans: 0 / 2295
[SAT presolve] num trivial clauses: 0
[SAT presolve] [0s] clauses:6725 literals:15476 vars:2224 one_side_vars:0 simple_definition:1953 singleton_clauses:0
[SAT presolve] [0.000155s] clauses:6725 literals:15476 vars:2224 one_side_vars:0 simple_definition:1953 singleton_clauses:0
[SAT presolve] [0.000242s] clauses:6725 literals:15476 vars:2224 one_side_vars:0 simple_definition:1953 singleton_clauses:0
  7.00e-05s  0.00e+00d  [DetectDuplicateConstraintsWithDifferentEnforcements] 
  1.14e-02s  5.91e-02d  [Probe] #probed=4'484 #new_binary_clauses=349 
  3.93e-03s  2.49e-02d  [MaxClique] Merged 4'900(11'477 literals) into 1'549(7'928 literals) at_most_ones. 
  2.80e-04s  0.00e+00d  [DetectDominanceRelations] 
  8.93e-04s  0.00e+00d  [PresolveToFixPoint] #num_loops=1 #num_dual_strengthening=1 
  2.08e-04s  0.00e+00d  [ProcessAtMostOneAndLinear] 
  6.00e-05s  0.00e+00d  [DetectDuplicateConstraints] 
  5.80e-05s  0.00e+00d  [DetectDuplicateConstraintsWithDifferentEnforcements] 
  3.50e-05s  1.73e-06d  [DetectDominatedLinearConstraints] #relevant_constraints=53 
  1.50e-05s  0.00e+00d  [DetectDifferentVariables] 
  4.50e-04s  4.75e-05d  [ProcessSetPPC] #relevant_constraints=3'609 #num_inclusions=308 
  3.00e-05s  0.00e+00d  [FindAlmostIdenticalLinearConstraints] 
  3.85e-04s  6.21e-04d  [FindBigAtMostOneAndLinearOverlap] 
  8.00e-05s  1.12e-04d  [FindBigVerticalLinearOverlap] 
  1.50e-05s  2.88e-06d  [FindBigHorizontalLinearOverlap] #linears=53 
  1.97e-04s  2.97e-05d  [MergeClauses] 
  2.73e-04s  0.00e+00d  [DetectDominanceRelations] 
  8.35e-04s  0.00e+00d  [PresolveToFixPoint] #num_loops=1 #num_dual_strengthening=1 
  2.87e-04s  0.00e+00d  [DetectDominanceRelations] 
  8.34e-04s  0.00e+00d  [PresolveToFixPoint] #num_loops=1 #num_dual_strengthening=1 
  1.29e-04s  0.00e+00d  [DetectDuplicateColumns] 
  5.30e-05s  0.00e+00d  [DetectDuplicateConstraints] 
[Symmetry] Graph for symmetry has 7'635 nodes and 15'349 arcs.
[Symmetry] Symmetry computation done. time: 0.005268 dtime: 0.0179319
[Symmetry] #generators: 11, average support size: 567.818
[Symmetry] 262 orbits on 2234 variables with sizes: 32,32,32,32,32,24,24,24,24,24,...
[Symmetry] Num fixable by binary propagation in orbit: 16 / 32
[Symmetry] Found orbitope of size 228 x 2
[SAT presolve] num removable Booleans: 0 / 2242
[SAT presolve] num trivial clauses: 0
[SAT presolve] [0s] clauses:2202 literals:6414 vars:2208 one_side_vars:1889 simple_definition:310 singleton_clauses:0
[SAT presolve] [6.3e-05s] clauses:2202 literals:6414 vars:2208 one_side_vars:1889 simple_definition:310 singleton_clauses:0
[SAT presolve] [0.000128s] clauses:2202 literals:6414 vars:2208 one_side_vars:1889 simple_definition:310 singleton_clauses:0
  7.00e-05s  0.00e+00d  [DetectDuplicateConstraintsWithDifferentEnforcements] 
  1.14e-02s  6.07e-02d  [Probe] #probed=4'452 #new_binary_clauses=453 
  3.23e-03s  2.03e-02d  [MaxClique] Merged 1'580(7'937 literals) into 1'551(7'899 literals) at_most_ones. 
  3.01e-04s  0.00e+00d  [DetectDominanceRelations] 
  1.03e-03s  0.00e+00d  [PresolveToFixPoint] #num_loops=1 #num_dual_strengthening=1 
  2.42e-04s  0.00e+00d  [ProcessAtMostOneAndLinear] 
  5.90e-05s  0.00e+00d  [DetectDuplicateConstraints] 
  5.80e-05s  0.00e+00d  [DetectDuplicateConstraintsWithDifferentEnforcements] 
  3.20e-05s  1.73e-06d  [DetectDominatedLinearConstraints] #relevant_constraints=53 
  2.00e-05s  0.00e+00d  [DetectDifferentVariables] 
  4.47e-04s  4.73e-05d  [ProcessSetPPC] #relevant_constraints=3'589 #num_inclusions=311 
  2.20e-05s  0.00e+00d  [FindAlmostIdenticalLinearConstraints] 
  3.74e-04s  6.21e-04d  [FindBigAtMostOneAndLinearOverlap] 
  7.70e-05s  1.12e-04d  [FindBigVerticalLinearOverlap] 
  2.10e-05s  2.88e-06d  [FindBigHorizontalLinearOverlap] #linears=53 
  2.00e-04s  2.94e-05d  [MergeClauses] 
  2.90e-04s  0.00e+00d  [DetectDominanceRelations] 
  8.66e-04s  0.00e+00d  [PresolveToFixPoint] #num_loops=1 #num_dual_strengthening=1 
  2.78e-04s  0.00e+00d  [DetectDominanceRelations] 
  8.27e-04s  0.00e+00d  [PresolveToFixPoint] #num_loops=1 #num_dual_strengthening=1 
  1.19e-04s  0.00e+00d  [DetectDuplicateColumns] 
  5.50e-05s  0.00e+00d  [DetectDuplicateConstraints] 
[Symmetry] Graph for symmetry has 7'614 nodes and 15'273 arcs.
[Symmetry] Symmetry computation done. time: 0.003684 dtime: 0.0127961
[Symmetry] #generators: 9, average support size: 459.333
[Symmetry] 480 orbits on 2079 variables with sizes: 9,9,9,9,9,9,9,9,9,9,...
[Symmetry] Num fixable by binary propagation in orbit: 8 / 9
[Symmetry] Num fixable by intersecting at_most_one with orbits: 12 largest_orbit: 9
[Symmetry] Found orbitope of size 224 x 2
[SAT presolve] num removable Booleans: 0 / 2226
[SAT presolve] num trivial clauses: 0
[SAT presolve] [0s] clauses:2174 literals:6346 vars:2196 one_side_vars:1891 simple_definition:294 singleton_clauses:0
[SAT presolve] [4.6e-05s] clauses:2174 literals:6346 vars:2196 one_side_vars:1891 simple_definition:294 singleton_clauses:0
[SAT presolve] [0.000103s] clauses:2174 literals:6346 vars:2196 one_side_vars:1891 simple_definition:294 singleton_clauses:0
  1.41e-04s  0.00e+00d  [DetectDuplicateConstraintsWithDifferentEnforcements] 
  1.19e-02s  5.99e-02d  [Probe] #probed=4'428 #new_binary_clauses=453 
  3.08e-03s  2.02e-02d  [MaxClique] Merged 1'557(7'869 literals) into 1'545(7'849 literals) at_most_ones. 
  3.07e-04s  0.00e+00d  [DetectDominanceRelations] 
  9.73e-04s  0.00e+00d  [PresolveToFixPoint] #num_loops=1 #num_dual_strengthening=1 
  2.14e-04s  0.00e+00d  [ProcessAtMostOneAndLinear] 
  7.30e-05s  0.00e+00d  [DetectDuplicateConstraints] 
  6.90e-05s  0.00e+00d  [DetectDuplicateConstraintsWithDifferentEnforcements] 
  3.60e-05s  1.73e-06d  [DetectDominatedLinearConstraints] #relevant_constraints=53 
  2.00e-05s  0.00e+00d  [DetectDifferentVariables] 
  4.42e-04s  4.71e-05d  [ProcessSetPPC] #relevant_constraints=3'573 #num_inclusions=313 
  2.60e-05s  0.00e+00d  [FindAlmostIdenticalLinearConstraints] 
  3.83e-04s  6.14e-04d  [FindBigAtMostOneAndLinearOverlap] 
  8.00e-05s  1.11e-04d  [FindBigVerticalLinearOverlap] 
  2.10e-05s  2.88e-06d  [FindBigHorizontalLinearOverlap] #linears=53 
  2.13e-04s  2.92e-05d  [MergeClauses] 
  3.23e-04s  0.00e+00d  [DetectDominanceRelations] 
  9.01e-04s  0.00e+00d  [PresolveToFixPoint] #num_loops=1 #num_dual_strengthening=1 

Presolve summary:
  - 18 affine relations were detected.
  - rule 'TODO dual: only one blocking constraint?' was applied 17'036 times.
  - rule 'TODO linear2: contains a Boolean.' was applied 432 times.
  - rule 'affine: new relation' was applied 18 times.
  - rule 'at_most_one: removed literals' was applied 87 times.
  - rule 'at_most_one: size one' was applied 10 times.
  - rule 'at_most_one: transformed into max clique.' was applied 3 times.
  - rule 'bool_and: always false' was applied 741 times.
  - rule 'bool_or: always true' was applied 741 times.
  - rule 'bool_or: implications' was applied 576 times.
  - rule 'bool_or: only one literal' was applied 765 times.
  - rule 'enforcement: false literal' was applied 360 times.
  - rule 'linear1: x in domain' was applied 108 times.
  - rule 'linear: always true' was applied 167 times.
  - rule 'linear: empty' was applied 24 times.
  - rule 'linear: fixed or dup variables' was applied 218 times.
  - rule 'linear: negative clause' was applied 216 times.
  - rule 'linear: positive at most one' was applied 129 times.
  - rule 'linear: positive clause' was applied 72 times.
  - rule 'linear: positive equal one' was applied 54 times.
  - rule 'linear: reduced variable domains' was applied 60 times.
  - rule 'linear: remapped using affine relations' was applied 18 times.
  - rule 'presolve: 1314 unused variables removed.' was applied 1 time.
  - rule 'presolve: iteration' was applied 3 times.
  - rule 'symmetry: added orbit symmetry breaking implications' was applied 2 times.
  - rule 'symmetry: fixed to false in general orbit' was applied 81 times.

Presolved satisfaction model '': (model_fingerprint: 0x3e6afd49216762cc)
#Variables: 2'232 (2'147 primary variables)
  - 2'214 Booleans in [0,1]
  - 18 in [1,4]
#kAtMostOne: 1'303 (#literals: 7'321)
#kBoolAnd: 94 (#enforced: 94) (#literals: 332)
#kBoolOr: 1'926 (#literals: 5'850)
#kExactlyOne: 54 (#literals: 270)
#kLinearN: 53 (#terms: 576)
[Symmetry] Graph for symmetry has 6'268 nodes and 15'193 arcs.
[Symmetry] Symmetry computation done. time: 0.002791 dtime: 0.00928873
[Symmetry] #generators: 7, average support size: 460
[Symmetry] 592 orbits on 1926 variables with sizes: 9,9,9,9,9,9,9,9,9,9,...
[Symmetry] Found orbitope of size 224 x 2

Preloading model.
The solution hint is incomplete: 225 out of 2232 non fixed variables hinted.
#Model   0.11s var:2232/2232 constraints:3430/3430

Starting search at 0.11s with 8 workers.
6 full problem subsolvers: [default_lp, max_lp_sym, no_lp, probing, quick_restart, quick_restart_no_lp]
2 first solution subsolvers: [fj, fs_random_no_lp]
2 interleaved subsolvers: [feasibility_pump, rins/rens]
2 helper subsolvers: [neighborhood_helper, synchronization_agent]

#Model   0.18s var:2229/2232 constraints:3430/3430
#Model   0.23s var:2079/2232 constraints:3254/3430

Task timing                      n [     min,      max]      avg      dev     time         n [     min,      max]      avg      dev    dtime
           'default_lp':         1 [  16.66m,   16.66m]   16.66m   0.00ns   16.66m         1 [  21.46m,   21.46m]   21.46m   0.00ns   21.46m
     'feasibility_pump':      4829 [  3.00us, 618.99ms]  99.87ms 153.30ms    8.04m      1660 [  2.00ms,   4.34ms]   2.76ms 279.52us    4.58s
                   'fj':      4825 [ 34.79ms, 179.92ms]  70.54ms  14.72ms    5.67m      4825 [ 43.17ms, 100.05ms] 100.00ms 818.23us    8.04m
      'fs_random_no_lp':         1 [  16.66m,   16.66m]   16.66m   0.00ns   16.66m         1 [  39.02m,   39.02m]   39.02m   0.00ns   39.02m
           'max_lp_sym':         1 [  16.66m,   16.66m]   16.66m   0.00ns   16.66m         1 [  11.50m,   11.50m]   11.50m   0.00ns   11.50m
                'no_lp':         1 [  16.66m,   16.66m]   16.66m   0.00ns   16.66m         1 [  39.42m,   39.42m]   39.42m   0.00ns   39.42m
              'probing':         1 [  16.67m,   16.67m]   16.67m   0.00ns   16.67m         1 [   6.99m,    6.99m]    6.99m   0.00ns    6.99m
        'quick_restart':         1 [  16.66m,   16.66m]   16.66m   0.00ns   16.66m         1 [  18.03m,   18.03m]   18.03m   0.00ns   18.03m
  'quick_restart_no_lp':         1 [  16.66m,   16.66m]   16.66m   0.00ns   16.66m         1 [  33.17m,   33.17m]   33.17m   0.00ns   33.17m
            'rins/rens':      4830 [323.00us, 150.19ms]  36.55ms  40.35ms    2.94m      2376 [645.00ns, 100.38ms]  77.23ms  38.01ms    3.06m

Search stats              Bools  Conflicts    Branches   Restarts     BoolPropag  IntegerPropag
           'default_lp':  2'214  4'872'710  10'300'418    854'654  1'736'763'603    254'526'704
      'fs_random_no_lp':  2'214  8'420'171  14'764'011    851'510  2'509'903'924    414'910'099
           'max_lp_sym':  2'214  1'956'300   7'506'708  1'075'677    877'855'335    976'685'826
                'no_lp':  2'214  8'401'247  15'343'787    981'444  3'031'543'258    353'619'633
              'probing':  2'250         43     105'580     58'322     10'488'313        907'832
        'quick_restart':  2'214  1'637'788  15'584'040  1'380'764    910'605'210    114'715'436
  'quick_restart_no_lp':  2'214  3'591'153  26'759'823  1'729'117  1'669'031'435    212'094'811

SAT stats                 ClassicMinim   LitRemoved   LitLearned  LitForgotten  Subsumed  MClauses  MDecisions  MLitTrue  MSubsumed  MLitRemoved  MReused
           'default_lp':     4'132'054   77'192'432  161'107'058   156'227'074     6'364   474'066   3'362'485         0     67'647      621'401   46'037
      'fs_random_no_lp':     7'041'124  153'435'834  291'238'010   284'462'433    25'131   424'424   3'643'078         0     74'928      844'136   64'464
           'max_lp_sym':     1'753'869   30'028'491   53'808'781    51'602'244     2'901   764'247   4'389'235         0     38'863      319'435   76'343
                'no_lp':     7'433'202  158'171'445  240'420'385   235'607'832    19'828   455'290   3'676'334         0     78'968      838'996   47'607
              'probing':             3            7          470             0         0         0           0         0          0            0        0
        'quick_restart':     1'207'715   22'962'626   65'883'069    62'076'547     8'622   779'169   5'352'856         0     67'542      573'861   41'564
  'quick_restart_no_lp':     2'801'145   63'165'597  149'055'958   142'395'977    17'872   736'537   5'438'244         0    103'928      906'471   42'809

Lp stats            Component  Iterations  AddedCuts    OPTIMAL    DUAL_F.  DUAL_U.
     'default_lp':          2  30'922'553         14  6'725'741          1    8'027
     'max_lp_sym':          1  17'734'132        667    517'636  1'505'562  167'206
        'probing':          2     884'199    702'435    331'543          0        0
  'quick_restart':          2  34'785'040         46  5'956'419          0   13'658

Lp dimension          Final dimension of first component
     'default_lp':    129 rows, 288 columns, 830 entries
     'max_lp_sym':   397 rows, 898 columns, 1736 entries
        'probing':  820 rows, 288 columns, 63172 entries
  'quick_restart':    144 rows, 288 columns, 907 entries

Lp debug            CutPropag  CutEqPropag   Adjust  Overflow         Bad  BadScaling
     'default_lp':          0            0       17         0         403           0
     'max_lp_sym':          0           41  136'618         0      23'113           0
        'probing':          0        5'576        0         0  25'080'827           0
  'quick_restart':          0            0      137         0       1'202           0

Lp pool             Constraints  Updates  Simplif  Merged  Shortened  Split  Strenghtened        Cuts/Call
     'default_lp':          196        0       58       0         51      0             0            14/33
     'max_lp_sym':        2'371      610    1'453       0        511     12           408        667/3'951
        'probing':        9'617  678'259    1'176       0      1'870    198         4'517  702'435/966'850
  'quick_restart':          228       19       62       0         56      0             0           46/106

Lp Cut           default_lp  max_lp_sym  quick_restart  probing
         CG_FF:           6          15             21   79'063
          CG_K:           -           5              -    4'092
         CG_KL:           -           -              -    2'932
          CG_R:           4          44             15  176'958
        Clique:           -          14              -        -
            IB:           -          38              1        -
      MIR_1_FF:           -           6              -      794
       MIR_1_K:           -           -              -       65
      MIR_1_KL:           -           -              -        7
       MIR_1_R:           -           -              -      898
     MIR_1_RLT:           -          28              -        -
      MIR_2_FF:           -           7              -      671
       MIR_2_K:           -           -              -      305
      MIR_2_KL:           -           -              -        8
       MIR_2_R:           -           -              -    1'174
      MIR_3_FF:           -           5              -      325
       MIR_3_K:           -           -              -      154
      MIR_3_KL:           -           -              -        1
       MIR_3_R:           -           -              -      536
      MIR_4_FF:           -           2              -      254
       MIR_4_K:           -           -              -      137
      MIR_4_KL:           -           -              -        2
       MIR_4_R:           -           -              -      383
      MIR_5_FF:           -           6              -      221
       MIR_5_K:           -           -              -      131
      MIR_5_KL:           -           -              -        1
       MIR_5_R:           -           1              -      249
      MIR_6_FF:           -           -              -      205
       MIR_6_K:           -           -              -      108
      MIR_6_KL:           -           -              -        1
       MIR_6_R:           -           1              -      189
  ZERO_HALF_FF:           3         205              6  179'892
   ZERO_HALF_K:           -          18              -       61
  ZERO_HALF_KL:           -           -              -        2
   ZERO_HALF_R:           1         272              3  252'616

LNS stats       Improv/Calls  Closed  Difficulty  TimeLimit
  'rins/rens':     3327/3327     50%    9.33e-01       0.10

LS stats                                    Batches  Restarts/Perturbs    LinMoves    GenMoves  CompoundMoves   Bactracks  WeightUpdates  ScoreComputed
                             'fj_restart':      338                 76  27'337'497           0              0           0      4'642'197     20'699'416
                    'fj_restart_compound':      257                 67           0  11'426'702        610'330   5'408'040         39'784     84'958'699
                'fj_restart_compound_obj':      177                 60           0   7'841'260        462'203   3'689'410         26'621     58'734'851
            'fj_restart_compound_perturb':      266                 76           0  11'821'554        673'834   5'573'697         39'624     88'127'653
        'fj_restart_compound_perturb_obj':      185                 68           0   8'194'800        532'262   3'831'126         25'622     61'376'952
                       'fj_restart_decay':      321                 75  25'053'126           0              0           0        546'179     13'852'812
              'fj_restart_decay_compound':      340                 70           0  17'592'327      3'628'601   6'981'622          9'928    111'183'375
          'fj_restart_decay_compound_obj':      597                 93           0  31'249'342      6'328'600  12'460'040         16'750    194'695'974
      'fj_restart_decay_compound_perturb':      229                 72           0  11'524'699      2'478'469   4'522'866          7'343     75'771'225
  'fj_restart_decay_compound_perturb_obj':      220                 70           0  11'091'895      2'354'585   4'368'383          6'934     72'773'528
                   'fj_restart_decay_obj':      232                 83  18'102'410           0              0           0        395'121      9'998'593
               'fj_restart_decay_perturb':      166                 63  12'951'906           0              0           0        282'776      7'153'502
           'fj_restart_decay_perturb_obj':      364                 72  28'416'296           0              0           0        619'801     15'708'708
                         'fj_restart_obj':      599                 73  48'592'688           0              0           0      8'145'238     36'182'348
                     'fj_restart_perturb':      263                 65  21'354'249           0              0           0      3'394'867     16'599'448
                 'fj_restart_perturb_obj':      271                 67  21'915'862           0              0           0      3'684'716     15'817'455

Solution repositories     Added  Queried  Synchro
  'feasible solutions':       0        0        0
   'fj solution hints':   1'142        0    1'142
        'lp solutions':  26'321    4'830   11'304
                'pump':       0        0

Improving bounds shared    Num  Sym
       'fs_random_no_lp':   85    0
               'probing':   11    0
   'quick_restart_no_lp':    2    2

Clauses shared              Num
           'default_lp':     45
      'fs_random_no_lp':    478
           'max_lp_sym':     18
                'no_lp':    163
        'quick_restart':  2'421
  'quick_restart_no_lp':  5'899

CpSolverResponse summary:
status: UNKNOWN
objective: NA
best_bound: NA
integers: 378
booleans: 2214
conflicts: 4872710
branches: 10300418
propagations: 1736763603
integer_propagations: 254526704
restarts: 854654
lp_iterations: 30922553
walltime: 1000.04
usertime: 1000.04
deterministic_time: 10846.3
gap_integral: 0

[INFO] Loaded 282 hints from /Users/jgojnich/enhanced-social-golfer-problem/runs/n18_target67_20261002/hint.csv
Unresolved: time limit or other stop without a feasible schedule or infeasibility proof.
