
Starting CP-SAT solver v9.14.6206
Parameters: random_seed: 1 max_time_in_seconds: 21600 log_search_progress: true num_search_workers: 8 cp_model_probing_level: 1

Initial optimization model '': (model_fingerprint: 0x48b5db03ba6e3a2a)
#Variables: 3'565 (#ints: 19 in objective) (3'371 primary variables)
  - 3'528 Booleans in [0,1]
  - 19 in [0,4]
  - 18 in [0,12]
#kBoolAnd: 3'060 (#enforced: 3'060) (#literals: 9'180)
#kBoolOr: 3'060 (#enforced: 3'060) (#literals: 6'120)
#kLinMax: 1 (#expressions: 18)
#kLinear1: 90
#kLinear2: 378
#kLinearN: 372 (#terms: 4'590)

Starting presolve at 0.00s
  2.64e-04s  0.00e+00d  [DetectDominanceRelations] 
  2.35e-03s  0.00e+00d  [PresolveToFixPoint] #num_loops=2 #num_dual_strengthening=1 
  4.90e-05s  0.00e+00d  [ExtractEncodingFromLinear] #potential_supersets=183 #potential_subsets=18 
  6.90e-05s  0.00e+00d  [DetectDuplicateColumns] 
  7.90e-05s  0.00e+00d  [DetectDuplicateConstraints] 
[Symmetry] Graph for symmetry has 10'416 nodes and 22'375 arcs.
[Symmetry] Symmetry computation done. time: 0.017576 dtime: 0.0625636
[Symmetry] #generators: 14, average support size: 773.429
[Symmetry] 23 orbits on 2313 variables with sizes: 432,288,288,216,216,216,144,81,72,72,...
[Symmetry] Num fixable by binary propagation in orbit: 53 / 432
[Symmetry] Found orbitope of size 231 x 2
[SAT presolve] num removable Booleans: 0 / 2295
[SAT presolve] num trivial clauses: 0
[SAT presolve] [0s] clauses:6725 literals:15476 vars:2224 one_side_vars:0 simple_definition:1953 singleton_clauses:0
[SAT presolve] [0.00019s] clauses:6725 literals:15476 vars:2224 one_side_vars:0 simple_definition:1953 singleton_clauses:0
[SAT presolve] [0.00029s] clauses:6725 literals:15476 vars:2224 one_side_vars:0 simple_definition:1953 singleton_clauses:0
  6.30e-05s  0.00e+00d  [DetectDuplicateConstraintsWithDifferentEnforcements] 
  1.33e-02s  5.91e-02d  [Probe] #probed=4'484 #new_binary_clauses=349 
  4.84e-03s  2.49e-02d  [MaxClique] Merged 4'900(11'477 literals) into 1'549(7'928 literals) at_most_ones. 
  3.38e-04s  0.00e+00d  [DetectDominanceRelations] 
  1.11e-03s  0.00e+00d  [PresolveToFixPoint] #num_loops=1 #num_dual_strengthening=1 
  2.62e-04s  0.00e+00d  [ProcessAtMostOneAndLinear] 
  7.10e-05s  0.00e+00d  [DetectDuplicateConstraints] 
  7.00e-05s  0.00e+00d  [DetectDuplicateConstraintsWithDifferentEnforcements] 
  3.50e-05s  1.78e-06d  [DetectDominatedLinearConstraints] #relevant_constraints=70 
  1.80e-05s  0.00e+00d  [DetectDifferentVariables] 
  5.29e-04s  4.75e-05d  [ProcessSetPPC] #relevant_constraints=3'609 #num_inclusions=308 
  2.60e-05s  0.00e+00d  [FindAlmostIdenticalLinearConstraints] 
  4.87e-04s  6.22e-04d  [FindBigAtMostOneAndLinearOverlap] 
  9.90e-05s  1.11e-04d  [FindBigVerticalLinearOverlap] 
  2.40e-05s  2.79e-06d  [FindBigHorizontalLinearOverlap] #linears=52 
  2.62e-04s  2.97e-05d  [MergeClauses] 
  3.53e-04s  0.00e+00d  [DetectDominanceRelations] 
  1.08e-03s  0.00e+00d  [PresolveToFixPoint] #num_loops=1 #num_dual_strengthening=1 
  3.38e-04s  0.00e+00d  [DetectDominanceRelations] 
  1.02e-03s  0.00e+00d  [PresolveToFixPoint] #num_loops=1 #num_dual_strengthening=1 
  1.56e-04s  0.00e+00d  [DetectDuplicateColumns] 
  7.30e-05s  0.00e+00d  [DetectDuplicateConstraints] 
[Symmetry] Graph for symmetry has 7'654 nodes and 15'368 arcs.
[Symmetry] Symmetry computation done. time: 0.006291 dtime: 0.017954
[Symmetry] #generators: 11, average support size: 567.818
[Symmetry] 262 orbits on 2234 variables with sizes: 32,32,32,32,32,24,24,24,24,24,...
[Symmetry] Num fixable by binary propagation in orbit: 16 / 32
[Symmetry] Found orbitope of size 228 x 2
[SAT presolve] num removable Booleans: 0 / 2242
[SAT presolve] num trivial clauses: 0
[SAT presolve] [0s] clauses:2202 literals:6414 vars:2208 one_side_vars:1889 simple_definition:310 singleton_clauses:0
[SAT presolve] [6.2e-05s] clauses:2202 literals:6414 vars:2208 one_side_vars:1889 simple_definition:310 singleton_clauses:0
[SAT presolve] [0.000147s] clauses:2202 literals:6414 vars:2208 one_side_vars:1889 simple_definition:310 singleton_clauses:0
  8.80e-05s  0.00e+00d  [DetectDuplicateConstraintsWithDifferentEnforcements] 
  1.42e-02s  6.07e-02d  [Probe] #probed=4'452 #new_binary_clauses=453 
  3.85e-03s  2.03e-02d  [MaxClique] Merged 1'580(7'937 literals) into 1'551(7'899 literals) at_most_ones. 
  3.63e-04s  0.00e+00d  [DetectDominanceRelations] 
  1.12e-03s  0.00e+00d  [PresolveToFixPoint] #num_loops=1 #num_dual_strengthening=1 
  2.67e-04s  0.00e+00d  [ProcessAtMostOneAndLinear] 
  7.90e-05s  0.00e+00d  [DetectDuplicateConstraints] 
  7.70e-05s  0.00e+00d  [DetectDuplicateConstraintsWithDifferentEnforcements] 
  3.80e-05s  1.78e-06d  [DetectDominatedLinearConstraints] #relevant_constraints=70 
  2.30e-05s  0.00e+00d  [DetectDifferentVariables] 
  5.33e-04s  4.73e-05d  [ProcessSetPPC] #relevant_constraints=3'589 #num_inclusions=311 
  2.90e-05s  0.00e+00d  [FindAlmostIdenticalLinearConstraints] 
  4.89e-04s  6.23e-04d  [FindBigAtMostOneAndLinearOverlap] 
  1.00e-04s  1.11e-04d  [FindBigVerticalLinearOverlap] 
  2.30e-05s  2.79e-06d  [FindBigHorizontalLinearOverlap] #linears=52 
  2.65e-04s  2.94e-05d  [MergeClauses] 
  3.58e-04s  0.00e+00d  [DetectDominanceRelations] 
  1.06e-03s  0.00e+00d  [PresolveToFixPoint] #num_loops=1 #num_dual_strengthening=1 
  3.52e-04s  0.00e+00d  [DetectDominanceRelations] 
  1.02e-03s  0.00e+00d  [PresolveToFixPoint] #num_loops=1 #num_dual_strengthening=1 
  1.60e-04s  0.00e+00d  [DetectDuplicateColumns] 
  7.60e-05s  0.00e+00d  [DetectDuplicateConstraints] 
[Symmetry] Graph for symmetry has 7'633 nodes and 15'292 arcs.
[Symmetry] Symmetry computation done. time: 0.004838 dtime: 0.0128129
[Symmetry] #generators: 9, average support size: 459.333
[Symmetry] 480 orbits on 2079 variables with sizes: 9,9,9,9,9,9,9,9,9,9,...
[Symmetry] Num fixable by binary propagation in orbit: 8 / 9
[Symmetry] Num fixable by intersecting at_most_one with orbits: 12 largest_orbit: 9
[Symmetry] Found orbitope of size 224 x 2
[SAT presolve] num removable Booleans: 0 / 2226
[SAT presolve] num trivial clauses: 0
[SAT presolve] [0s] clauses:2174 literals:6346 vars:2196 one_side_vars:1891 simple_definition:294 singleton_clauses:0
[SAT presolve] [5.7e-05s] clauses:2174 literals:6346 vars:2196 one_side_vars:1891 simple_definition:294 singleton_clauses:0
[SAT presolve] [0.000135s] clauses:2174 literals:6346 vars:2196 one_side_vars:1891 simple_definition:294 singleton_clauses:0
  1.17e-04s  0.00e+00d  [DetectDuplicateConstraintsWithDifferentEnforcements] 
  1.42e-02s  5.99e-02d  [Probe] #probed=4'428 #new_binary_clauses=453 
  4.01e-03s  2.02e-02d  [MaxClique] Merged 1'557(7'869 literals) into 1'545(7'849 literals) at_most_ones. 
  3.89e-04s  0.00e+00d  [DetectDominanceRelations] 
  1.19e-03s  0.00e+00d  [PresolveToFixPoint] #num_loops=1 #num_dual_strengthening=1 
  2.88e-04s  0.00e+00d  [ProcessAtMostOneAndLinear] 
  9.00e-05s  0.00e+00d  [DetectDuplicateConstraints] 
  8.90e-05s  0.00e+00d  [DetectDuplicateConstraintsWithDifferentEnforcements] 
  4.20e-05s  1.78e-06d  [DetectDominatedLinearConstraints] #relevant_constraints=70 
  2.70e-05s  0.00e+00d  [DetectDifferentVariables] 
  5.55e-04s  4.71e-05d  [ProcessSetPPC] #relevant_constraints=3'573 #num_inclusions=313 
  3.30e-05s  0.00e+00d  [FindAlmostIdenticalLinearConstraints] 
  5.15e-04s  6.12e-04d  [FindBigAtMostOneAndLinearOverlap] 
  1.05e-04s  1.10e-04d  [FindBigVerticalLinearOverlap] 
  2.70e-05s  2.79e-06d  [FindBigHorizontalLinearOverlap] #linears=52 
  2.73e-04s  2.92e-05d  [MergeClauses] 
  3.87e-04s  0.00e+00d  [DetectDominanceRelations] 
  1.13e-03s  0.00e+00d  [PresolveToFixPoint] #num_loops=1 #num_dual_strengthening=1 
  9.60e-05s  0.00e+00d  [ExpandObjective] #entries=1'152 #tight_variables=288 #tight_constraints=72 

Presolve summary:
  - 18 affine relations were detected.
  - rule 'TODO dual: only one blocking constraint?' was applied 17'036 times.
  - rule 'TODO dual: only one unspecified blocking constraint?' was applied 9 times.
  - rule 'TODO linear2: contains a Boolean.' was applied 432 times.
  - rule 'affine: new relation' was applied 18 times.
  - rule 'at_most_one: removed literals' was applied 87 times.
  - rule 'at_most_one: size one' was applied 10 times.
  - rule 'at_most_one: transformed into max clique.' was applied 3 times.
  - rule 'bool_and: always false' was applied 741 times.
  - rule 'bool_or: always true' was applied 741 times.
  - rule 'bool_or: implications' was applied 576 times.
  - rule 'bool_or: only one literal' was applied 765 times.
  - rule 'enforcement: false literal' was applied 360 times.
  - rule 'lin_max: rewrite with precedences' was applied 1 time.
  - rule 'lin_max: target domain reduced' was applied 1 time.
  - rule 'linear1: x in domain' was applied 108 times.
  - rule 'linear: always true' was applied 167 times.
  - rule 'linear: empty' was applied 24 times.
  - rule 'linear: fixed or dup variables' was applied 218 times.
  - rule 'linear: negative clause' was applied 216 times.
  - rule 'linear: positive at most one' was applied 129 times.
  - rule 'linear: positive clause' was applied 72 times.
  - rule 'linear: positive equal one' was applied 54 times.
  - rule 'linear: reduced variable domains' was applied 60 times.
  - rule 'linear: remapped using affine relations' was applied 18 times.
  - rule 'presolve: 1314 unused variables removed.' was applied 1 time.
  - rule 'presolve: iteration' was applied 3 times.
  - rule 'symmetry: added orbit symmetry breaking implications' was applied 2 times.
  - rule 'symmetry: fixed to false in general orbit' was applied 81 times.

Presolved optimization model '': (model_fingerprint: 0x257ebf43cdb9ac73)
#Variables: 2'233 (#ints: 19 in objective) (2'147 primary variables)
  - 2'214 Booleans in [0,1]
  - 19 in [1,4]
#kAtMostOne: 1'303 (#literals: 7'321)
#kBoolAnd: 94 (#enforced: 94) (#literals: 332)
#kBoolOr: 1'926 (#literals: 5'850)
#kExactlyOne: 54 (#literals: 270)
#kLinear2: 18
#kLinearN: 52 (#terms: 558)
[Symmetry] Graph for symmetry has 6'287 nodes and 15'212 arcs.
[Symmetry] Symmetry computation done. time: 0.003618 dtime: 0.00930121
[Symmetry] #generators: 7, average support size: 460
[Symmetry] 592 orbits on 1926 variables with sizes: 9,9,9,9,9,9,9,9,9,9,...
[Symmetry] Found orbitope of size 224 x 2

Preloading model.
#Bound   0.13s best:-inf  next:[91,364]   initial_domain
#Model   0.13s var:2233/2233 constraints:3447/3447

Starting search at 0.13s with 8 workers.
6 full problem subsolvers: [core, default_lp, max_lp_sym, no_lp, quick_restart, reduced_costs]
2 first solution subsolvers: [fj, fs_random_no_lp]
9 interleaved subsolvers: [feasibility_pump, graph_arc_lns, graph_cst_lns, graph_dec_lns, graph_var_lns, ls, rins/rens, rnd_cst_lns, rnd_var_lns]
3 helper subsolvers: [neighborhood_helper, synchronization_agent, update_gap_integral]

#1       0.22s best:202   next:[203,364]  no_lp
#2       0.22s best:203   next:[204,364]  no_lp
#Model   0.23s var:2139/2233 constraints:3337/3447
#Model   0.24s var:2134/2233 constraints:3337/3447
#3       0.29s best:205   next:[206,364]  graph_var_lns (d=7.07e-01 s=18 t=0.10 p=1.00 stall=1 h=base)
#Bound   0.41s best:205   next:[206,291]  bool_core (num_cores=1 [size:1 mw:73] a=19 d=0 fixed=1/2233 clauses=6'931)
#4       0.42s best:281   next:[282,291]  graph_var_lns (d=8.14e-01 s=26 t=0.10 p=1.00 stall=0 h=base)
#Model   0.43s var:2133/2233 constraints:3319/3447
#5       0.48s best:283   next:[284,291]  quick_restart
#Model   0.61s var:2126/2233 constraints:3319/3447
#Model   0.62s var:2122/2233 constraints:3319/3447
#Model   0.66s var:2115/2233 constraints:3318/3447
#Model   0.69s var:2111/2233 constraints:3303/3447
#Model   0.71s var:2108/2233 constraints:3293/3447
#Model   0.89s var:2079/2233 constraints:3253/3447
#6       1.90s best:284   next:[285,291]  graph_arc_lns (d=9.56e-01 s=65 t=0.10 p=1.00 stall=6 h=base)
#Bound   3.14s best:284   next:[285,290]  bool_core (num_cores=2 [size:15 mw:1 d:4] a=4 d=4 fixed=155/2247 clauses=17'589)
#Bound  14.43s best:284   next:[285,289]  bool_core (num_cores=3 [size:1 mw:1] a=4 d=4 fixed=156/2262 clauses=33'109)
#Bound 134.49s best:284   next:[285,288]  bool_core (num_cores=4 [size:4 mw:1 d:5] a=1 d=5 fixed=157/2278 clauses=60'063)
#Bound 483.29s best:284   next:[285,287]  bool_core (num_cores=5 [size:1 mw:1] a=1 d=5 fixed=157/2295 clauses=102'595)
#Bound 4072.83s best:284   next:[285,286]  bool_core (num_cores=6 [size:1 mw:1] a=1 d=5 fixed=158/2312 clauses=209'417)

Task timing                   n [     min,      max]      avg      dev     time         n [     min,      max]      avg      dev    dtime
              'core':         1 [   6.00h,    6.00h]    6.00h   0.00ns    6.00h         1 [   5.61h,    5.61h]    5.61h   0.00ns    5.61h
        'default_lp':         1 [   6.00h,    6.00h]    6.00h   0.00ns    6.00h         1 [   5.10h,    5.10h]    5.10h   0.00ns    5.10h
  'feasibility_pump':     53538 [ 10.00us,  18.97ms]  92.90us 214.50us    4.97s     53529 [ 18.46us,   2.95ms]  18.52us  12.65us 991.18ms
                'fj':         1 [ 81.80ms,  81.80ms]  81.80ms   0.00ns  81.80ms         1 [100.02ms, 100.02ms] 100.02ms   0.00ns 100.02ms
   'fs_random_no_lp':         1 [ 94.67ms,  94.67ms]  94.67ms   0.00ns  94.67ms         1 [154.72ms, 154.72ms] 154.72ms   0.00ns 154.72ms
     'graph_arc_lns':      7366 [  4.29ms,    4.34s] 727.05ms 792.28ms    1.49h      7366 [ 10.00ns,    1.73s] 365.66ms 408.07ms   44.89m
     'graph_cst_lns':      7385 [  4.31ms,    4.13s] 725.09ms 807.87ms    1.49h      7385 [ 10.00ns,    1.73s] 363.19ms 412.33ms   44.70m
     'graph_dec_lns':      7511 [  5.51ms,    4.47s] 713.02ms 832.45ms    1.49h      7511 [ 10.00ns,    1.84s] 360.93ms 432.96ms   45.18m
     'graph_var_lns':      7240 [  4.91ms,    3.75s] 739.84ms 730.48ms    1.49h      7240 [ 10.00ns,    1.63s] 389.47ms 381.23ms   47.00m
                'ls':     41960 [ 54.07ms, 301.75ms] 127.59ms  25.22ms    1.49h     41960 [100.00ms, 100.04ms] 100.01ms   3.44us    1.17h
        'max_lp_sym':         1 [   6.00h,    6.00h]    6.00h   0.00ns    6.00h         1 [   2.37h,    2.37h]    2.37h   0.00ns    2.37h
             'no_lp':         1 [   6.00h,    6.00h]    6.00h   0.00ns    6.00h         1 [   7.01h,    7.01h]    7.01h   0.00ns    7.01h
     'quick_restart':         1 [   6.00h,    6.00h]    6.00h   0.00ns    6.00h         1 [   3.67h,    3.67h]    3.67h   0.00ns    3.67h
     'reduced_costs':         1 [   6.00h,    6.00h]    6.00h   0.00ns    6.00h         1 [   5.97h,    5.97h]    5.97h   0.00ns    5.97h
         'rins/rens':      9415 [371.00us,    5.67s] 568.93ms 972.51ms    1.49h      7763 [ 10.00ns,    2.20s] 354.01ms 528.71ms   45.80m
       'rnd_cst_lns':      7464 [  4.57ms,    4.42s] 717.58ms 815.75ms    1.49h      7464 [ 10.00ns,    1.80s] 363.99ms 422.56ms   45.28m
       'rnd_var_lns':      7516 [  2.66ms,    4.46s] 713.27ms 833.11ms    1.49h      7516 [ 10.00ns,    1.84s] 364.36ms 430.51ms   45.64m

Search stats          Bools   Conflicts     Branches    Restarts      BoolPropag   IntegerPropag
             'core':  2'329  38'252'954   51'879'259      30'309  12'647'535'310     617'766'482
       'default_lp':  2'214  36'143'647   56'079'058   2'688'837  10'497'293'656   1'579'735'231
  'fs_random_no_lp':  2'214          56       11'091       6'921       1'291'497         115'345
       'max_lp_sym':  2'214   9'662'934   52'247'175   7'993'924   5'019'859'952   5'529'306'519
            'no_lp':  2'215  46'240'465   67'355'326   3'182'631  16'461'077'161   2'166'754'072
    'quick_restart':  2'214  12'556'691   96'791'029   7'645'294   6'729'273'688     656'948'455
    'reduced_costs':  2'233   5'043'837  143'612'672  26'547'868  10'859'078'162  10'044'313'641

SAT stats             ClassicMinim     LitRemoved     LitLearned   LitForgotten  Subsumed    MClauses   MDecisions  MLitTrue  MSubsumed  MLitRemoved    MReused
             'core':    35'977'771    817'334'097  1'263'033'700  1'255'404'959    52'772      14'947      144'967         0      3'151       55'442      1'544
       'default_lp':    32'054'621    816'449'092  1'395'514'033  1'371'560'815    25'669     931'142    7'657'125         0    187'182    1'923'521     94'781
  'fs_random_no_lp':            18            282          1'027              0         3       3'015        6'431         0          8           53          0
       'max_lp_sym':     8'733'986    254'593'917    350'706'370    335'147'724    10'479   4'988'621   34'004'014         4    188'221    1'548'781    450'054
            'no_lp':    42'989'054  1'250'485'887  1'357'027'974  1'340'779'199    52'348     877'021    8'558'285         0    188'955    2'348'972     89'548
    'quick_restart':    10'718'790    384'562'335    657'208'749    625'518'864    21'943   2'919'120   21'623'346         0    324'969    2'873'971     88'802
    'reduced_costs':     4'657'072    140'906'706    153'697'943    146'660'884    10'539  17'299'099  122'983'396         0    113'816    1'000'066  1'313'742

Lp stats            Component   Iterations  AddedCuts     OPTIMAL    DUAL_F.  DUAL_U.
     'default_lp':          2  178'577'112        401  51'703'665          0   21'667
     'max_lp_sym':          1   81'544'231    543'556   9'535'561  4'165'079   74'040
  'quick_restart':          2  261'117'719        252  45'382'789          0   46'004
  'reduced_costs':          1   64'930'158     46'085       1'393  5'431'808    2'391

Lp dimension             Final dimension of first component
     'default_lp':       144 rows, 288 columns, 905 entries
     'max_lp_sym':      904 rows, 899 columns, 9564 entries
  'quick_restart':       144 rows, 288 columns, 905 entries
  'reduced_costs':  5130 rows, 2233 columns, 164925 entries

Lp debug            CutPropag  CutEqPropag      Adjust  Overflow         Bad  BadScaling
     'default_lp':          0            0          67         0       7'002           0
     'max_lp_sym':          0        7'109  12'084'077         0  19'802'568           0
  'quick_restart':          0            0         614         0       6'951           0
  'reduced_costs':          0           74       1'836         0   1'664'448           0

Lp pool             Constraints  Updates  Simplif  Merged  Shortened  Split  Strenghtened          Cuts/Call
     'default_lp':          600      147      456       0        289     50             6            401/669
     'max_lp_sym':       11'259  125'011    3'921      11      5'660     44        27'226  543'556/1'120'884
  'quick_restart':          451       45      414       0        238      6             0            252/395
  'reduced_costs':       12'674   21'505    2'325       2      1'149    140            85      46'085/76'450

Lp Cut            default_lp  quick_restart  reduced_costs  max_lp_sym
          CG_FF:          94             41            247      11'723
           CG_K:           5              3             13       6'834
          CG_KL:           2              -              2         524
           CG_R:          73             45            751      29'090
          CG_RB:           -              -              -      10'049
         CG_RBP:           -              -              -       6'052
         Clique:           -              -          1'685      46'712
             IB:           -              -              -       2'061
       MIR_1_FF:           -              -            215       9'264
        MIR_1_K:           -              -              -       1'412
       MIR_1_KL:           -              -              -         831
        MIR_1_R:           -              -             82       5'167
       MIR_1_RB:           -              -              -         756
      MIR_1_RBP:           -              -              -         663
      MIR_1_RLT:           -              -          3'691     118'812
       MIR_2_FF:           -              -            270       4'513
        MIR_2_K:           -              -              3         912
       MIR_2_KL:           -              -              3         158
        MIR_2_R:           -              -             98       8'075
       MIR_2_RB:           -              -              -       1'696
      MIR_2_RBP:           -              -              -       1'635
       MIR_3_FF:           -              -            125       2'817
        MIR_3_K:           -              -              -         509
       MIR_3_KL:           -              -              -          93
        MIR_3_R:           -              -             48       4'624
       MIR_3_RB:           -              -              -         880
      MIR_3_RBP:           -              -              -         815
       MIR_4_FF:           -              1             42       1'763
        MIR_4_K:           -              -              -         380
       MIR_4_KL:           -              -              -          38
        MIR_4_R:           -              -             48       2'993
       MIR_4_RB:           -              -              -         507
      MIR_4_RBP:           -              -              -         450
       MIR_5_FF:           -              -             24       1'207
        MIR_5_K:           -              -              -         315
       MIR_5_KL:           -              -              -          14
        MIR_5_R:           1              -             44       2'067
       MIR_5_RB:           -              -              -         293
      MIR_5_RBP:           -              -              -         286
       MIR_6_FF:           -              -             10         940
        MIR_6_K:           -              -              -         244
       MIR_6_KL:           -              -              -          15
        MIR_6_R:           -              -             39       1'577
       MIR_6_RB:           -              -              -         213
      MIR_6_RBP:           -              -              -         212
   ZERO_HALF_FF:         132             60         13'844     104'212
    ZERO_HALF_K:           -              -             13       5'346
   ZERO_HALF_KL:           -              -              -         301
    ZERO_HALF_R:          94            102         24'788     141'906
   ZERO_HALF_RB:           -              -              -         768
  ZERO_HALF_RBP:           -              -              -         832

LNS stats           Improv/Calls  Closed  Difficulty  TimeLimit
  'graph_arc_lns':        1/7366     50%    9.64e-01       1.73
  'graph_cst_lns':        0/7385     50%    9.60e-01       1.73
  'graph_dec_lns':        0/7511     50%    9.49e-01       1.84
  'graph_var_lns':        2/7240     50%    9.62e-01       1.63
      'rins/rens':        0/8006     50%    9.47e-01       2.20
    'rnd_cst_lns':        0/7464     50%    9.63e-01       1.80
    'rnd_var_lns':        0/7516     50%    9.59e-01       1.84

LS stats                                Batches  Restarts/Perturbs     LinMoves     GenMoves  CompoundMoves    Bactracks  WeightUpdates  ScoreComputed
                         'fj_restart':        1                  1       75'499            0              0            0         24'623         50'551
                         'ls_restart':    3'601                943  304'496'942            0              0            0     53'376'637      4'375'996
                'ls_restart_compound':    5'215                950            0  232'111'929      8'446'511  111'830'550      1'004'531  1'715'138'981
        'ls_restart_compound_perturb':    6'523                970            0  290'924'249      9'186'466  140'866'726      1'306'507  2'142'184'262
                   'ls_restart_decay':    5'288                906  421'684'942            0              0            0      9'363'574     52'220'526
          'ls_restart_decay_compound':    4'365                967            0  229'253'127     47'372'218   90'937'002        153'655  1'408'459'401
  'ls_restart_decay_compound_perturb':    5'867                939            0  311'588'747     63'622'653  123'979'778        190'815  1'887'513'598
           'ls_restart_decay_perturb':    6'487                920  517'366'040            0              0            0     11'477'707     64'056'207
                 'ls_restart_perturb':    4'614                937  389'712'766            0              0            0     70'380'866      4'704'104

Solutions (6)       Num   Rank
  'graph_arc_lns':    1  [6,6]
  'graph_var_lns':    2  [3,4]
          'no_lp':    2  [1,2]
  'quick_restart':    1  [5,5]

Objective bounds     Num
       'bool_core':    6
  'initial_domain':    1

Solution repositories      Added  Queried  Synchro
  'feasible solutions':   22'356  122'340   21'632
   'fj solution hints':        0        0        0
        'lp solutions':  201'444    4'675  133'903
                'pump':   53'537    4'740

Improving bounds shared    Num  Sym
                  'core':    1    0
            'default_lp':   46    0
            'max_lp_sym':   21    0
                 'no_lp':   24   14
         'quick_restart':   19    0

Clauses shared          Num
             'core':     15
       'default_lp':    202
  'fs_random_no_lp':     10
       'max_lp_sym':    151
            'no_lp':    699
    'quick_restart':  9'234
    'reduced_costs':     70

CpSolverResponse summary:
status: FEASIBLE
objective: 284
best_bound: 286
integers: 380
booleans: 2214
conflicts: 56
branches: 11091
propagations: 1291497
integer_propagations: 115345
restarts: 6921
lp_iterations: 0
walltime: 21600.1
usertime: 21600.1
deterministic_time: 130326
gap_integral: 91775.3
solution_fingerprint: 0xe21df43d509cdb08

Starting cp_sat_caseB_v1_1.py N=18, maximize_spread=False, enforce_balance=True
Solver status: FEASIBLE, elapsed 21600.13s
Round 1:
  Group 1 (size 3): [16, 17, 18]
  Group 2 (size 3): [13, 14, 15]
  Group 3 (size 4): [9, 10, 11, 12]
  Group 4 (size 4): [5, 6, 7, 8]
  Group 5 (size 4): [1, 2, 3, 4]
Round 2:
  Group 1 (size 3): [12, 15, 17]
  Group 2 (size 3): [4, 8, 18]
  Group 3 (size 4): [3, 7, 11, 14]
  Group 4 (size 4): [2, 6, 10, 16]
  Group 5 (size 4): [1, 5, 9, 13]
Round 3:
  Group 1 (size 3): [8, 10, 13]
  Group 2 (size 3): [1, 6, 11]
  Group 3 (size 4): [2, 5, 14, 17]
  Group 4 (size 4): [3, 9, 15, 18]
  Group 5 (size 4): [4, 7, 12, 16]
Round 4:
  Group 1 (size 3): [2, 7, 9]
  Group 2 (size 3): [3, 5, 10]
  Group 3 (size 4): [1, 8, 15, 16]
  Group 4 (size 4): [4, 11, 13, 17]
  Group 5 (size 4): [6, 12, 14, 18]
Saved solution CSV to /Users/jgojnich/enhanced-social-golfer-problem/runs/n18_20261001_214154/fair/solution_n18_sol.csv
