
Starting CP-SAT solver v9.14.6206
Parameters: random_seed: 73 max_time_in_seconds: 60 log_search_progress: true num_search_workers: 8 cp_model_probing_level: 1 log_to_stdout: false

Initial optimization model '': (model_fingerprint: 0x48b5db03ba6e3a2a)
#Variables: 3'565 (#ints: 19 in objective) (3'371 primary variables)
  - 3'528 Booleans in [0,1]
  - 19 in [0,4]
  - 18 in [0,12]
#kBoolAnd: 3'060 (#enforced: 3'060) (#literals: 9'180)
#kBoolOr: 3'060 (#enforced: 3'060) (#literals: 6'120)
#kLinMax: 1 (#expressions: 18)
#kLinear1: 90
#kLinear2: 378
#kLinearN: 372 (#terms: 4'590)

Starting presolve at 0.00s
  3.00e-04s  0.00e+00d  [DetectDominanceRelations] 
  3.01e-03s  0.00e+00d  [PresolveToFixPoint] #num_loops=2 #num_dual_strengthening=1 
  3.90e-05s  0.00e+00d  [ExtractEncodingFromLinear] #potential_supersets=183 #potential_subsets=18 
  5.30e-05s  0.00e+00d  [DetectDuplicateColumns] 
  9.80e-05s  0.00e+00d  [DetectDuplicateConstraints] 
[Symmetry] Graph for symmetry has 10'416 nodes and 22'375 arcs.
[Symmetry] Symmetry computation done. time: 0.023622 dtime: 0.0625636
[Symmetry] #generators: 14, average support size: 773.429
[Symmetry] 23 orbits on 2313 variables with sizes: 432,288,288,216,216,216,144,81,72,72,...
[Symmetry] Num fixable by binary propagation in orbit: 53 / 432
[Symmetry] Found orbitope of size 231 x 2
[SAT presolve] num removable Booleans: 0 / 2295
[SAT presolve] num trivial clauses: 0
[SAT presolve] [0s] clauses:6725 literals:15476 vars:2224 one_side_vars:0 simple_definition:1953 singleton_clauses:0
[SAT presolve] [0.000215s] clauses:6725 literals:15476 vars:2224 one_side_vars:0 simple_definition:1953 singleton_clauses:0
[SAT presolve] [0.000334s] clauses:6725 literals:15476 vars:2224 one_side_vars:0 simple_definition:1953 singleton_clauses:0
  8.10e-05s  0.00e+00d  [DetectDuplicateConstraintsWithDifferentEnforcements] 
  1.60e-02s  5.91e-02d  [Probe] #probed=4'484 #new_binary_clauses=349 
  5.50e-03s  2.49e-02d  [MaxClique] Merged 4'900(11'477 literals) into 1'549(7'928 literals) at_most_ones. 
  3.55e-04s  0.00e+00d  [DetectDominanceRelations] 
  1.25e-03s  0.00e+00d  [PresolveToFixPoint] #num_loops=1 #num_dual_strengthening=1 
  2.97e-04s  0.00e+00d  [ProcessAtMostOneAndLinear] 
  7.60e-05s  0.00e+00d  [DetectDuplicateConstraints] 
  7.50e-05s  0.00e+00d  [DetectDuplicateConstraintsWithDifferentEnforcements] 
  2.80e-05s  1.78e-06d  [DetectDominatedLinearConstraints] #relevant_constraints=70 
  1.90e-05s  0.00e+00d  [DetectDifferentVariables] 
  5.91e-04s  4.75e-05d  [ProcessSetPPC] #relevant_constraints=3'609 #num_inclusions=308 
  2.40e-05s  0.00e+00d  [FindAlmostIdenticalLinearConstraints] 
  5.37e-04s  6.21e-04d  [FindBigAtMostOneAndLinearOverlap] 
  1.20e-04s  1.11e-04d  [FindBigVerticalLinearOverlap] 
  2.00e-05s  2.79e-06d  [FindBigHorizontalLinearOverlap] #linears=52 
  2.39e-04s  2.97e-05d  [MergeClauses] 
  3.59e-04s  0.00e+00d  [DetectDominanceRelations] 
  1.16e-03s  0.00e+00d  [PresolveToFixPoint] #num_loops=1 #num_dual_strengthening=1 
  3.69e-04s  0.00e+00d  [DetectDominanceRelations] 
  1.13e-03s  0.00e+00d  [PresolveToFixPoint] #num_loops=1 #num_dual_strengthening=1 
  1.17e-04s  0.00e+00d  [DetectDuplicateColumns] 
  7.30e-05s  0.00e+00d  [DetectDuplicateConstraints] 
[Symmetry] Graph for symmetry has 7'654 nodes and 15'368 arcs.
[Symmetry] Symmetry computation done. time: 0.007473 dtime: 0.017954
[Symmetry] #generators: 11, average support size: 567.818
[Symmetry] 262 orbits on 2234 variables with sizes: 32,32,32,32,32,24,24,24,24,24,...
[Symmetry] Num fixable by binary propagation in orbit: 16 / 32
[Symmetry] Found orbitope of size 228 x 2
[SAT presolve] num removable Booleans: 0 / 2242
[SAT presolve] num trivial clauses: 0
[SAT presolve] [0s] clauses:2202 literals:6414 vars:2208 one_side_vars:1889 simple_definition:310 singleton_clauses:0
[SAT presolve] [6.1e-05s] clauses:2202 literals:6414 vars:2208 one_side_vars:1889 simple_definition:310 singleton_clauses:0
[SAT presolve] [0.000139s] clauses:2202 literals:6414 vars:2208 one_side_vars:1889 simple_definition:310 singleton_clauses:0
  1.03e-04s  0.00e+00d  [DetectDuplicateConstraintsWithDifferentEnforcements] 
  1.63e-02s  6.07e-02d  [Probe] #probed=4'452 #new_binary_clauses=453 
  4.35e-03s  2.03e-02d  [MaxClique] Merged 1'580(7'937 literals) into 1'551(7'899 literals) at_most_ones. 
  3.79e-04s  0.00e+00d  [DetectDominanceRelations] 
  1.27e-03s  0.00e+00d  [PresolveToFixPoint] #num_loops=1 #num_dual_strengthening=1 
  3.14e-04s  0.00e+00d  [ProcessAtMostOneAndLinear] 
  8.30e-05s  0.00e+00d  [DetectDuplicateConstraints] 
  8.00e-05s  0.00e+00d  [DetectDuplicateConstraintsWithDifferentEnforcements] 
  3.20e-05s  1.78e-06d  [DetectDominatedLinearConstraints] #relevant_constraints=70 
  2.40e-05s  0.00e+00d  [DetectDifferentVariables] 
  5.93e-04s  4.73e-05d  [ProcessSetPPC] #relevant_constraints=3'589 #num_inclusions=311 
  2.80e-05s  0.00e+00d  [FindAlmostIdenticalLinearConstraints] 
  5.33e-04s  6.18e-04d  [FindBigAtMostOneAndLinearOverlap] 
  1.20e-04s  1.11e-04d  [FindBigVerticalLinearOverlap] 
  2.40e-05s  2.79e-06d  [FindBigHorizontalLinearOverlap] #linears=52 
  2.41e-04s  2.94e-05d  [MergeClauses] 
  3.70e-04s  0.00e+00d  [DetectDominanceRelations] 
  1.20e-03s  0.00e+00d  [PresolveToFixPoint] #num_loops=1 #num_dual_strengthening=1 
  3.64e-04s  0.00e+00d  [DetectDominanceRelations] 
  1.14e-03s  0.00e+00d  [PresolveToFixPoint] #num_loops=1 #num_dual_strengthening=1 
  1.33e-04s  0.00e+00d  [DetectDuplicateColumns] 
  8.20e-05s  0.00e+00d  [DetectDuplicateConstraints] 
[Symmetry] Graph for symmetry has 7'633 nodes and 15'292 arcs.
[Symmetry] Symmetry computation done. time: 0.005283 dtime: 0.0128129
[Symmetry] #generators: 9, average support size: 459.333
[Symmetry] 480 orbits on 2079 variables with sizes: 9,9,9,9,9,9,9,9,9,9,...
[Symmetry] Num fixable by binary propagation in orbit: 8 / 9
[Symmetry] Num fixable by intersecting at_most_one with orbits: 12 largest_orbit: 9
[Symmetry] Found orbitope of size 224 x 2
[SAT presolve] num removable Booleans: 0 / 2226
[SAT presolve] num trivial clauses: 0
[SAT presolve] [0s] clauses:2174 literals:6346 vars:2196 one_side_vars:1891 simple_definition:294 singleton_clauses:0
[SAT presolve] [6.4e-05s] clauses:2174 literals:6346 vars:2196 one_side_vars:1891 simple_definition:294 singleton_clauses:0
[SAT presolve] [0.000141s] clauses:2174 literals:6346 vars:2196 one_side_vars:1891 simple_definition:294 singleton_clauses:0
  1.27e-04s  0.00e+00d  [DetectDuplicateConstraintsWithDifferentEnforcements] 
  1.62e-02s  5.99e-02d  [Probe] #probed=4'428 #new_binary_clauses=453 
  4.08e-03s  2.02e-02d  [MaxClique] Merged 1'557(7'869 literals) into 1'545(7'849 literals) at_most_ones. 
  3.55e-04s  0.00e+00d  [DetectDominanceRelations] 
  1.18e-03s  0.00e+00d  [PresolveToFixPoint] #num_loops=1 #num_dual_strengthening=1 
  2.93e-04s  0.00e+00d  [ProcessAtMostOneAndLinear] 
  8.10e-05s  0.00e+00d  [DetectDuplicateConstraints] 
  8.70e-05s  0.00e+00d  [DetectDuplicateConstraintsWithDifferentEnforcements] 
  4.30e-05s  1.78e-06d  [DetectDominatedLinearConstraints] #relevant_constraints=70 
  2.70e-05s  0.00e+00d  [DetectDifferentVariables] 
  5.57e-04s  4.71e-05d  [ProcessSetPPC] #relevant_constraints=3'573 #num_inclusions=313 
  3.10e-05s  0.00e+00d  [FindAlmostIdenticalLinearConstraints] 
  4.79e-04s  6.07e-04d  [FindBigAtMostOneAndLinearOverlap] 
  1.10e-04s  1.10e-04d  [FindBigVerticalLinearOverlap] 
  2.60e-05s  2.79e-06d  [FindBigHorizontalLinearOverlap] #linears=52 
  2.24e-04s  2.92e-05d  [MergeClauses] 
  3.86e-04s  0.00e+00d  [DetectDominanceRelations] 
  1.17e-03s  0.00e+00d  [PresolveToFixPoint] #num_loops=1 #num_dual_strengthening=1 
  8.60e-05s  0.00e+00d  [ExpandObjective] #entries=1'152 #tight_variables=288 #tight_constraints=72 

Presolve summary:
  - 18 affine relations were detected.
  - rule 'TODO dual: only one blocking constraint?' was applied 17'036 times.
  - rule 'TODO dual: only one unspecified blocking constraint?' was applied 9 times.
  - rule 'TODO linear2: contains a Boolean.' was applied 432 times.
  - rule 'affine: new relation' was applied 18 times.
  - rule 'at_most_one: removed literals' was applied 87 times.
  - rule 'at_most_one: size one' was applied 10 times.
  - rule 'at_most_one: transformed into max clique.' was applied 3 times.
  - rule 'bool_and: always false' was applied 741 times.
  - rule 'bool_or: always true' was applied 741 times.
  - rule 'bool_or: implications' was applied 576 times.
  - rule 'bool_or: only one literal' was applied 765 times.
  - rule 'enforcement: false literal' was applied 360 times.
  - rule 'lin_max: rewrite with precedences' was applied 1 time.
  - rule 'lin_max: target domain reduced' was applied 1 time.
  - rule 'linear1: x in domain' was applied 108 times.
  - rule 'linear: always true' was applied 167 times.
  - rule 'linear: empty' was applied 24 times.
  - rule 'linear: fixed or dup variables' was applied 218 times.
  - rule 'linear: negative clause' was applied 216 times.
  - rule 'linear: positive at most one' was applied 129 times.
  - rule 'linear: positive clause' was applied 72 times.
  - rule 'linear: positive equal one' was applied 54 times.
  - rule 'linear: reduced variable domains' was applied 60 times.
  - rule 'linear: remapped using affine relations' was applied 18 times.
  - rule 'presolve: 1314 unused variables removed.' was applied 1 time.
  - rule 'presolve: iteration' was applied 3 times.
  - rule 'symmetry: added orbit symmetry breaking implications' was applied 2 times.
  - rule 'symmetry: fixed to false in general orbit' was applied 81 times.

Presolved optimization model '': (model_fingerprint: 0x257ebf43cdb9ac73)
#Variables: 2'233 (#ints: 19 in objective) (2'147 primary variables)
  - 2'214 Booleans in [0,1]
  - 19 in [1,4]
#kAtMostOne: 1'303 (#literals: 7'321)
#kBoolAnd: 94 (#enforced: 94) (#literals: 332)
#kBoolOr: 1'926 (#literals: 5'850)
#kExactlyOne: 54 (#literals: 270)
#kLinear2: 18
#kLinearN: 52 (#terms: 558)
[Symmetry] Graph for symmetry has 6'287 nodes and 15'212 arcs.
[Symmetry] Symmetry computation done. time: 0.00365 dtime: 0.00930121
[Symmetry] #generators: 7, average support size: 460
[Symmetry] 592 orbits on 1926 variables with sizes: 9,9,9,9,9,9,9,9,9,9,...
[Symmetry] Found orbitope of size 224 x 2

Preloading model.
#Bound   0.14s best:-inf  next:[91,364]   initial_domain
#Model   0.14s var:2233/2233 constraints:3447/3447

Starting search at 0.14s with 8 workers.
6 full problem subsolvers: [core, default_lp, max_lp_sym, no_lp, quick_restart, reduced_costs]
2 first solution subsolvers: [fj, fs_random_no_lp]
9 interleaved subsolvers: [feasibility_pump, graph_arc_lns, graph_cst_lns, graph_dec_lns, graph_var_lns, ls, rins/rens, rnd_cst_lns, rnd_var_lns]
3 helper subsolvers: [neighborhood_helper, synchronization_agent, update_gap_integral]

#1       0.19s best:202   next:[203,364]  fj_restart_compound_obj(batch:1 lin{mvs:0 evals:146'087} gen{mvs:28'854 evals:0} comp{mvs:3'302 btracks:12'776} #w_updates:175 #perturb:0)
#Model   0.19s var:2232/2233 constraints:3447/3447
#2       0.19s best:205   next:[206,364]  no_lp
#3       0.19s best:206   next:[207,364]  no_lp
#4       0.20s best:207   next:[208,364]  no_lp
#5       0.30s best:208   next:[209,364]  default_lp
#Bound   0.30s best:208   next:[209,291]  bool_core (num_cores=1 [size:1 mw:73] a=19 d=0 fixed=1/2233 clauses=6'931)
#Model   0.31s var:2206/2233 constraints:3417/3447
#Model   0.32s var:2201/2233 constraints:3417/3447
#6       0.38s best:280   next:[281,291]  no_lp
#Model   0.41s var:2200/2233 constraints:3399/3447
#Model   0.44s var:2197/2233 constraints:3399/3447
#Model   0.44s var:2195/2233 constraints:3399/3447
#Model   0.45s var:2191/2233 constraints:3399/3447
#Model   0.46s var:2189/2233 constraints:3397/3447
#7       0.47s best:282   next:[283,291]  no_lp
#Model   0.53s var:2154/2233 constraints:3349/3447
#8       0.71s best:283   next:[284,291]  rnd_cst_lns (d=9.39e-01 s=55 t=0.10 p=1.00 stall=5 h=base)
#Model   0.76s var:2152/2233 constraints:3349/3447
#Model   1.02s var:2111/2233 constraints:3293/3447
#9       1.22s best:284   next:[285,291]  rnd_cst_lns (d=9.54e-01 s=82 t=0.10 p=0.88 stall=2 h=base)
#Model   1.23s var:2079/2233 constraints:3253/3447
#Bound   1.30s best:284   next:[285,290]  bool_core (num_cores=2 [size:15 mw:1 d:4] a=4 d=4 fixed=80/2247 clauses=17'426)
#Bound   5.61s best:284   next:[285,289]  bool_core (num_cores=3 [size:1 mw:1] a=4 d=4 fixed=156/2262 clauses=24'512)

Task timing                   n [     min,      max]      avg      dev     time         n [     min,      max]      avg      dev    dtime
              'core':         1 [  59.86s,   59.86s]   59.86s   0.00ns   59.86s         1 [   2.05m,    2.05m]    2.05m   0.00ns    2.05m
        'default_lp':         1 [  59.92s,   59.92s]   59.92s   0.00ns   59.92s         1 [   1.09m,    1.09m]    1.09m   0.00ns    1.09m
  'feasibility_pump':       165 [ 13.00us,   5.16ms] 127.88us 502.50us  21.10ms       163 [ 18.46us,   2.95ms]  36.42us 228.59us   5.94ms
                'fj':         1 [ 40.67ms,  40.67ms]  40.67ms   0.00ns  40.67ms         1 [ 74.25ms,  74.25ms]  74.25ms   0.00ns  74.25ms
   'fs_random_no_lp':         1 [ 46.15ms,  46.15ms]  46.15ms   0.00ns  46.15ms         1 [139.72ms, 139.72ms] 139.72ms   0.00ns 139.72ms
     'graph_arc_lns':       160 [  3.48ms, 239.67ms] 104.27ms  64.81ms   16.68s       160 [ 10.00ns, 106.15ms]  66.98ms  40.57ms   10.72s
     'graph_cst_lns':       165 [  4.10ms, 253.16ms]  99.77ms  72.76ms   16.46s       165 [ 10.00ns, 106.29ms]  59.29ms  45.33ms    9.78s
     'graph_dec_lns':       165 [  4.89ms, 238.58ms]  94.53ms  71.78ms   15.60s       165 [ 10.00ns, 106.23ms]  58.09ms  46.11ms    9.58s
     'graph_var_lns':       154 [  4.40ms, 277.28ms] 108.19ms  66.70ms   16.66s       154 [ 10.00ns, 104.21ms]  69.11ms  37.39ms   10.64s
                'ls':       165 [ 45.65ms,  95.61ms]  68.42ms  11.20ms   11.29s       165 [100.00ms, 100.02ms] 100.00ms   2.94us   16.50s
        'max_lp_sym':         1 [  59.86s,   59.86s]   59.86s   0.00ns   59.86s         1 [  28.73s,   28.73s]   28.73s   0.00ns   28.73s
             'no_lp':         1 [  59.86s,   59.86s]   59.86s   0.00ns   59.86s         1 [   2.18m,    2.18m]    2.18m   0.00ns    2.18m
     'quick_restart':         1 [  59.86s,   59.86s]   59.86s   0.00ns   59.86s         1 [  59.85s,   59.85s]   59.85s   0.00ns   59.85s
     'reduced_costs':         1 [  59.86s,   59.86s]   59.86s   0.00ns   59.86s         1 [  54.21s,   54.21s]   54.21s   0.00ns   54.21s
         'rins/rens':       166 [183.00us, 225.98ms]  62.88ms  72.42ms   10.44s       136 [ 10.00ns, 104.29ms]  56.74ms  49.48ms    7.72s
       'rnd_cst_lns':       165 [  3.27ms, 233.35ms]  95.12ms  69.11ms   15.70s       165 [ 10.00ns, 106.19ms]  60.48ms  44.08ms    9.98s
       'rnd_var_lns':       165 [  2.67ms, 232.08ms] 100.69ms  76.74ms   16.61s       165 [ 10.00ns, 106.25ms]  60.50ms  44.87ms    9.98s

Search stats          Bools  Conflicts   Branches  Restarts   BoolPropag  IntegerPropag
             'core':  2'276    625'838    938'983    18'673  203'775'951     15'533'455
       'default_lp':  2'215    317'826    982'431   127'366  119'019'246     16'095'806
  'fs_random_no_lp':  2'214         53     10'284     6'601    1'167'835        103'149
       'max_lp_sym':  2'214    108'657    421'900    88'019   47'581'915     54'045'453
            'no_lp':  2'214    795'515  1'974'669   205'117  338'620'033     36'102'711
    'quick_restart':  2'214     91'672  1'127'002   163'856   69'197'903      7'259'916
    'reduced_costs':  2'233     72'217    676'487   193'343   68'483'808     56'751'055

SAT stats             ClassicMinim  LitRemoved  LitLearned  LitForgotten  Subsumed  MClauses  MDecisions  MLitTrue  MSubsumed  MLitRemoved  MReused
             'core':       573'848  12'948'970  18'703'792    17'560'745     2'293    11'966     107'269         0      2'072       37'760    1'142
       'default_lp':       245'447   4'139'980  10'044'331     9'152'728       509    86'696     479'403         0      7'904       66'790    7'123
  'fs_random_no_lp':             9          10         917             0        11     2'621       5'779         0          6           79       41
       'max_lp_sym':        94'967   2'424'385   3'010'833     2'503'294       214    59'294     234'090         0      2'442       18'405    3'688
            'no_lp':       702'025  14'915'143  19'992'277    19'063'804     2'187   130'483     857'630         0     13'082      126'434   12'612
    'quick_restart':        58'905     783'158   3'326'352     2'608'168       469   106'939     476'301        35      6'378       46'932    3'780
    'reduced_costs':        63'523   1'672'867   1'814'809     1'224'711       380   126'026     497'311         0      2'463       21'227    6'501

Lp stats            Component  Iterations  AddedCuts  OPTIMAL  DUAL_F.  DUAL_U.
     'default_lp':          2   1'653'637        338  465'528        0    2'616
     'max_lp_sym':          1     727'529        548  117'885   41'170    1'181
  'quick_restart':          2   1'998'420        489  364'331        1    2'524
  'reduced_costs':          1     801'361      4'153       41   79'323      214

Lp dimension           Final dimension of first component
     'default_lp':     136 rows, 288 columns, 876 entries
     'max_lp_sym':    240 rows, 899 columns, 1062 entries
  'quick_restart':     144 rows, 288 columns, 907 entries
  'reduced_costs':  1112 rows, 2233 columns, 8316 entries

Lp debug            CutPropag  CutEqPropag   Adjust  Overflow     Bad  BadScaling
     'default_lp':          1            0       71         0   8'065           0
     'max_lp_sym':          0           47  100'980         0  18'859           0
  'quick_restart':          5            0       97         0  11'294           0
  'reduced_costs':          0            0      157         0  26'593           0

Lp pool             Constraints  Updates  Simplif  Merged  Shortened  Split  Strenghtened    Cuts/Call
     'default_lp':          537      112      529       0        454     10             0      338/531
     'max_lp_sym':        2'262      503    3'464       0      1'048     52           357    548/1'259
  'quick_restart':          688      181      819       0        653     20           297      489/809
  'reduced_costs':        7'744      391    2'630       0      2'029    158            42  4'153/6'246

Lp Cut           max_lp_sym  quick_restart  reduced_costs  default_lp
         CG_FF:          44            114             75          92
          CG_K:          25             14              8          20
         CG_KL:           2              3              -           7
          CG_R:          75            106            103          87
        Clique:          19              -            122           -
            IB:           7              -              -           -
      MIR_1_FF:           9              -            173           -
       MIR_1_R:           -              -             45           -
     MIR_1_RLT:          20              -          2'060           -
      MIR_2_FF:          11              -            116           -
       MIR_2_K:           -              -              3           -
      MIR_2_KL:           -              -              3           -
       MIR_2_R:           -              -             28           -
      MIR_3_FF:           3              -             66           -
       MIR_3_K:           -              -              3           -
       MIR_3_R:           1              -             35           -
      MIR_4_FF:           3              -             23           -
       MIR_4_K:           -              -              1           -
       MIR_4_R:           2              -             17           -
      MIR_5_FF:           2              -             13           -
       MIR_5_K:           -              -              1           -
       MIR_5_R:           -              -             23           -
      MIR_6_FF:           1              1             10           -
       MIR_6_K:           -              -              1           -
       MIR_6_R:           2              -             22           -
  ZERO_HALF_FF:         237            158            270          90
   ZERO_HALF_K:           2              -             10           -
   ZERO_HALF_R:          83             93            922          42

LNS stats           Improv/Calls  Closed  Difficulty  TimeLimit
  'graph_arc_lns':         0/160     52%    9.59e-01       0.11
  'graph_cst_lns':         0/165     52%    9.48e-01       0.11
  'graph_dec_lns':         0/165     51%    9.25e-01       0.11
  'graph_var_lns':         0/154     51%    9.23e-01       0.11
      'rins/rens':         0/142     49%    8.19e-01       0.10
    'rnd_cst_lns':         2/165     52%    9.55e-01       0.11
    'rnd_var_lns':         0/165     52%    9.41e-01       0.11

LS stats                                Batches  Restarts/Perturbs   LinMoves  GenMoves  CompoundMoves  Bactracks  WeightUpdates  ScoreComputed
            'fj_restart_compound_obj':        1                  1          0    28'854          3'302     12'776            175        280'942
                         'ls_restart':       26                 11  2'206'369         0              0          0        366'749         42'838
                'ls_restart_compound':       21                 14          0   895'381         67'089    414'119          3'777      6'975'102
        'ls_restart_compound_perturb':       18                  8          0   783'628         48'136    367'721          3'034      6'013'538
                   'ls_restart_decay':       27                 14  2'150'453         0              0          0         48'137        252'537
          'ls_restart_decay_compound':       14                 10          0   675'453        157'076    259'130            787      4'641'465
  'ls_restart_decay_compound_perturb':        7                  6          0   333'051         77'159    127'931            436      2'302'851
           'ls_restart_decay_perturb':       19                  9  1'513'868         0              0          0         33'965        177'331
                 'ls_restart_perturb':       33                 11  2'774'806         0              0          0        501'859         46'610

Solutions (9)                 Num   Rank
               'default_lp':    1  [5,5]
  'fj_restart_compound_obj':    1  [1,1]
                    'no_lp':    5  [2,7]
              'rnd_cst_lns':    2  [8,9]

Objective bounds     Num
       'bool_core':    3
  'initial_domain':    1

Solution repositories    Added  Queried  Synchro
  'feasible solutions':    384    2'484      373
   'fj solution hints':      0        0        0
        'lp solutions':  2'433       89    1'024
                'pump':    164       77

Improving bounds shared    Num  Sym
                  'core':    3    0
            'default_lp':    7    0
            'max_lp_sym':    6    0
                 'no_lp':   25   14
         'quick_restart':   70    1

Clauses shared        Num
             'core':   24
       'default_lp':   39
  'fs_random_no_lp':  100
       'max_lp_sym':   33
            'no_lp':  685
    'quick_restart':  564
    'reduced_costs':    8

CpSolverResponse summary:
status: FEASIBLE
objective: 284
best_bound: 289
integers: 380
booleans: 2214
conflicts: 53
branches: 10284
propagations: 1167835
integer_propagations: 103149
restarts: 6601
lp_iterations: 0
walltime: 60.0581
usertime: 60.0581
deterministic_time: 547.186
gap_integral: 884.882
solution_fingerprint: 0xae7868127396e5a1

