
Starting CP-SAT solver v9.14.6206
Parameters: random_seed: 73 max_time_in_seconds: 600 log_search_progress: true num_search_workers: 8 cp_model_probing_level: 1

Initial satisfaction model '': (model_fingerprint: 0x79c5f83e4d95c3c5)
#Variables: 4'515 (4'296 primary variables)
  - 4'376 Booleans in [0,1]
  - 95 in [0,3]
  - 19 in [0,4]
  - 19 in [0,16]
  - 6 in [0,19]
#kBoolAnd: 3'420 (#enforced: 3'420) (#literals: 10'260)
#kBoolOr: 3'420 (#enforced: 3'420) (#literals: 6'840)
#kLinear1: 120
#kLinear2: 1'317
#kLinear3: 456
#kLinearN: 507 (#terms: 6'269)

Starting presolve at 0.00s
The solution hint is incomplete: 380 out of 4515 non fixed variables hinted.
  3.47e-04s  0.00e+00d  [DetectDominanceRelations] 
  3.33e-03s  0.00e+00d  [PresolveToFixPoint] #num_loops=2 #num_dual_strengthening=1 
  5.50e-05s  0.00e+00d  [ExtractEncodingFromLinear] #potential_supersets=219 #potential_subsets=60 
  5.60e-05s  0.00e+00d  [DetectDuplicateColumns] 
  8.80e-05s  0.00e+00d  [DetectDuplicateConstraints] #duplicates=1 
[Symmetry] Graph for symmetry has 12'586 nodes and 26'552 arcs.
[Symmetry] Symmetry computation done. time: 0.023358 dtime: 0.085595
[Symmetry] #generators: 15, average support size: 974
[Symmetry] 24 orbits on 2748 variables with sizes: 576,576,432,288,144,144,144,48,48,48,...
[Symmetry] Num fixable by binary propagation in orbit: 74 / 576
[Symmetry] Found orbitope of size 255 x 2
[SAT presolve] num removable Booleans: 0 / 2688
[SAT presolve] num trivial clauses: 0
[SAT presolve] [0s] clauses:7881 literals:18084 vars:2570 one_side_vars:0 simple_definition:2293 singleton_clauses:0
[SAT presolve] [0.000208s] clauses:7881 literals:18084 vars:2570 one_side_vars:0 simple_definition:2293 singleton_clauses:0
[SAT presolve] [0.000311s] clauses:7881 literals:18084 vars:2570 one_side_vars:0 simple_definition:2293 singleton_clauses:0
  6.30e-05s  0.00e+00d  [DetectDuplicateConstraintsWithDifferentEnforcements] 
  2.04e-02s  8.24e-02d  [Probe] #probed=5'176 #fixed_bools=28 #new_bounds=60 #equiv=44 #new_binary_clauses=1'083 
  5.67e-03s  3.38e-02d  [MaxClique] Merged 5'779(13'286 literals) into 2'170(9'482 literals) at_most_ones. 
  2.96e-04s  0.00e+00d  [DetectDominanceRelations] 
  1.36e-03s  0.00e+00d  [PresolveToFixPoint] #num_loops=2 #num_dual_strengthening=1 
  3.18e-04s  0.00e+00d  [ProcessAtMostOneAndLinear] #num_changes=3 
  6.80e-05s  0.00e+00d  [DetectDuplicateConstraints] 
  6.60e-05s  0.00e+00d  [DetectDuplicateConstraintsWithDifferentEnforcements] 
  3.90e-05s  4.12e-06d  [DetectDominatedLinearConstraints] #relevant_constraints=122 
  1.90e-05s  0.00e+00d  [DetectDifferentVariables] 
  5.64e-04s  5.91e-05d  [ProcessSetPPC] #relevant_constraints=4'399 #num_inclusions=760 
  2.90e-05s  1.95e-07d  [FindAlmostIdenticalLinearConstraints] #num_tested_pairs=3 
  5.05e-04s  8.85e-04d  [FindBigAtMostOneAndLinearOverlap] 
  1.24e-04s  2.78e-04d  [FindBigVerticalLinearOverlap] 
  3.50e-05s  6.78e-05d  [FindBigHorizontalLinearOverlap] #linears=119 
  2.10e-04s  3.34e-05d  [MergeClauses] 
  2.73e-04s  0.00e+00d  [DetectDominanceRelations] 
  1.07e-03s  0.00e+00d  [PresolveToFixPoint] #num_loops=1 #num_dual_strengthening=1 
  2.60e-04s  0.00e+00d  [DetectDominanceRelations] 
  1.02e-03s  0.00e+00d  [PresolveToFixPoint] #num_loops=1 #num_dual_strengthening=1 
  9.70e-05s  0.00e+00d  [DetectDuplicateColumns] 
  6.20e-05s  0.00e+00d  [DetectDuplicateConstraints] 
[Symmetry] Graph for symmetry has 9'466 nodes and 18'455 arcs.
[Symmetry] Symmetry computation done. time: 0.008717 dtime: 0.0269208
[Symmetry] #generators: 13, average support size: 708.615
[Symmetry] 205 orbits on 2576 variables with sizes: 64,48,48,48,48,48,48,48,48,48,...
[Symmetry] Num fixable by binary propagation in orbit: 24 / 64
[Symmetry] Found orbitope of size 246 x 2
[SAT presolve] num removable Booleans: 0 / 2539
[SAT presolve] num trivial clauses: 0
[SAT presolve] [0s] clauses:2878 literals:8002 vars:2458 one_side_vars:1903 simple_definition:339 singleton_clauses:0
[SAT presolve] [8.4e-05s] clauses:2878 literals:8002 vars:2458 one_side_vars:1903 simple_definition:339 singleton_clauses:0
[SAT presolve] [0.000175s] clauses:2878 literals:8002 vars:2458 one_side_vars:1903 simple_definition:339 singleton_clauses:0
  1.02e-04s  0.00e+00d  [DetectDuplicateConstraintsWithDifferentEnforcements] 
  2.22e-02s  8.28e-02d  [Probe] #probed=5'118 #new_binary_clauses=1'308 
  4.48e-03s  2.85e-02d  [MaxClique] Merged 2'024(9'072 literals) into 1'962(8'996 literals) at_most_ones. 
  2.76e-04s  0.00e+00d  [DetectDominanceRelations] 
  1.16e-03s  0.00e+00d  [PresolveToFixPoint] #num_loops=1 #num_dual_strengthening=1 
  2.88e-04s  0.00e+00d  [ProcessAtMostOneAndLinear] 
  7.00e-05s  0.00e+00d  [DetectDuplicateConstraints] 
  7.10e-05s  0.00e+00d  [DetectDuplicateConstraintsWithDifferentEnforcements] 
  3.80e-05s  4.00e-06d  [DetectDominatedLinearConstraints] #relevant_constraints=119 
  2.20e-05s  0.00e+00d  [DetectDifferentVariables] 
  5.07e-04s  5.77e-05d  [ProcessSetPPC] #relevant_constraints=4'333 #num_inclusions=713 
  2.90e-05s  1.30e-07d  [FindAlmostIdenticalLinearConstraints] #num_tested_pairs=2 
  5.20e-04s  8.80e-04d  [FindBigAtMostOneAndLinearOverlap] 
  1.35e-04s  2.77e-04d  [FindBigVerticalLinearOverlap] 
  4.10e-05s  6.78e-05d  [FindBigHorizontalLinearOverlap] #linears=119 
  2.58e-04s  3.31e-05d  [MergeClauses] 
  3.21e-04s  0.00e+00d  [DetectDominanceRelations] 
  1.70e-03s  0.00e+00d  [PresolveToFixPoint] #num_loops=1 #num_dual_strengthening=1 
  2.86e-04s  0.00e+00d  [DetectDominanceRelations] 
  1.13e-03s  0.00e+00d  [PresolveToFixPoint] #num_loops=1 #num_dual_strengthening=1 
  1.07e-04s  0.00e+00d  [DetectDuplicateColumns] 
  7.10e-05s  0.00e+00d  [DetectDuplicateConstraints] 
[Symmetry] Graph for symmetry has 9'439 nodes and 18'331 arcs.
[Symmetry] Symmetry computation done. time: 0.003191 dtime: 0.0100991
[Symmetry] #generators: 7, average support size: 469.429
[Symmetry] 593 orbits on 2006 variables with sizes: 9,9,9,9,9,9,9,9,9,9,...
[Symmetry] Num fixable by binary propagation in orbit: 8 / 9
[Symmetry] Found orbitope of size 221 x 3
[SAT presolve] num removable Booleans: 0 / 2515
[SAT presolve] num trivial clauses: 0
[SAT presolve] [0s] clauses:2813 literals:7864 vars:2450 one_side_vars:1933 simple_definition:304 singleton_clauses:0
[SAT presolve] [6.2e-05s] clauses:2813 literals:7864 vars:2450 one_side_vars:1933 simple_definition:304 singleton_clauses:0
[SAT presolve] [0.000138s] clauses:2813 literals:7864 vars:2450 one_side_vars:1933 simple_definition:304 singleton_clauses:0
  1.08e-04s  0.00e+00d  [DetectDuplicateConstraintsWithDifferentEnforcements] 
  2.33e-02s  8.24e-02d  [Probe] #probed=5'102 #new_binary_clauses=1'308 
  4.38e-03s  2.89e-02d  [MaxClique] Merged 1'962(8'908 literals) into 1'951(8'895 literals) at_most_ones. 
  2.90e-04s  0.00e+00d  [DetectDominanceRelations] 
  1.15e-03s  0.00e+00d  [PresolveToFixPoint] #num_loops=1 #num_dual_strengthening=1 
  2.94e-04s  0.00e+00d  [ProcessAtMostOneAndLinear] 
  7.50e-05s  0.00e+00d  [DetectDuplicateConstraints] 
  7.90e-05s  0.00e+00d  [DetectDuplicateConstraintsWithDifferentEnforcements] 
  4.30e-05s  4.00e-06d  [DetectDominatedLinearConstraints] #relevant_constraints=119 
  2.80e-05s  0.00e+00d  [DetectDifferentVariables] 
  5.08e-04s  5.76e-05d  [ProcessSetPPC] #relevant_constraints=4'322 #num_inclusions=714 
  3.50e-05s  6.50e-08d  [FindAlmostIdenticalLinearConstraints] #num_tested_pairs=1 
  4.89e-04s  8.80e-04d  [FindBigAtMostOneAndLinearOverlap] 
  1.25e-04s  2.77e-04d  [FindBigVerticalLinearOverlap] 
  4.30e-05s  6.78e-05d  [FindBigHorizontalLinearOverlap] #linears=119 
  2.25e-04s  3.30e-05d  [MergeClauses] 
  3.29e-04s  0.00e+00d  [DetectDominanceRelations] 
  1.13e-03s  0.00e+00d  [PresolveToFixPoint] #num_loops=1 #num_dual_strengthening=1 

Presolve summary:
  - 88 affine relations were detected.
  - rule 'TODO dual: only one blocking constraint?' was applied 17'307 times.
  - rule 'TODO linear2: contains a Boolean.' was applied 1'560 times.
  - rule 'affine: new relation' was applied 88 times.
  - rule 'at_most_one: empty or all false' was applied 3 times.
  - rule 'at_most_one: removed literals' was applied 259 times.
  - rule 'at_most_one: satisfied' was applied 28 times.
  - rule 'at_most_one: size one' was applied 82 times.
  - rule 'at_most_one: transformed into max clique.' was applied 3 times.
  - rule 'bool_and: always false' was applied 972 times.
  - rule 'bool_or: always true' was applied 1'001 times.
  - rule 'bool_or: implications' was applied 1'176 times.
  - rule 'bool_or: only one literal' was applied 999 times.
  - rule 'duplicate: removed constraint' was applied 1 time.
  - rule 'enforcement: false literal' was applied 405 times.
  - rule 'exactly_one: removed literals' was applied 13 times.
  - rule 'linear + amo: fixed literal' was applied 3 times.
  - rule 'linear1: x in domain' was applied 319 times.
  - rule 'linear: always true' was applied 584 times.
  - rule 'linear: empty' was applied 28 times.
  - rule 'linear: fixed or dup variables' was applied 276 times.
  - rule 'linear: negative clause' was applied 504 times.
  - rule 'linear: positive at most one' was applied 144 times.
  - rule 'linear: positive clause' was applied 580 times.
  - rule 'linear: positive equal one' was applied 75 times.
  - rule 'linear: reduced variable domains' was applied 53 times.
  - rule 'linear: remapped using affine relations' was applied 49 times.
  - rule 'linear: variable substitution 1' was applied 19 times.
  - rule 'new_bool: var with 2 values' was applied 19 times.
  - rule 'presolve: 1860 unused variables removed.' was applied 1 time.
  - rule 'presolve: iteration' was applied 3 times.
  - rule 'probing: bool_or reduced to implication' was applied 12 times.
  - rule 'setppc: bool_or in at_most_one.' was applied 16 times.
  - rule 'setppc: exactly_one included in linear' was applied 9 times.
  - rule 'setppc: reduced linear coefficients' was applied 6 times.
  - rule 'setppc: removed dominated constraints' was applied 16 times.
  - rule 'setppc: removed trivial linear constraint' was applied 3 times.
  - rule 'symmetry: added orbit symmetry breaking implications' was applied 2 times.
  - rule 'symmetry: fixed to false in general orbit' was applied 106 times.
  - rule 'variables with 2 values: create encoding literal' was applied 19 times.
  - rule 'variables with 2 values: new affine relation' was applied 19 times.

Presolved satisfaction model '': (model_fingerprint: 0x5328d5fa57bd29c1)
#Variables: 2'567 (2'404 primary variables)
  - 2'507 Booleans in [0,1]
  - 60 in [0,2]
#kAtMostOne: 1'325 (#literals: 7'619)
#kBoolAnd: 294 (#enforced: 294) (#literals: 920)
#kBoolOr: 2'178 (#literals: 6'594)
#kExactlyOne: 74 (#literals: 342)
#kLinearN: 119 (#terms: 1'280)
[Symmetry] Graph for symmetry has 7'474 nodes and 18'298 arcs.
[Symmetry] Symmetry computation done. time: 0.002345 dtime: 0.00724309
[Symmetry] #generators: 5, average support size: 462.8
[Symmetry] 670 orbits on 1715 variables with sizes: 6,6,6,6,6,6,6,6,6,6,...
[Symmetry] Found orbitope of size 221 x 3

Preloading model.
The solution hint is incomplete: 272 out of 2567 non fixed variables hinted.
#Model   0.16s var:2567/2567 constraints:3990/3990

Starting search at 0.16s with 8 workers.
6 full problem subsolvers: [default_lp, max_lp_sym, no_lp, probing, quick_restart, quick_restart_no_lp]
2 first solution subsolvers: [fj, fs_random_no_lp]
2 interleaved subsolvers: [feasibility_pump, rins/rens]
2 helper subsolvers: [neighborhood_helper, synchronization_agent]

#Model   0.32s var:2559/2567 constraints:3987/3990
#Model   0.38s var:2379/2567 constraints:3763/3990
#Model   0.46s var:2374/2567 constraints:3759/3990
#Model   0.60s var:2368/2567 constraints:3756/3990
#Model   0.76s var:2355/2567 constraints:3745/3990
#Model   0.82s var:2351/2567 constraints:3739/3990
#Model   1.55s var:2350/2567 constraints:3737/3990
#Model   1.74s var:2347/2567 constraints:3732/3990
#Model   2.34s var:2345/2567 constraints:3732/3990
#Model   2.51s var:2333/2567 constraints:3716/3990
#Model   2.64s var:2321/2567 constraints:3700/3990
#Model   3.15s var:2318/2567 constraints:3700/3990
#Model   3.46s var:2317/2567 constraints:3700/3990
#Model   3.77s var:2315/2567 constraints:3698/3990
#Model   4.16s var:2309/2567 constraints:3696/3990
#Model   4.39s var:2306/2567 constraints:3694/3990
#Model   4.52s var:2304/2567 constraints:3694/3990
#Model   4.69s var:2290/2567 constraints:3664/3990
#Model   6.51s var:2289/2567 constraints:3662/3990
#Model   7.60s var:2286/2567 constraints:3661/3990
#Model   7.76s var:2281/2567 constraints:3642/3990
#Model   8.54s var:2279/2567 constraints:3642/3990
#Model   9.99s var:2278/2567 constraints:3641/3990
#Model  10.26s var:2274/2567 constraints:3639/3990
#Model  13.38s var:2272/2567 constraints:3636/3990
#Model  24.13s var:2271/2567 constraints:3636/3990
#Model  26.37s var:2269/2567 constraints:3635/3990
#Model  28.74s var:2267/2567 constraints:3632/3990
#Model  38.12s var:2266/2567 constraints:3632/3990
#Model  39.16s var:2265/2567 constraints:3632/3990
#Model  39.77s var:2264/2567 constraints:3632/3990
#Model  39.88s var:2263/2567 constraints:3629/3990
#Model 303.56s var:2260/2567 constraints:3628/3990

Task timing                      n [     min,      max]      avg      dev     time         n [     min,      max]      avg      dev    dtime
           'default_lp':         1 [  10.00m,   10.00m]   10.00m   0.00ns   10.00m         1 [  10.78m,   10.78m]   10.78m   0.00ns   10.78m
     'feasibility_pump':      4279 [ 78.00us, 441.98ms]  11.16ms  57.82ms   47.77s      4278 [ 37.08us,   8.92ms] 222.56us 943.39us 952.13ms
                   'fj':      4279 [ 47.07ms, 141.14ms]  76.96ms  13.17ms    5.49m      4279 [100.00ms, 100.06ms] 100.02ms  15.30us    7.13m
      'fs_random_no_lp':         1 [  10.00m,   10.00m]   10.00m   0.00ns   10.00m         1 [  17.45m,   17.45m]   17.45m   0.00ns   17.45m
           'max_lp_sym':         1 [  10.00m,   10.00m]   10.00m   0.00ns   10.00m         1 [   8.36m,    8.36m]    8.36m   0.00ns    8.36m
                'no_lp':         1 [  10.00m,   10.00m]   10.00m   0.00ns   10.00m         1 [  17.48m,   17.48m]   17.48m   0.00ns   17.48m
              'probing':         1 [  10.00m,   10.00m]   10.00m   0.00ns   10.00m         1 [   2.79m,    2.79m]    2.79m   0.00ns    2.79m
        'quick_restart':         1 [  10.00m,   10.00m]   10.00m   0.00ns   10.00m         1 [   9.90m,    9.90m]    9.90m   0.00ns    9.90m
  'quick_restart_no_lp':         1 [  10.00m,   10.00m]   10.00m   0.00ns   10.00m         1 [  14.78m,   14.78m]   14.78m   0.00ns   14.78m
            'rins/rens':      4280 [252.00us, 171.68ms]  51.74ms  45.04ms    3.69m      2790 [972.00ns, 100.39ms]  68.22ms  43.66ms    3.17m

Search stats              Bools  Conflicts    Branches  Restarts     BoolPropag  IntegerPropag
           'default_lp':  2'507    673'064   4'921'633   800'197    501'973'882     81'875'061
      'fs_random_no_lp':  2'507  3'417'000   5'900'601   329'525  1'011'881'525    116'448'231
           'max_lp_sym':  2'507    624'025   3'497'407   625'738    411'963'200    374'361'169
                'no_lp':  2'507  5'372'796   9'502'071   488'588  1'454'600'514    188'561'828
              'probing':  2'618         65       1'618     1'533        169'526         30'319
        'quick_restart':  2'507    204'124   5'046'403   931'027    408'446'434     69'622'003
  'quick_restart_no_lp':  2'507  1'451'481  10'878'191   680'066    826'862'927    112'334'926

SAT stats                 ClassicMinim   LitRemoved   LitLearned  LitForgotten  Subsumed  MClauses  MDecisions  MLitTrue  MSubsumed  MLitRemoved  MReused
           'default_lp':       547'156   12'520'233   20'849'878    18'626'381     1'120   501'478   3'505'643         0     31'479      327'558   44'712
      'fs_random_no_lp':     3'033'390   91'722'807  129'175'862   123'932'954     6'097   115'986   1'339'140         0     31'657      579'601    8'455
           'max_lp_sym':       552'090   13'906'352   17'069'548    15'381'334     1'429   365'542   2'294'974         0     19'856      209'155   25'694
                'no_lp':     4'726'930  125'603'281  176'822'382   172'423'151     9'645   191'148   1'715'111         0     44'714      532'910   15'957
              'probing':             6           33          707             0         0         0           0         0          0            0        0
        'quick_restart':       154'773    2'676'732    7'270'864     5'850'897       491   585'906   3'309'599         0     19'833      192'871   23'082
  'quick_restart_no_lp':     1'263'571   32'900'335   65'902'120    61'857'852     3'106   230'343   1'936'562         1     48'198      576'845   10'603

Lp stats            Component  Iterations  AddedCuts  OPTIMAL  DUAL_F.  DUAL_U.
     'default_lp':          1   5'482'812      4'638  608'024        0    9'521
     'max_lp_sym':          1   6'777'877      8'340    9'948  669'420      809
        'probing':          1     114'909    146'087   11'546        0       55
  'quick_restart':          1   6'422'101      5'372  453'166        1    9'841

Lp dimension            Final dimension of first component
     'default_lp':     234 rows, 669 columns, 1631 entries
     'max_lp_sym':   1145 rows, 1522 columns, 6666 entries
        'probing':  1321 rows, 669 columns, 123546 entries
  'quick_restart':     256 rows, 669 columns, 1798 entries

Lp debug            CutPropag  CutEqPropag  Adjust  Overflow         Bad  BadScaling
     'default_lp':          4           57   1'896         0     171'803           0
     'max_lp_sym':         16            9     642         0     269'262           0
        'probing':          0        1'405      52         0  10'830'620           0
  'quick_restart':          1           68   6'109         0     209'752           0

Lp pool             Constraints  Updates  Simplif  Merged  Shortened  Split  Strenghtened        Cuts/Call
     'default_lp':        4'926    1'998    3'945       0      2'784    976            52      4'638/8'634
     'max_lp_sym':       11'143    3'073   23'906       1      5'684  4'627         1'124     8'340/15'589
        'probing':        9'375  144'101    8'554       0      8'541    298            96  146'087/196'284
  'quick_restart':        5'660    1'911    4'721       0      3'480  1'450            50     5'372/19'086

Lp Cut            default_lp  max_lp_sym  quick_restart  probing
          CG_FF:         513          96            510    3'500
           CG_K:         235          27            222      217
          CG_KL:           -           5             12       70
           CG_R:         705         251            758   15'994
          CG_RB:           -           5             29        -
         CG_RBP:           -           -             14        -
         Clique:           -         510              -        -
             IB:           -          25             15        -
       MIR_1_FF:           1          46             10       48
        MIR_1_K:           1           2              2       11
       MIR_1_KL:           -           1              -        2
        MIR_1_R:           -           3              1       48
      MIR_1_RLT:           -       1'308              -        -
       MIR_2_FF:           2          35              9       24
        MIR_2_K:           2           8              1       19
       MIR_2_KL:           -           1              -        1
        MIR_2_R:           -          21              2       33
      MIR_2_RBP:           -           1              -        -
       MIR_3_FF:          11          21             13       10
        MIR_3_K:           1           4              -        2
        MIR_3_R:           -          13              1       22
       MIR_4_FF:           4          13              4       10
        MIR_4_K:           -           1              -        3
        MIR_4_R:           2           7              -        9
       MIR_5_FF:           4           6              7        6
        MIR_5_K:           -           3              3        4
        MIR_5_R:           -          11              2        7
      MIR_5_RBP:           -           -              1        -
       MIR_6_FF:           6           6              2        2
        MIR_6_K:           -           2              -        -
        MIR_6_R:           -           5              2        8
      MIR_6_RBP:           -           -              1        -
   ZERO_HALF_FF:       1'881       2'569          2'099   34'272
    ZERO_HALF_K:          41          57             50      103
    ZERO_HALF_R:       1'229       3'276          1'596   91'662
  ZERO_HALF_RBP:           -           1              6        -

LNS stats       Improv/Calls  Closed  Difficulty  TimeLimit
  'rins/rens':     3539/3539     51%    9.71e-01       0.10

LS stats                                    Batches  Restarts/Perturbs    LinMoves    GenMoves  CompoundMoves  Bactracks  WeightUpdates  ScoreComputed
                             'fj_restart':      191                 60  14'158'824           0              0          0      2'158'944      1'069'515
                    'fj_restart_compound':      144                 58           0   5'141'882        439'877  2'350'872         14'206     44'428'906
                'fj_restart_compound_obj':      292                 71           0  10'647'970        667'903  4'989'907         35'323     89'789'916
            'fj_restart_compound_perturb':      521                 71           0  19'397'919        849'005  9'274'283         75'269    160'302'544
        'fj_restart_compound_perturb_obj':      175                 60           0   6'319'363        493'145  2'912'971         18'512     54'081'888
                       'fj_restart_decay':      221                 73  14'651'456           0              0          0        312'262      2'357'013
              'fj_restart_decay_compound':      403                 65           0  17'346'416      3'787'837  6'779'029          9'771    123'134'351
          'fj_restart_decay_compound_obj':      140                 49           0   5'591'443      1'308'257  2'141'411          3'830     43'603'526
      'fj_restart_decay_compound_perturb':      286                 63           0  12'124'420      2'677'037  4'723'476          7'171     87'716'338
  'fj_restart_decay_compound_perturb_obj':      268                 70           0  11'064'771      2'520'900  4'271'751          6'915     82'808'048
                   'fj_restart_decay_obj':      151                 59   9'990'931           0              0          0        213'054      1'869'355
               'fj_restart_decay_perturb':      185                 73  12'237'458           0              0          0        260'718      2'460'520
           'fj_restart_decay_perturb_obj':      403                 78  26'751'196           0              0          0        569'092      3'922'762
                         'fj_restart_obj':      363                 69  27'053'658           0              0          0      4'240'348      1'539'936
                     'fj_restart_perturb':      265                 60  19'678'695           0              0          0      3'139'618        622'878
                 'fj_restart_perturb_obj':      271                 67  20'244'902           0              0          0      3'104'533        883'212

Solution repositories    Added  Queried  Synchro
  'feasible solutions':      0        0        0
   'fj solution hints':  1'038        0    1'038
        'lp solutions':  8'249    2'394    5'980
                'pump':  4'117    1'886

Improving bounds shared    Num  Sym
            'default_lp':    9    0
       'fs_random_no_lp':    4    3
            'max_lp_sym':    2    0
                 'no_lp':    9    4
               'probing':   38    0
         'quick_restart':   33   16
   'quick_restart_no_lp':  161    7

Clauses shared              Num
           'default_lp':  1'554
      'fs_random_no_lp':    432
           'max_lp_sym':    122
                'no_lp':    845
        'quick_restart':    913
  'quick_restart_no_lp':  3'837

CpSolverResponse summary:
status: UNKNOWN
objective: NA
best_bound: NA
integers: 679
booleans: 2507
conflicts: 673064
branches: 4921633
propagations: 501973882
integer_propagations: 81875061
restarts: 800197
lp_iterations: 5482812
walltime: 600.031
usertime: 600.031
deterministic_time: 5511.4
gap_integral: 0

[INFO] Loaded 380 assignment hints from /Users/jgojnich/Projects/enhanced-social-golfer-problem/runs/n19_round_pair_targets_20261002/hint.csv
[INFO] Loaded 380 assignment hints from /Users/jgojnich/Projects/enhanced-social-golfer-problem/solutions/opt_solution_n19_sol.csv
[INFO] Loaded 380 assignment hints from /Users/jgojnich/Projects/enhanced-social-golfer-problem/runs/n19_round_pair_targets_20261002/hint.csv
B UNKNOWN None
