
Starting CP-SAT solver v9.14.6206
Parameters: random_seed: 202 max_time_in_seconds: 58.758807583013549 log_search_progress: true num_search_workers: 8 cp_model_probing_level: 1 log_to_stdout: false

Initial optimization model '': (model_fingerprint: 0x959878c6f23e9dcf)
#Variables: 3'565 (#ints: 19 in objective) (3'371 primary variables)
  - 3'528 Booleans in [0,1]
  - 19 in [0,4]
  - 18 in [0,12]
#kAtMostOne: 75 (#literals: 270)
#kBoolAnd: 3'060 (#enforced: 3'060) (#literals: 9'180)
#kBoolOr: 3'060 (#enforced: 3'060) (#literals: 6'120)
#kLinMax: 1 (#expressions: 18)
#kLinear1: 90
#kLinear2: 378
#kLinearN: 390 (#terms: 11'070)

Starting presolve at 0.00s
  3.29e-04s  0.00e+00d  [DetectDominanceRelations] 
  2.69e-03s  0.00e+00d  [PresolveToFixPoint] #num_loops=2 #num_dual_strengthening=1 
  4.50e-05s  0.00e+00d  [ExtractEncodingFromLinear] #potential_supersets=258 #potential_subsets=18 
  6.80e-05s  0.00e+00d  [DetectDuplicateColumns] 
  7.40e-05s  0.00e+00d  [DetectDuplicateConstraints] 
[Symmetry] Graph for symmetry has 10'779 nodes and 27'055 arcs.
[Symmetry] Symmetry computation done. time: 0.022194 dtime: 0.0821464
[Symmetry] #generators: 15, average support size: 834
[Symmetry] 23 orbits on 2313 variables with sizes: 432,288,288,216,216,216,144,81,72,72,...
[Symmetry] Num fixable by binary propagation in orbit: 53 / 432
[Symmetry] Found orbitope of size 231 x 2
[SAT presolve] num removable Booleans: 0 / 2295
[SAT presolve] num trivial clauses: 0
[SAT presolve] [0s] clauses:6725 literals:15476 vars:2224 one_side_vars:0 simple_definition:1953 singleton_clauses:0
[SAT presolve] [0.000169s] clauses:6725 literals:15476 vars:2224 one_side_vars:0 simple_definition:1953 singleton_clauses:0
[SAT presolve] [0.000255s] clauses:6725 literals:15476 vars:2224 one_side_vars:0 simple_definition:1953 singleton_clauses:0
  5.60e-05s  0.00e+00d  [DetectDuplicateConstraintsWithDifferentEnforcements] 
  3.14e-02s  7.97e-02d  [Probe] #probed=4'484 #new_binary_clauses=349 
  4.02e-03s  2.52e-02d  [MaxClique] Merged 4'975(11'747 literals) into 1'549(7'928 literals) at_most_ones. 
  3.77e-04s  0.00e+00d  [DetectDominanceRelations] 
  1.21e-03s  0.00e+00d  [PresolveToFixPoint] #num_loops=1 #num_dual_strengthening=1 
  4.51e-04s  0.00e+00d  [ProcessAtMostOneAndLinear] 
  6.10e-05s  0.00e+00d  [DetectDuplicateConstraints] 
  6.00e-05s  0.00e+00d  [DetectDuplicateConstraintsWithDifferentEnforcements] 
  4.60e-05s  1.43e-05d  [DetectDominatedLinearConstraints] #relevant_constraints=88 
  2.40e-05s  0.00e+00d  [DetectDifferentVariables] 
  9.88e-04s  1.34e-04d  [ProcessSetPPC] #relevant_constraints=3'627 #num_inclusions=620 
  2.90e-05s  0.00e+00d  [FindAlmostIdenticalLinearConstraints] 
  1.81e-03s  9.00e-03d  [FindBigAtMostOneAndLinearOverlap] 
  4.57e-04s  4.30e-03d  [FindBigVerticalLinearOverlap] 
  2.24e-04s  1.36e-03d  [FindBigHorizontalLinearOverlap] #linears=70 
  1.90e-04s  2.97e-05d  [MergeClauses] 
  3.02e-04s  0.00e+00d  [DetectDominanceRelations] 
  1.04e-03s  0.00e+00d  [PresolveToFixPoint] #num_loops=1 #num_dual_strengthening=1 
  2.97e-04s  0.00e+00d  [DetectDominanceRelations] 
  1.01e-03s  0.00e+00d  [PresolveToFixPoint] #num_loops=1 #num_dual_strengthening=1 
  1.12e-04s  0.00e+00d  [DetectDuplicateColumns] 
  5.70e-05s  0.00e+00d  [DetectDuplicateConstraints] 
[Symmetry] Graph for symmetry has 7'672 nodes and 19'240 arcs.
[Symmetry] Symmetry computation done. time: 0.006232 dtime: 0.0200684
[Symmetry] #generators: 11, average support size: 567.818
[Symmetry] 262 orbits on 2234 variables with sizes: 32,32,32,32,32,24,24,24,24,24,...
[Symmetry] Num fixable by binary propagation in orbit: 16 / 32
[Symmetry] Found orbitope of size 228 x 2
[SAT presolve] num removable Booleans: 0 / 2242
[SAT presolve] num trivial clauses: 0
[SAT presolve] [0s] clauses:2202 literals:6414 vars:2208 one_side_vars:1889 simple_definition:310 singleton_clauses:0
[SAT presolve] [4.4e-05s] clauses:2202 literals:6414 vars:2208 one_side_vars:1889 simple_definition:310 singleton_clauses:0
[SAT presolve] [0.0001s] clauses:2202 literals:6414 vars:2208 one_side_vars:1889 simple_definition:310 singleton_clauses:0
  9.30e-05s  0.00e+00d  [DetectDuplicateConstraintsWithDifferentEnforcements] 
  3.20e-02s  8.09e-02d  [Probe] #probed=4'452 #new_binary_clauses=453 
  3.21e-03s  2.03e-02d  [MaxClique] Merged 1'580(7'937 literals) into 1'551(7'899 literals) at_most_ones. 
  3.03e-04s  0.00e+00d  [DetectDominanceRelations] 
  1.09e-03s  0.00e+00d  [PresolveToFixPoint] #num_loops=1 #num_dual_strengthening=1 
  3.88e-04s  0.00e+00d  [ProcessAtMostOneAndLinear] 
  6.10e-05s  0.00e+00d  [DetectDuplicateConstraints] 
  5.90e-05s  0.00e+00d  [DetectDuplicateConstraintsWithDifferentEnforcements] 
  4.80e-05s  1.34e-05d  [DetectDominatedLinearConstraints] #relevant_constraints=88 
  2.60e-05s  0.00e+00d  [DetectDifferentVariables] 
  4.35e-04s  1.18e-04d  [ProcessSetPPC] #relevant_constraints=3'607 #num_inclusions=569 
  2.70e-05s  2.09e-06d  [FindAlmostIdenticalLinearConstraints] #num_tested_pairs=2 
  1.76e-03s  8.85e-03d  [FindBigAtMostOneAndLinearOverlap] 
  4.53e-04s  4.23e-03d  [FindBigVerticalLinearOverlap] 
  2.27e-04s  1.35e-03d  [FindBigHorizontalLinearOverlap] #linears=70 
  1.96e-04s  2.94e-05d  [MergeClauses] 
  3.17e-04s  0.00e+00d  [DetectDominanceRelations] 
  1.09e-03s  0.00e+00d  [PresolveToFixPoint] #num_loops=1 #num_dual_strengthening=1 
  3.13e-04s  0.00e+00d  [DetectDominanceRelations] 
  1.06e-03s  0.00e+00d  [PresolveToFixPoint] #num_loops=1 #num_dual_strengthening=1 
  1.15e-04s  0.00e+00d  [DetectDuplicateColumns] 
  6.10e-05s  0.00e+00d  [DetectDuplicateConstraints] 
[Symmetry] Graph for symmetry has 7'651 nodes and 19'132 arcs.
[Symmetry] Symmetry computation done. time: 0.004384 dtime: 0.0141956
[Symmetry] #generators: 9, average support size: 459.333
[Symmetry] 480 orbits on 2079 variables with sizes: 9,9,9,9,9,9,9,9,9,9,...
[Symmetry] Num fixable by binary propagation in orbit: 8 / 9
[Symmetry] Num fixable by intersecting at_most_one with orbits: 12 largest_orbit: 9
[Symmetry] Found orbitope of size 224 x 2
[SAT presolve] num removable Booleans: 0 / 2226
[SAT presolve] num trivial clauses: 0
[SAT presolve] [0s] clauses:2174 literals:6346 vars:2196 one_side_vars:1891 simple_definition:294 singleton_clauses:0
[SAT presolve] [4.2e-05s] clauses:2174 literals:6346 vars:2196 one_side_vars:1891 simple_definition:294 singleton_clauses:0
[SAT presolve] [9.6e-05s] clauses:2174 literals:6346 vars:2196 one_side_vars:1891 simple_definition:294 singleton_clauses:0
  9.20e-05s  0.00e+00d  [DetectDuplicateConstraintsWithDifferentEnforcements] 
  3.09e-02s  7.98e-02d  [Probe] #probed=4'428 #new_binary_clauses=453 
  3.15e-03s  2.02e-02d  [MaxClique] Merged 1'557(7'869 literals) into 1'545(7'849 literals) at_most_ones. 
  3.12e-04s  0.00e+00d  [DetectDominanceRelations] 
  1.10e-03s  0.00e+00d  [PresolveToFixPoint] #num_loops=1 #num_dual_strengthening=1 
  3.86e-04s  0.00e+00d  [ProcessAtMostOneAndLinear] 
  6.80e-05s  0.00e+00d  [DetectDuplicateConstraints] 
  6.50e-05s  0.00e+00d  [DetectDuplicateConstraintsWithDifferentEnforcements] 
  5.00e-05s  1.33e-05d  [DetectDominatedLinearConstraints] #relevant_constraints=88 
  2.90e-05s  0.00e+00d  [DetectDifferentVariables] 
  4.43e-04s  1.17e-04d  [ProcessSetPPC] #relevant_constraints=3'591 #num_inclusions=571 
  2.90e-05s  0.00e+00d  [FindAlmostIdenticalLinearConstraints] 
  1.72e-03s  8.75e-03d  [FindBigAtMostOneAndLinearOverlap] 
  4.22e-04s  4.18e-03d  [FindBigVerticalLinearOverlap] 
  2.16e-04s  1.34e-03d  [FindBigHorizontalLinearOverlap] #linears=70 
  2.00e-04s  2.92e-05d  [MergeClauses] 
  3.28e-04s  0.00e+00d  [DetectDominanceRelations] 
  1.10e-03s  0.00e+00d  [PresolveToFixPoint] #num_loops=1 #num_dual_strengthening=1 
  8.70e-05s  0.00e+00d  [ExpandObjective] #entries=1'152 #tight_variables=288 #tight_constraints=72 

Presolve summary:
  - 18 affine relations were detected.
  - rule 'TODO dual: only one blocking constraint?' was applied 162 times.
  - rule 'TODO dual: only one unspecified blocking constraint?' was applied 9 times.
  - rule 'TODO linear2: contains a Boolean.' was applied 432 times.
  - rule 'affine: new relation' was applied 18 times.
  - rule 'at_most_one: removed literals' was applied 87 times.
  - rule 'at_most_one: size one' was applied 10 times.
  - rule 'at_most_one: transformed into max clique.' was applied 3 times.
  - rule 'bool_and: always false' was applied 741 times.
  - rule 'bool_or: always true' was applied 741 times.
  - rule 'bool_or: implications' was applied 576 times.
  - rule 'bool_or: only one literal' was applied 765 times.
  - rule 'enforcement: false literal' was applied 360 times.
  - rule 'lin_max: rewrite with precedences' was applied 1 time.
  - rule 'lin_max: target domain reduced' was applied 1 time.
  - rule 'linear1: x in domain' was applied 108 times.
  - rule 'linear: always true' was applied 167 times.
  - rule 'linear: empty' was applied 24 times.
  - rule 'linear: fixed or dup variables' was applied 270 times.
  - rule 'linear: negative clause' was applied 216 times.
  - rule 'linear: positive at most one' was applied 129 times.
  - rule 'linear: positive clause' was applied 72 times.
  - rule 'linear: positive equal one' was applied 54 times.
  - rule 'linear: reduced variable domains' was applied 60 times.
  - rule 'linear: remapped using affine relations' was applied 18 times.
  - rule 'presolve: 1314 unused variables removed.' was applied 1 time.
  - rule 'presolve: iteration' was applied 3 times.
  - rule 'setppc: exactly_one included in linear' was applied 54 times.
  - rule 'setppc: reduced linear coefficients' was applied 54 times.
  - rule 'symmetry: added orbit symmetry breaking implications' was applied 2 times.
  - rule 'symmetry: fixed to false in general orbit' was applied 81 times.

Presolved optimization model '': (model_fingerprint: 0x7b058890cac879d0)
#Variables: 2'233 (#ints: 19 in objective) (2'130 primary variables)
  - 2'214 Booleans in [0,1]
  - 19 in [1,4]
#kAtMostOne: 1'303 (#literals: 7'321)
#kBoolAnd: 94 (#enforced: 94) (#literals: 332)
#kBoolOr: 1'926 (#literals: 5'850)
#kExactlyOne: 54 (#literals: 270)
#kLinear2: 18
#kLinearN: 70 (#terms: 4'374)
[Symmetry] Graph for symmetry has 6'305 nodes and 19'028 arcs.
[Symmetry] Symmetry computation done. time: 0.003156 dtime: 0.0100998
[Symmetry] #generators: 7, average support size: 460
[Symmetry] 592 orbits on 1926 variables with sizes: 9,9,9,9,9,9,9,9,9,9,...
[Symmetry] Found orbitope of size 224 x 2

Preloading model.
#Bound   0.18s best:-inf  next:[91,364]   initial_domain
#Model   0.18s var:2233/2233 constraints:3465/3465

Starting search at 0.18s with 8 workers.
6 full problem subsolvers: [core, default_lp, max_lp_sym, no_lp, quick_restart, reduced_costs]
2 first solution subsolvers: [fj, fs_random_no_lp]
9 interleaved subsolvers: [feasibility_pump, graph_arc_lns, graph_cst_lns, graph_dec_lns, graph_var_lns, ls, rins/rens, rnd_cst_lns, rnd_var_lns]
3 helper subsolvers: [neighborhood_helper, synchronization_agent, update_gap_integral]

#Model   0.24s var:2232/2233 constraints:3465/3465
#1       0.28s best:128   next:[129,364]  fs_random_no_lp
#Model   0.28s var:2080/2233 constraints:3289/3465
#2       0.28s best:201   next:[202,364]  rnd_var_lns (d=5.00e-01 s=10 t=0.10 p=0.00 stall=0 h=base) [hint]
#3       0.30s best:204   next:[205,364]  no_lp
#4       0.30s best:205   next:[206,364]  no_lp
#5       0.30s best:206   next:[207,364]  no_lp
#6       0.31s best:207   next:[208,364]  no_lp
#7       0.31s best:280   next:[281,364]  no_lp
#8       0.34s best:281   next:[282,364]  no_lp
#9       0.37s best:282   next:[283,364]  no_lp
#Bound   0.40s best:282   next:[283,291]  bool_core (num_cores=1 [size:1 mw:73] a=19 d=0 fixed=1/2233 clauses=7'702)
#Model   0.41s var:2079/2233 constraints:3271/3465
#10      0.41s best:284   next:[285,291]  max_lp_sym
#Bound   1.57s best:284   next:[285,290]  bool_core (num_cores=2 [size:15 mw:1 d:4] a=4 d=4 fixed=155/2247 clauses=21'456)
#Bound   2.21s best:284   next:[285,289]  bool_core (num_cores=3 [size:4 mw:1 d:5] a=1 d=5 fixed=156/2264 clauses=26'910)
#Bound  10.09s best:284   next:[285,288]  bool_core (num_cores=4 [size:1 mw:1] a=1 d=5 fixed=156/2281 clauses=44'749)

Task timing                   n [     min,      max]      avg      dev     time         n [     min,      max]      avg      dev    dtime
              'core':         1 [  58.58s,   58.58s]   58.58s   0.00ns   58.58s         1 [   2.67m,    2.67m]    2.67m   0.00ns    2.67m
        'default_lp':         1 [  58.58s,   58.58s]   58.58s   0.00ns   58.58s         1 [   1.13m,    1.13m]    1.13m   0.00ns    1.13m
  'feasibility_pump':       168 [ 23.00us, 461.26ms]   3.13ms  35.46ms 525.91ms       165 [176.78us, 656.53ms]   4.16ms  50.94ms 686.48ms
                'fj':         1 [ 42.51ms,  42.51ms]  42.51ms   0.00ns  42.51ms         1 [100.15ms, 100.15ms] 100.15ms   0.00ns 100.15ms
   'fs_random_no_lp':         1 [ 94.72ms,  94.72ms]  94.72ms   0.00ns  94.72ms         1 [242.63ms, 242.63ms] 242.63ms   0.00ns 242.63ms
     'graph_arc_lns':       140 [  3.12ms, 566.96ms] 122.01ms 123.51ms   17.08s       140 [ 10.00ns, 106.07ms]  55.66ms  46.33ms    7.79s
     'graph_cst_lns':       160 [535.00us, 493.36ms] 105.71ms 101.62ms   16.91s       159 [ 10.00ns, 106.40ms]  55.73ms  47.25ms    8.86s
     'graph_dec_lns':       168 [  4.76ms, 456.17ms]  85.07ms  86.41ms   14.29s       168 [ 10.00ns, 106.37ms]  54.36ms  48.64ms    9.13s
     'graph_var_lns':       165 [  3.90ms, 520.10ms] 103.25ms  88.65ms   17.04s       165 [ 10.00ns, 106.33ms]  56.82ms  46.80ms    9.38s
                'ls':       168 [ 26.42ms,  51.44ms]  39.15ms   6.50ms    6.58s       168 [100.00ms, 100.06ms] 100.02ms  14.12us   16.80s
        'max_lp_sym':         1 [  58.58s,   58.58s]   58.58s   0.00ns   58.58s         1 [  56.68s,   56.68s]   56.68s   0.00ns   56.68s
             'no_lp':         1 [  58.58s,   58.58s]   58.58s   0.00ns   58.58s         1 [   2.59m,    2.59m]    2.59m   0.00ns    2.59m
     'quick_restart':         1 [  58.58s,   58.58s]   58.58s   0.00ns   58.58s         1 [   1.15m,    1.15m]    1.15m   0.00ns    1.15m
     'reduced_costs':         1 [  58.58s,   58.58s]   58.58s   0.00ns   58.58s         1 [  56.99s,   56.99s]   56.99s   0.00ns   56.99s
         'rins/rens':       169 [308.00us, 501.59ms]  69.94ms  76.61ms   11.82s       128 [ 10.00ns, 104.32ms]  65.50ms  45.52ms    8.38s
       'rnd_cst_lns':       149 [  3.03ms, 565.72ms] 113.42ms 109.16ms   16.90s       149 [ 10.00ns, 104.44ms]  56.70ms  46.95ms    8.45s
       'rnd_var_lns':       169 [  2.50ms, 434.50ms]  93.64ms  96.50ms   15.82s       169 [ 10.00ns, 106.31ms]  55.33ms  48.37ms    9.35s

Search stats          Bools  Conflicts   Branches  Restarts   BoolPropag  IntegerPropag
             'core':  2'298    798'045  1'221'033    17'517  269'042'665    100'278'115
       'default_lp':  2'214      7'653    267'709   134'999   24'931'969     24'772'916
  'fs_random_no_lp':  2'215        194     13'585     7'964    1'547'341      1'557'739
       'max_lp_sym':  2'214     77'121    590'929   179'773   55'889'618     63'115'793
            'no_lp':  2'214    921'992  2'238'281   239'394  372'214'008    244'704'247
    'quick_restart':  2'214        862    885'671   519'334   83'208'710     84'021'387
    'reduced_costs':  2'233     64'407    654'606   174'553   62'753'909     51'959'881

SAT stats             ClassicMinim  LitRemoved  LitLearned  LitForgotten  Subsumed  MClauses  MDecisions  MLitTrue  MSubsumed  MLitRemoved  MReused
             'core':       723'534  14'113'292  23'486'457    22'021'263     3'617    10'956     100'940         0      1'851       37'158    1'066
       'default_lp':         5'144     194'002     335'330             0        11    72'703     182'965         0        353        2'818      693
  'fs_random_no_lp':            50         624       4'036             0        22     3'981       8'729         0          6          106       59
       'max_lp_sym':        65'710   2'574'320   2'665'701     2'018'427       177   112'256     402'316         0      2'639       20'554    4'433
            'no_lp':       812'083  16'085'432  23'390'470    22'557'397     2'707   146'717     937'908         0     14'704      137'663   12'997
    'quick_restart':           472      57'722      71'603             0        19   268'686     585'236         0         95          579      741
    'reduced_costs':        55'251   1'344'712   1'588'881     1'230'550       501   114'739     496'966         0      2'762       26'213    7'382

Lp stats            Component  Iterations  AddedCuts  OPTIMAL  DUAL_F.  DUAL_U.
     'default_lp':          2     848'342         78   17'310        7      529
     'max_lp_sym':          1   1'204'451        159   28'530   71'564      771
  'quick_restart':          2     504'180         73    7'494       49      293
  'reduced_costs':          1     726'090      1'355       26   72'299       40

Lp dimension           Final dimension of first component
     'default_lp':  1064 rows, 2142 columns, 9605 entries
     'max_lp_sym':    453 rows, 899 columns, 2960 entries
  'quick_restart':  1161 rows, 2142 columns, 9862 entries
  'reduced_costs':   816 rows, 2233 columns, 7681 entries

Lp debug            CutPropag  CutEqPropag  Adjust  Overflow     Bad  BadScaling
     'default_lp':          0            0     315         0  27'534           0
     'max_lp_sym':          0            0  24'420         0  11'012           0
  'quick_restart':          0            0     186         0  16'142           0
  'reduced_costs':          0            0      17         0  12'002           0

Lp pool             Constraints  Updates  Simplif  Merged  Shortened  Split  Strenghtened    Cuts/Call
     'default_lp':        1'523        0      631       0        499      0           517       78/179
     'max_lp_sym':        1'884      120    2'482       0        416      1           395      159/327
  'quick_restart':        1'518        3      658       0        487      0             0       73/182
  'reduced_costs':        4'964       46    1'534       0        952      7            48  1'355/1'718

Lp Cut           quick_restart  default_lp  max_lp_sym  reduced_costs
         CG_FF:             24          23           2             32
          CG_K:              1           2           -              4
          CG_R:             19          22           1             17
        Clique:              -           -          31             67
            IB:              -           -           8              -
      MIR_1_FF:              -           -           -             14
       MIR_1_R:              -           -           -              6
     MIR_1_RLT:              -           -          24          1'129
      MIR_2_FF:              1           -           -             15
       MIR_2_R:              -           -           -              3
      MIR_3_FF:             10          12           -              7
       MIR_3_R:              -           -           -              2
      MIR_4_FF:              -           2           -              2
       MIR_4_R:              -           1           -              3
      MIR_5_FF:              4           3           1              -
       MIR_5_R:              -           2           -              -
      MIR_6_FF:              3           4           -              5
       MIR_6_R:              -           1           -              2
  ZERO_HALF_FF:              7           4          55             16
   ZERO_HALF_K:              -           -           4              1
   ZERO_HALF_R:              4           2          33             30

LNS stats           Improv/Calls  Closed  Difficulty  TimeLimit
  'graph_arc_lns':         0/140     51%    9.54e-01       0.10
  'graph_cst_lns':         0/159     52%    9.49e-01       0.11
  'graph_dec_lns':         0/168     52%    9.29e-01       0.11
  'graph_var_lns':         0/165     50%    9.57e-01       0.11
      'rins/rens':         0/148     51%    8.17e-01       0.10
    'rnd_cst_lns':         0/149     50%    9.28e-01       0.10
    'rnd_var_lns':         1/169     51%    9.23e-01       0.11

LS stats                                Batches  Restarts/Perturbs  LinMoves  GenMoves  CompoundMoves  Bactracks  WeightUpdates  ScoreComputed
    'fj_restart_compound_perturb_obj':        1                  1         0     5'580          1'267      2'156              7        314'805
                         'ls_restart':       32                 12   871'368         0              0          0        365'528         66'113
                'ls_restart_compound':       31                 14         0   298'084          9'399    144'318          2'240     12'597'013
        'ls_restart_compound_perturb':       32                 11         0   277'774         11'288    133'208          1'915     12'221'376
                   'ls_restart_decay':        7                  6    75'509         0              0          0          1'653         16'625
          'ls_restart_decay_compound':        9                  6         0    71'711          9'207     31'238            313      2'883'840
  'ls_restart_decay_compound_perturb':       14                  8         0   110'460         17'968     46'232            409      4'293'682
           'ls_restart_decay_perturb':       30                 13   321'834         0              0          0          6'783         83'140
                 'ls_restart_perturb':       13                 11   270'188         0              0          0         77'485         27'027

Solutions (10)        Num     Rank
  'fs_random_no_lp':    1    [1,1]
       'max_lp_sym':    1  [10,10]
            'no_lp':    7    [3,9]
      'rnd_var_lns':    1    [2,2]

Objective bounds     Num
       'bool_core':    4
  'initial_domain':    1

Solution repositories    Added  Queried  Synchro
  'feasible solutions':    178    2'448      178
   'fj solution hints':      0        0        0
        'lp solutions':  1'906       82      958
                'pump':    167       87

Improving bounds shared    Num  Sym
                  'core':    1    0
       'fs_random_no_lp':   87    0
                 'no_lp':   23   14

Clauses shared        Num
             'core':   80
  'fs_random_no_lp':   26
       'max_lp_sym':    9
            'no_lp':  590
    'quick_restart':   12
    'reduced_costs':   42

CpSolverResponse summary:
status: FEASIBLE
objective: 284
best_bound: 288
integers: 2234
booleans: 2215
conflicts: 194
branches: 13585
propagations: 1547341
integer_propagations: 1557739
restarts: 7964
lp_iterations: 0
walltime: 58.7688
usertime: 58.7688
deterministic_time: 645.756
gap_integral: 901.557
solution_fingerprint: 0x61c264dabab695af

