
Starting CP-SAT solver v9.14.6206
Parameters: random_seed: 73 max_time_in_seconds: 1000 log_search_progress: true num_search_workers: 8 cp_model_probing_level: 1

Initial satisfaction model '': (model_fingerprint: 0x13dbe30e4e5c343c)
#Variables: 3'564 (3'371 primary variables)
  - 3'528 Booleans in [0,1]
  - 18 in [0,4]
  - 18 in [0,12]
#kAtMostOne: 75 (#literals: 270)
#kBoolAnd: 3'060 (#enforced: 3'060) (#literals: 9'180)
#kBoolOr: 3'060 (#enforced: 3'060) (#literals: 6'120)
#kLinear1: 90
#kLinear2: 378
#kLinearN: 391 (#terms: 11'088)

Starting presolve at 0.00s
The solution hint is incomplete: 360 out of 3564 non fixed variables hinted.
  3.13e-04s  0.00e+00d  [DetectDominanceRelations] 
  2.62e-03s  0.00e+00d  [PresolveToFixPoint] #num_loops=2 #num_dual_strengthening=1 
  4.70e-05s  0.00e+00d  [ExtractEncodingFromLinear] #potential_supersets=258 #potential_subsets=18 
  8.90e-05s  0.00e+00d  [DetectDuplicateColumns] 
  6.50e-05s  0.00e+00d  [DetectDuplicateConstraints] 
[Symmetry] Graph for symmetry has 10'760 nodes and 27'036 arcs.
[Symmetry] Symmetry computation done. time: 0.020849 dtime: 0.082107
[Symmetry] #generators: 15, average support size: 834
[Symmetry] 23 orbits on 2313 variables with sizes: 432,288,288,216,216,216,144,81,72,72,...
[Symmetry] Num fixable by binary propagation in orbit: 53 / 432
[Symmetry] Found orbitope of size 231 x 2
[SAT presolve] num removable Booleans: 0 / 2295
[SAT presolve] num trivial clauses: 0
[SAT presolve] [0s] clauses:6725 literals:15476 vars:2224 one_side_vars:0 simple_definition:1953 singleton_clauses:0
[SAT presolve] [0.000163s] clauses:6725 literals:15476 vars:2224 one_side_vars:0 simple_definition:1953 singleton_clauses:0
[SAT presolve] [0.000249s] clauses:6725 literals:15476 vars:2224 one_side_vars:0 simple_definition:1953 singleton_clauses:0
  6.10e-05s  0.00e+00d  [DetectDuplicateConstraintsWithDifferentEnforcements] 
  3.02e-02s  7.97e-02d  [Probe] #probed=4'484 #new_binary_clauses=349 
  4.14e-03s  2.52e-02d  [MaxClique] Merged 4'975(11'747 literals) into 1'549(7'928 literals) at_most_ones. 
  3.51e-04s  0.00e+00d  [DetectDominanceRelations] 
  1.18e-03s  0.00e+00d  [PresolveToFixPoint] #num_loops=1 #num_dual_strengthening=1 
  4.59e-04s  0.00e+00d  [ProcessAtMostOneAndLinear] 
  5.50e-05s  0.00e+00d  [DetectDuplicateConstraints] 
  5.50e-05s  0.00e+00d  [DetectDuplicateConstraintsWithDifferentEnforcements] 
  4.50e-05s  1.43e-05d  [DetectDominatedLinearConstraints] #relevant_constraints=71 
  2.00e-05s  0.00e+00d  [DetectDifferentVariables] 
  9.40e-04s  1.34e-04d  [ProcessSetPPC] #relevant_constraints=3'627 #num_inclusions=620 
  2.40e-05s  0.00e+00d  [FindAlmostIdenticalLinearConstraints] 
  1.74e-03s  9.00e-03d  [FindBigAtMostOneAndLinearOverlap] 
  4.33e-04s  4.30e-03d  [FindBigVerticalLinearOverlap] 
  2.14e-04s  1.38e-03d  [FindBigHorizontalLinearOverlap] #linears=71 
  1.78e-04s  2.97e-05d  [MergeClauses] 
  2.84e-04s  0.00e+00d  [DetectDominanceRelations] 
  1.00e-03s  0.00e+00d  [PresolveToFixPoint] #num_loops=1 #num_dual_strengthening=1 
  2.84e-04s  0.00e+00d  [DetectDominanceRelations] 
  9.87e-04s  0.00e+00d  [PresolveToFixPoint] #num_loops=1 #num_dual_strengthening=1 
  1.05e-04s  0.00e+00d  [DetectDuplicateColumns] 
  5.20e-05s  0.00e+00d  [DetectDuplicateConstraints] 
[Symmetry] Graph for symmetry has 7'653 nodes and 19'221 arcs.
[Symmetry] Symmetry computation done. time: 0.005683 dtime: 0.0200463
[Symmetry] #generators: 11, average support size: 567.818
[Symmetry] 262 orbits on 2234 variables with sizes: 32,32,32,32,32,24,24,24,24,24,...
[Symmetry] Num fixable by binary propagation in orbit: 16 / 32
[Symmetry] Found orbitope of size 228 x 2
[SAT presolve] num removable Booleans: 0 / 2242
[SAT presolve] num trivial clauses: 0
[SAT presolve] [0s] clauses:2202 literals:6414 vars:2208 one_side_vars:1889 simple_definition:310 singleton_clauses:0
[SAT presolve] [5e-05s] clauses:2202 literals:6414 vars:2208 one_side_vars:1889 simple_definition:310 singleton_clauses:0
[SAT presolve] [0.000108s] clauses:2202 literals:6414 vars:2208 one_side_vars:1889 simple_definition:310 singleton_clauses:0
  1.57e-04s  0.00e+00d  [DetectDuplicateConstraintsWithDifferentEnforcements] 
  3.30e-02s  8.09e-02d  [Probe] #probed=4'452 #new_binary_clauses=453 
  6.28e-03s  2.03e-02d  [MaxClique] Merged 1'580(7'937 literals) into 1'551(7'899 literals) at_most_ones. 
  7.02e-04s  0.00e+00d  [DetectDominanceRelations] 
  2.51e-03s  0.00e+00d  [PresolveToFixPoint] #num_loops=1 #num_dual_strengthening=1 
  1.16e-03s  0.00e+00d  [ProcessAtMostOneAndLinear] 
  1.58e-04s  0.00e+00d  [DetectDuplicateConstraints] 
  1.11e-04s  0.00e+00d  [DetectDuplicateConstraintsWithDifferentEnforcements] 
  1.26e-04s  1.34e-05d  [DetectDominatedLinearConstraints] #relevant_constraints=71 
  6.50e-05s  0.00e+00d  [DetectDifferentVariables] 
  1.12e-03s  1.18e-04d  [ProcessSetPPC] #relevant_constraints=3'607 #num_inclusions=569 
  1.03e-04s  1.04e-06d  [FindAlmostIdenticalLinearConstraints] #num_tested_pairs=1 
  3.26e-03s  8.86e-03d  [FindBigAtMostOneAndLinearOverlap] 
  4.33e-04s  4.23e-03d  [FindBigVerticalLinearOverlap] 
  3.58e-04s  1.37e-03d  [FindBigHorizontalLinearOverlap] #linears=71 
  2.56e-04s  2.94e-05d  [MergeClauses] 
  4.17e-04s  0.00e+00d  [DetectDominanceRelations] 
  1.46e-03s  0.00e+00d  [PresolveToFixPoint] #num_loops=1 #num_dual_strengthening=1 
  6.62e-04s  0.00e+00d  [DetectDominanceRelations] 
  2.16e-03s  0.00e+00d  [PresolveToFixPoint] #num_loops=1 #num_dual_strengthening=1 
  2.89e-04s  0.00e+00d  [DetectDuplicateColumns] 
  1.35e-04s  0.00e+00d  [DetectDuplicateConstraints] 
[Symmetry] Graph for symmetry has 7'632 nodes and 19'113 arcs.
[Symmetry] Symmetry computation done. time: 0.007319 dtime: 0.0141789
[Symmetry] #generators: 9, average support size: 459.333
[Symmetry] 480 orbits on 2079 variables with sizes: 9,9,9,9,9,9,9,9,9,9,...
[Symmetry] Num fixable by binary propagation in orbit: 8 / 9
[Symmetry] Num fixable by intersecting at_most_one with orbits: 12 largest_orbit: 9
[Symmetry] Found orbitope of size 224 x 2
[SAT presolve] num removable Booleans: 0 / 2226
[SAT presolve] num trivial clauses: 0
[SAT presolve] [0s] clauses:2174 literals:6346 vars:2196 one_side_vars:1891 simple_definition:294 singleton_clauses:0
[SAT presolve] [0.000101s] clauses:2174 literals:6346 vars:2196 one_side_vars:1891 simple_definition:294 singleton_clauses:0
[SAT presolve] [0.000198s] clauses:2174 literals:6346 vars:2196 one_side_vars:1891 simple_definition:294 singleton_clauses:0
  2.00e-04s  0.00e+00d  [DetectDuplicateConstraintsWithDifferentEnforcements] 
  5.12e-02s  7.98e-02d  [Probe] #probed=4'428 #new_binary_clauses=453 
  6.40e-03s  2.02e-02d  [MaxClique] Merged 1'557(7'869 literals) into 1'545(7'849 literals) at_most_ones. 
  4.59e-04s  0.00e+00d  [DetectDominanceRelations] 
  2.23e-03s  0.00e+00d  [PresolveToFixPoint] #num_loops=1 #num_dual_strengthening=1 
  5.22e-04s  0.00e+00d  [ProcessAtMostOneAndLinear] 
  8.10e-05s  0.00e+00d  [DetectDuplicateConstraints] 
  7.50e-05s  0.00e+00d  [DetectDuplicateConstraintsWithDifferentEnforcements] 
  6.10e-05s  1.33e-05d  [DetectDominatedLinearConstraints] #relevant_constraints=71 
  3.50e-05s  0.00e+00d  [DetectDifferentVariables] 
  6.63e-04s  1.17e-04d  [ProcessSetPPC] #relevant_constraints=3'591 #num_inclusions=571 
  3.80e-05s  0.00e+00d  [FindAlmostIdenticalLinearConstraints] 
  1.93e-03s  8.75e-03d  [FindBigAtMostOneAndLinearOverlap] 
  4.53e-04s  4.18e-03d  [FindBigVerticalLinearOverlap] 
  3.46e-04s  1.36e-03d  [FindBigHorizontalLinearOverlap] #linears=71 
  2.52e-04s  2.92e-05d  [MergeClauses] 
  4.28e-04s  0.00e+00d  [DetectDominanceRelations] 
  1.49e-03s  0.00e+00d  [PresolveToFixPoint] #num_loops=1 #num_dual_strengthening=1 

Presolve summary:
  - 18 affine relations were detected.
  - rule 'TODO dual: only one blocking constraint?' was applied 162 times.
  - rule 'TODO linear2: contains a Boolean.' was applied 432 times.
  - rule 'affine: new relation' was applied 18 times.
  - rule 'at_most_one: removed literals' was applied 87 times.
  - rule 'at_most_one: size one' was applied 10 times.
  - rule 'at_most_one: transformed into max clique.' was applied 3 times.
  - rule 'bool_and: always false' was applied 741 times.
  - rule 'bool_or: always true' was applied 741 times.
  - rule 'bool_or: implications' was applied 576 times.
  - rule 'bool_or: only one literal' was applied 765 times.
  - rule 'enforcement: false literal' was applied 360 times.
  - rule 'linear1: x in domain' was applied 108 times.
  - rule 'linear: always true' was applied 167 times.
  - rule 'linear: empty' was applied 24 times.
  - rule 'linear: fixed or dup variables' was applied 270 times.
  - rule 'linear: negative clause' was applied 216 times.
  - rule 'linear: positive at most one' was applied 129 times.
  - rule 'linear: positive clause' was applied 72 times.
  - rule 'linear: positive equal one' was applied 54 times.
  - rule 'linear: reduced variable domains' was applied 60 times.
  - rule 'linear: remapped using affine relations' was applied 18 times.
  - rule 'presolve: 1314 unused variables removed.' was applied 1 time.
  - rule 'presolve: iteration' was applied 3 times.
  - rule 'setppc: exactly_one included in linear' was applied 54 times.
  - rule 'setppc: reduced linear coefficients' was applied 54 times.
  - rule 'symmetry: added orbit symmetry breaking implications' was applied 2 times.
  - rule 'symmetry: fixed to false in general orbit' was applied 81 times.

Presolved satisfaction model '': (model_fingerprint: 0x932bf848022076fc)
#Variables: 2'232 (2'130 primary variables)
  - 2'214 Booleans in [0,1]
  - 18 in [1,4]
#kAtMostOne: 1'303 (#literals: 7'321)
#kBoolAnd: 94 (#enforced: 94) (#literals: 332)
#kBoolOr: 1'926 (#literals: 5'850)
#kExactlyOne: 54 (#literals: 270)
#kLinearN: 71 (#terms: 4'392)
[Symmetry] Graph for symmetry has 6'286 nodes and 19'009 arcs.
[Symmetry] Symmetry computation done. time: 0.003387 dtime: 0.0100876
[Symmetry] #generators: 7, average support size: 460
[Symmetry] 592 orbits on 1926 variables with sizes: 9,9,9,9,9,9,9,9,9,9,...
[Symmetry] Found orbitope of size 224 x 2

Preloading model.
The solution hint is incomplete: 270 out of 2232 non fixed variables hinted.
#Model   0.22s var:2232/2232 constraints:3448/3448

Starting search at 0.22s with 8 workers.
6 full problem subsolvers: [default_lp, max_lp_sym, no_lp, probing, quick_restart, quick_restart_no_lp]
2 first solution subsolvers: [fj, fs_random_no_lp]
2 interleaved subsolvers: [feasibility_pump, rins/rens]
2 helper subsolvers: [neighborhood_helper, synchronization_agent]

#Model   0.43s var:2079/2232 constraints:3272/3448

Task timing                      n [     min,      max]      avg      dev     time         n [     min,      max]      avg      dev    dtime
           'default_lp':         1 [  16.66m,   16.66m]   16.66m   0.00ns   16.66m         1 [   8.07m,    8.07m]    8.07m   0.00ns    8.07m
     'feasibility_pump':      3848 [ 17.00us,    2.02s]  99.86ms 361.81ms    6.40m       283 [ 13.27ms, 145.98ms]  15.24ms   7.80ms    4.31s
                   'fj':      3848 [ 32.59ms, 196.17ms]  97.98ms  21.52ms    6.28m      3848 [100.00ms, 100.22ms] 100.06ms  55.47us    6.42m
      'fs_random_no_lp':         1 [  16.66m,   16.66m]   16.66m   0.00ns   16.66m         1 [  17.30m,   17.30m]   17.30m   0.00ns   17.30m
           'max_lp_sym':         1 [  16.66m,   16.66m]   16.66m   0.00ns   16.66m         1 [   6.35m,    6.35m]    6.35m   0.00ns    6.35m
                'no_lp':         1 [  16.66m,   16.66m]   16.66m   0.00ns   16.66m         1 [  17.46m,   17.46m]   17.46m   0.00ns   17.46m
              'probing':         1 [  16.66m,   16.66m]   16.66m   0.00ns   16.66m         1 [  33.06s,   33.06s]   33.06s   0.00ns   33.06s
        'quick_restart':         1 [  16.66m,   16.66m]   16.66m   0.00ns   16.66m         1 [   7.89m,    7.89m]    7.89m   0.00ns    7.89m
  'quick_restart_no_lp':         1 [  16.66m,   16.66m]   16.66m   0.00ns   16.66m         1 [  15.27m,   15.27m]   15.27m   0.00ns   15.27m
            'rins/rens':      3849 [262.00us, 288.79ms]  56.28ms  86.84ms    3.61m      1274 [  3.00us, 100.46ms]  75.43ms  39.02ms    1.60m

Search stats              Bools  Conflicts    Branches   Restarts     BoolPropag  IntegerPropag
           'default_lp':  2'214     40'015   2'314'605    927'715    211'176'351    210'940'652
      'fs_random_no_lp':  2'214  4'528'293   8'620'600    561'910  1'406'191'815  1'041'122'466
           'max_lp_sym':  2'214    617'749   3'363'854    625'417    356'832'322    394'829'395
                'no_lp':  2'214  4'350'265   8'520'928    591'917  1'568'036'172  1'028'303'799
              'probing':  2'249         25         323        262         18'127         16'789
        'quick_restart':  2'214      6'151   5'336'880  2'673'681    484'312'558    489'696'492
  'quick_restart_no_lp':  2'214  1'908'084  14'733'622    963'677    895'646'834    697'624'295

SAT stats                 ClassicMinim  LitRemoved   LitLearned  LitForgotten  Subsumed   MClauses  MDecisions  MLitTrue  MSubsumed  MLitRemoved  MReused
           'default_lp':        28'132     641'158    1'342'814       681'657       115    583'487   1'764'034         0      2'208       15'521   14'229
      'fs_random_no_lp':     3'756'047  76'757'409  152'624'257   148'439'573    14'508    303'495   2'538'862         0     50'626      561'500   46'879
           'max_lp_sym':       537'240   9'862'318   17'672'103    16'347'657     1'147    434'322   2'254'835         0     17'063      137'989   38'595
                'no_lp':     3'781'980  75'861'011  122'489'910   119'421'737    12'020    291'944   2'341'276         0     52'185      546'568   31'333
              'probing':             7       1'056        2'000             0         0          0           0         0          0            0        0
        'quick_restart':         3'327     315'145      444'941             0        85  1'552'390   3'720'975         0        850        5'291    8'141
  'quick_restart_no_lp':     1'444'337  30'212'419   76'839'650    72'947'770    13'238    445'988   3'127'312         0     61'641      519'607   25'393

Lp stats            Component  Iterations  AddedCuts  OPTIMAL  DUAL_F.  DUAL_U.
     'default_lp':          2   5'140'082         45   91'627       33    1'549
     'max_lp_sym':          1   6'434'600        236   17'421  631'033    9'144
        'probing':          2      73'362        952    3'031        0        2
  'quick_restart':          2   3'434'319         88   54'364      302    1'478

Lp dimension            Final dimension of first component
     'default_lp':   1157 rows, 2142 columns, 9984 entries
     'max_lp_sym':     562 rows, 898 columns, 3463 entries
        'probing':  1224 rows, 2142 columns, 15461 entries
  'quick_restart':  1173 rows, 2142 columns, 10044 entries

Lp debug            CutPropag  CutEqPropag  Adjust  Overflow        Bad  BadScaling
     'default_lp':          0            0     836         0     44'078           0
     'max_lp_sym':          2            0   8'640         0     55'889           0
        'probing':          0            0       2         0  6'010'022           0
  'quick_restart':          0            0   1'010         0     65'555           0

Lp pool             Constraints  Updates  Simplif  Merged  Shortened  Split  Strenghtened  Cuts/Call
     'default_lp':        1'473        0      694       0        430      0            95      45/83
     'max_lp_sym':        1'951      718    2'396       0        436      8           384    236/464
        'probing':        2'380      882      533       0        488      0         1'826  952/1'594
  'quick_restart':        1'516       22      855       0        468      0             0     88/293

Lp Cut           default_lp  quick_restart  probing  max_lp_sym
         CG_FF:           7             26       20           -
          CG_K:           -              -       12           -
          CG_R:           9              7       20           -
        Clique:           -              -        -          41
            IB:           -              -        -          10
      MIR_1_FF:           -              -        -           2
     MIR_1_RLT:           -              -        -          33
      MIR_2_FF:           3              2        2           6
      MIR_3_FF:           -             19       10           1
       MIR_3_R:           -              -        -           2
      MIR_4_FF:           1              2        1           1
       MIR_4_R:           -              -        -           1
      MIR_5_FF:           2              -        1           1
      MIR_6_FF:           1              -        1           -
       MIR_6_R:           -              -        -           1
  ZERO_HALF_FF:          16             28      285          74
   ZERO_HALF_K:           -              -        1           2
   ZERO_HALF_R:           6              4      599          61

LNS stats       Improv/Calls  Closed  Difficulty  TimeLimit
  'rins/rens':     1720/1720     49%    8.32e-01       0.10

LS stats                                    Batches  Restarts/Perturbs    LinMoves   GenMoves  CompoundMoves  Bactracks  WeightUpdates  ScoreComputed
                             'fj_restart':      224                 66   6'249'575          0              0          0      2'426'149     15'709'433
                    'fj_restart_compound':      276                 62           0  1'761'271        175'841    792'592          3'079     84'173'776
                'fj_restart_compound_obj':      338                 63           0  2'168'067        218'032    974'878          3'804    104'063'939
            'fj_restart_compound_perturb':      175                 59           0  1'111'112        158'572    476'167          1'572     53'376'550
        'fj_restart_compound_perturb_obj':      222                 65           0  1'416'493        178'368    618'931          2'134     67'828'365
                       'fj_restart_decay':      153                 53   1'655'307          0              0          0         31'949      1'243'955
              'fj_restart_decay_compound':      240                 56           0  1'624'428        323'568    650'307            826     60'941'718
          'fj_restart_decay_compound_obj':      278                 63           0  1'885'352        374'452    755'299            946     69'217'844
      'fj_restart_decay_compound_perturb':      321                 54           0  2'162'953        417'491    872'577            985     78'804'646
  'fj_restart_decay_compound_perturb_obj':      292                 52           0  1'981'695        391'914    794'756            930     72'056'353
                   'fj_restart_decay_obj':      189                 62   2'046'234          0              0          0         39'589      1'536'574
               'fj_restart_decay_perturb':      177                 70   1'917'109          0              0          0         37'091      1'434'152
           'fj_restart_decay_perturb_obj':      173                 48   1'868'820          0              0          0         36'197      1'405'459
                         'fj_restart_obj':      138                 51   3'618'224          0              0          0      1'362'827      8'637'613
                     'fj_restart_perturb':      203                 58   5'750'435          0              0          0      2'369'230     14'355'339
                 'fj_restart_perturb_obj':      449                 65  15'774'586          0              0          0      5'773'807     43'464'468

Solution repositories    Added  Queried  Synchro
  'feasible solutions':      0        0        0
   'fj solution hints':    939        0      939
        'lp solutions':  8'153    3'849    7'502
                'pump':      0        0

Improving bounds shared    Num  Sym
       'fs_random_no_lp':   88    0
            'max_lp_sym':    1    0
                 'no_lp':    1    1
               'probing':    4    0
   'quick_restart_no_lp':    4    0

Clauses shared              Num
      'fs_random_no_lp':    688
           'max_lp_sym':     22
                'no_lp':    234
        'quick_restart':     10
  'quick_restart_no_lp':  4'737

CpSolverResponse summary:
status: UNKNOWN
objective: NA
best_bound: NA
integers: 2232
booleans: 2214
conflicts: 40015
branches: 2314605
propagations: 211176351
integer_propagations: 210940652
restarts: 927715
lp_iterations: 5140082
walltime: 1000.02
usertime: 1000.02
deterministic_time: 4859.35
gap_integral: 0

[INFO] Loaded 360 assignment hints from /Users/jgojnich/Projects/enhanced-social-golfer-problem/runs/n18_target67_audit_20261002/strengthened/hint.csv
Unresolved: time limit or other stop without a feasible schedule or infeasibility proof.
