
Starting CP-SAT solver v9.14.6206
Parameters: random_seed: 73 max_time_in_seconds: 60 log_search_progress: true num_search_workers: 8 cp_model_probing_level: 1 log_to_stdout: false

Initial optimization model '': (model_fingerprint: 0xf122c591fb39b22a)
#Variables: 5'734 (#ints: 22 in objective) (5'486 primary variables)
  - 5'691 Booleans in [0,1]
  - 22 in [0,4]
  - 21 in [0,12]
#kBoolAnd: 5'040 (#enforced: 5'040) (#literals: 15'120)
#kBoolOr: 5'040 (#enforced: 5'040) (#literals: 10'080)
#kLinMax: 1 (#expressions: 21)
#kLinear1: 126
#kLinear2: 525
#kLinearN: 487 (#terms: 7'119)

Starting presolve at 0.00s
  6.44e-04s  0.00e+00d  [DetectDominanceRelations] 
  4.78e-03s  0.00e+00d  [PresolveToFixPoint] #num_loops=2 #num_dual_strengthening=1 
  5.50e-05s  0.00e+00d  [ExtractEncodingFromLinear] #potential_supersets=246 #potential_subsets=21 
  7.70e-05s  0.00e+00d  [DetectDuplicateColumns] 
  1.65e-04s  0.00e+00d  [DetectDuplicateConstraints] 
[Symmetry] Graph for symmetry has 17'058 nodes and 37'126 arcs.
[Symmetry] Symmetry computation done. time: 0.048325 dtime: 0.131957
[Symmetry] #generators: 16, average support size: 1228.38
[Symmetry] 24 orbits on 3819 variables with sizes: 648,648,432,324,324,288,243,162,144,108,...
[Symmetry] Num fixable by binary propagation in orbit: 63 / 648
[Symmetry] Found orbitope of size 331 x 2
[SAT presolve] num removable Booleans: 0 / 3798
[SAT presolve] num trivial clauses: 0
[SAT presolve] [0s] clauses:11246 literals:25933 vars:3714 one_side_vars:0 simple_definition:3335 singleton_clauses:0
[SAT presolve] [0.000457s] clauses:11246 literals:25933 vars:3714 one_side_vars:0 simple_definition:3335 singleton_clauses:0
[SAT presolve] [0.000654s] clauses:11246 literals:25933 vars:3714 one_side_vars:0 simple_definition:3335 singleton_clauses:0
  1.06e-04s  0.00e+00d  [DetectDuplicateConstraintsWithDifferentEnforcements] 
  3.37e-02s  1.32e-01d  [Probe] #probed=7'446 #fixed_bools=24 #new_binary_clauses=477 
  1.12e-02s  5.33e-02d  [MaxClique] Merged 8'093(19'114 literals) into 2'624(13'389 literals) at_most_ones. 
  5.65e-04s  0.00e+00d  [DetectDominanceRelations] 
  1.94e-03s  0.00e+00d  [PresolveToFixPoint] #num_loops=1 #num_dual_strengthening=1 
  4.91e-04s  0.00e+00d  [ProcessAtMostOneAndLinear] 
  1.26e-04s  0.00e+00d  [DetectDuplicateConstraints] 
  1.24e-04s  0.00e+00d  [DetectDuplicateConstraintsWithDifferentEnforcements] 
  4.20e-05s  2.34e-06d  [DetectDominatedLinearConstraints] #relevant_constraints=82 
  2.90e-05s  0.00e+00d  [DetectDifferentVariables] 
  9.54e-04s  8.16e-05d  [ProcessSetPPC] #relevant_constraints=5'988 #num_inclusions=429 
  3.70e-05s  0.00e+00d  [FindAlmostIdenticalLinearConstraints] 
  8.81e-04s  1.09e-03d  [FindBigAtMostOneAndLinearOverlap] 
  1.95e-04s  1.79e-04d  [FindBigVerticalLinearOverlap] 
  3.20e-05s  3.68e-06d  [FindBigHorizontalLinearOverlap] #linears=61 
  3.65e-04s  5.02e-05d  [MergeClauses] 
  5.73e-04s  0.00e+00d  [DetectDominanceRelations] 
  1.87e-03s  0.00e+00d  [PresolveToFixPoint] #num_loops=1 #num_dual_strengthening=1 
  5.82e-04s  0.00e+00d  [DetectDominanceRelations] 
  1.87e-03s  0.00e+00d  [PresolveToFixPoint] #num_loops=1 #num_dual_strengthening=1 
  1.88e-04s  0.00e+00d  [DetectDuplicateColumns] 
  1.26e-04s  0.00e+00d  [DetectDuplicateConstraints] 
[Symmetry] Graph for symmetry has 12'370 nodes and 25'350 arcs.
[Symmetry] Symmetry computation done. time: 0.013622 dtime: 0.034073
[Symmetry] #generators: 13, average support size: 816.615
[Symmetry] 415 orbits on 3701 variables with sizes: 32,32,32,32,32,32,24,24,24,24,...
[Symmetry] Num fixable by binary propagation in orbit: 16 / 32
[Symmetry] Found orbitope of size 325 x 2
[SAT presolve] num removable Booleans: 0 / 3711
[SAT presolve] num trivial clauses: 0
[SAT presolve] [0s] clauses:3672 literals:10745 vars:3674 one_side_vars:3238 simple_definition:434 singleton_clauses:0
[SAT presolve] [9.5e-05s] clauses:3672 literals:10745 vars:3674 one_side_vars:3238 simple_definition:434 singleton_clauses:0
[SAT presolve] [0.000207s] clauses:3672 literals:10745 vars:3674 one_side_vars:3238 simple_definition:434 singleton_clauses:0
  1.60e-04s  0.00e+00d  [DetectDuplicateConstraintsWithDifferentEnforcements] 
  3.24e-02s  1.36e-01d  [Probe] #probed=7'390 #new_binary_clauses=361 
  8.16e-03s  4.39e-02d  [MaxClique] Merged 2'607(13'268 literals) into 2'556(13'196 literals) at_most_ones. 
  5.45e-04s  0.00e+00d  [DetectDominanceRelations] 
  1.85e-03s  0.00e+00d  [PresolveToFixPoint] #num_loops=1 #num_dual_strengthening=1 
  4.61e-04s  0.00e+00d  [ProcessAtMostOneAndLinear] 
  1.23e-04s  0.00e+00d  [DetectDuplicateConstraints] 
  1.24e-04s  0.00e+00d  [DetectDuplicateConstraintsWithDifferentEnforcements] 
  4.50e-05s  2.34e-06d  [DetectDominatedLinearConstraints] #relevant_constraints=82 
  3.80e-05s  0.00e+00d  [DetectDifferentVariables] 
  8.64e-04s  8.15e-05d  [ProcessSetPPC] #relevant_constraints=5'970 #num_inclusions=434 
  4.10e-05s  0.00e+00d  [FindAlmostIdenticalLinearConstraints] 
  8.13e-04s  1.08e-03d  [FindBigAtMostOneAndLinearOverlap] 
  1.65e-04s  1.78e-04d  [FindBigVerticalLinearOverlap] 
  3.60e-05s  3.68e-06d  [FindBigHorizontalLinearOverlap] #linears=61 
  3.53e-04s  5.00e-05d  [MergeClauses] 
  5.59e-04s  0.00e+00d  [DetectDominanceRelations] 
  1.76e-03s  0.00e+00d  [PresolveToFixPoint] #num_loops=1 #num_dual_strengthening=1 
  5.51e-04s  0.00e+00d  [DetectDominanceRelations] 
  1.76e-03s  0.00e+00d  [PresolveToFixPoint] #num_loops=1 #num_dual_strengthening=1 
  1.84e-04s  0.00e+00d  [DetectDuplicateColumns] 
  1.22e-04s  0.00e+00d  [DetectDuplicateConstraints] 
[Symmetry] Graph for symmetry has 12'351 nodes and 25'240 arcs.
[Symmetry] Symmetry computation done. time: 0.009522 dtime: 0.0258417
[Symmetry] #generators: 11, average support size: 661.091
[Symmetry] 758 orbits on 3516 variables with sizes: 9,9,9,9,9,9,9,9,9,9,...
[Symmetry] Num fixable by binary propagation in orbit: 8 / 9
[Symmetry] Num fixable by intersecting at_most_one with orbits: 12 largest_orbit: 9
[Symmetry] Found orbitope of size 321 x 2
[SAT presolve] num removable Booleans: 0 / 3695
[SAT presolve] num trivial clauses: 0
[SAT presolve] [0s] clauses:3620 literals:10629 vars:3662 one_side_vars:3240 simple_definition:418 singleton_clauses:0
[SAT presolve] [8.6e-05s] clauses:3620 literals:10629 vars:3662 one_side_vars:3240 simple_definition:418 singleton_clauses:0
[SAT presolve] [0.000186s] clauses:3620 literals:10629 vars:3662 one_side_vars:3240 simple_definition:418 singleton_clauses:0
  1.69e-04s  0.00e+00d  [DetectDuplicateConstraintsWithDifferentEnforcements] 
  3.03e-02s  1.35e-01d  [Probe] #probed=7'366 #new_binary_clauses=361 
  8.16e-03s  4.40e-02d  [MaxClique] Merged 2'562(13'166 literals) into 2'550(13'146 literals) at_most_ones. 
  5.98e-04s  0.00e+00d  [DetectDominanceRelations] 
  1.89e-03s  0.00e+00d  [PresolveToFixPoint] #num_loops=1 #num_dual_strengthening=1 
  4.74e-04s  0.00e+00d  [ProcessAtMostOneAndLinear] 
  1.32e-04s  0.00e+00d  [DetectDuplicateConstraints] 
  1.34e-04s  0.00e+00d  [DetectDuplicateConstraintsWithDifferentEnforcements] 
  5.20e-05s  2.34e-06d  [DetectDominatedLinearConstraints] #relevant_constraints=82 
  4.30e-05s  0.00e+00d  [DetectDifferentVariables] 
  8.88e-04s  8.13e-05d  [ProcessSetPPC] #relevant_constraints=5'954 #num_inclusions=436 
  4.70e-05s  0.00e+00d  [FindAlmostIdenticalLinearConstraints] 
  8.11e-04s  1.09e-03d  [FindBigAtMostOneAndLinearOverlap] 
  1.69e-04s  1.78e-04d  [FindBigVerticalLinearOverlap] 
  4.30e-05s  3.68e-06d  [FindBigHorizontalLinearOverlap] #linears=61 
  3.65e-04s  4.98e-05d  [MergeClauses] 
  5.96e-04s  0.00e+00d  [DetectDominanceRelations] 
  1.85e-03s  0.00e+00d  [PresolveToFixPoint] #num_loops=1 #num_dual_strengthening=1 
  1.41e-04s  0.00e+00d  [ExpandObjective] #entries=1'995 #tight_variables=399 #tight_constraints=84 

Presolve summary:
  - 21 affine relations were detected.
  - rule 'TODO dual: only one blocking constraint?' was applied 29'022 times.
  - rule 'TODO dual: only one unspecified blocking constraint?' was applied 9 times.
  - rule 'TODO linear2: contains a Boolean.' was applied 630 times.
  - rule 'affine: new relation' was applied 21 times.
  - rule 'at_most_one: removed literals' was applied 194 times.
  - rule 'at_most_one: size one' was applied 82 times.
  - rule 'at_most_one: transformed into max clique.' was applied 3 times.
  - rule 'bool_and: always false' was applied 1'233 times.
  - rule 'bool_or: always true' was applied 1'233 times.
  - rule 'bool_or: implications' was applied 825 times.
  - rule 'bool_or: only one literal' was applied 1'260 times.
  - rule 'enforcement: false literal' was applied 486 times.
  - rule 'lin_max: rewrite with precedences' was applied 1 time.
  - rule 'lin_max: target domain reduced' was applied 1 time.
  - rule 'linear1: x in domain' was applied 147 times.
  - rule 'linear: always true' was applied 216 times.
  - rule 'linear: empty' was applied 27 times.
  - rule 'linear: fixed or dup variables' was applied 285 times.
  - rule 'linear: negative clause' was applied 315 times.
  - rule 'linear: positive at most one' was applied 183 times.
  - rule 'linear: positive clause' was applied 105 times.
  - rule 'linear: positive equal one' was applied 63 times.
  - rule 'linear: reduced variable domains' was applied 69 times.
  - rule 'linear: remapped using affine relations' was applied 21 times.
  - rule 'presolve: 2008 unused variables removed.' was applied 1 time.
  - rule 'presolve: iteration' was applied 3 times.
  - rule 'symmetry: added orbit symmetry breaking implications' was applied 2 times.
  - rule 'symmetry: fixed to false in general orbit' was applied 91 times.

Presolved optimization model '': (model_fingerprint: 0xa4716b7f3cbd705c)
#Variables: 3'705 (#ints: 22 in objective) (3'604 primary variables)
  - 3'683 Booleans in [0,1]
  - 22 in [1,4]
#kAtMostOne: 2'220 (#literals: 12'442)
#kBoolAnd: 116 (#enforced: 116) (#literals: 442)
#kBoolOr: 3'284 (#literals: 9'957)
#kExactlyOne: 63 (#literals: 378)
#kLinear2: 21
#kLinearN: 61 (#terms: 735)
[Symmetry] Graph for symmetry has 10'308 nodes and 25'160 arcs.
[Symmetry] Symmetry computation done. time: 0.007001 dtime: 0.0195926
[Symmetry] #generators: 9, average support size: 663.556
[Symmetry] 927 orbits on 3333 variables with sizes: 9,9,9,9,9,9,9,9,9,9,...
[Symmetry] Found orbitope of size 317 x 2

Preloading model.
#Bound   0.26s best:-inf  next:[106,424]  initial_domain
#Model   0.26s var:3705/3705 constraints:5765/5765

Starting search at 0.26s with 8 workers.
6 full problem subsolvers: [core, default_lp, max_lp_sym, no_lp, quick_restart, reduced_costs]
2 first solution subsolvers: [fj, fs_random_no_lp]
9 interleaved subsolvers: [feasibility_pump, graph_arc_lns, graph_cst_lns, graph_dec_lns, graph_var_lns, ls, rins/rens, rnd_cst_lns, rnd_var_lns]
3 helper subsolvers: [neighborhood_helper, synchronization_agent, update_gap_integral]

#1       0.26s best:229   next:[230,424]  no_lp
#2       0.29s best:424   next:[]         core
#Done    0.29s core

Task timing                   n [     min,      max]      avg      dev     time         n [     min,      max]      avg      dev    dtime
              'core':         1 [ 31.14ms,  31.14ms]  31.14ms   0.00ns  31.14ms         1 [ 67.95ms,  67.95ms]  67.95ms   0.00ns  67.95ms
        'default_lp':         1 [ 31.50ms,  31.50ms]  31.50ms   0.00ns  31.50ms         1 [  7.21ms,   7.21ms]   7.21ms   0.00ns   7.21ms
  'feasibility_pump':         1 [  9.89ms,   9.89ms]   9.89ms   0.00ns   9.89ms         0 [  0.00ns,   0.00ns]   0.00ns   0.00ns   0.00ns
                'fj':         0 [  0.00ns,   0.00ns]   0.00ns   0.00ns   0.00ns         0 [  0.00ns,   0.00ns]   0.00ns   0.00ns   0.00ns
   'fs_random_no_lp':         1 [  3.19ms,   3.19ms]   3.19ms   0.00ns   3.19ms         1 [  4.18ms,   4.18ms]   4.18ms   0.00ns   4.18ms
     'graph_arc_lns':         1 [  6.17ms,   6.17ms]   6.17ms   0.00ns   6.17ms         1 [ 10.00ns,  10.00ns]  10.00ns   0.00ns  10.00ns
     'graph_cst_lns':         1 [  4.48ms,   4.48ms]   4.48ms   0.00ns   4.48ms         1 [ 10.00ns,  10.00ns]  10.00ns   0.00ns  10.00ns
     'graph_dec_lns':         1 [  5.57ms,   5.57ms]   5.57ms   0.00ns   5.57ms         1 [ 10.00ns,  10.00ns]  10.00ns   0.00ns  10.00ns
     'graph_var_lns':         1 [  7.27ms,   7.27ms]   7.27ms   0.00ns   7.27ms         1 [ 10.00ns,  10.00ns]  10.00ns   0.00ns  10.00ns
                'ls':         1 [  4.90ms,   4.90ms]   4.90ms   0.00ns   4.90ms         1 [  8.86ms,   8.86ms]   8.86ms   0.00ns   8.86ms
        'max_lp_sym':         1 [ 32.06ms,  32.06ms]  32.06ms   0.00ns  32.06ms         0 [  0.00ns,   0.00ns]   0.00ns   0.00ns   0.00ns
             'no_lp':         1 [ 32.16ms,  32.16ms]  32.16ms   0.00ns  32.16ms         1 [115.62ms, 115.62ms] 115.62ms   0.00ns 115.62ms
     'quick_restart':         1 [ 32.01ms,  32.01ms]  32.01ms   0.00ns  32.01ms         1 [ 14.49ms,  14.49ms]  14.49ms   0.00ns  14.49ms
     'reduced_costs':         1 [ 31.45ms,  31.45ms]  31.45ms   0.00ns  31.45ms         1 [  2.13ms,   2.13ms]   2.13ms   0.00ns   2.13ms
         'rins/rens':         0 [  0.00ns,   0.00ns]   0.00ns   0.00ns   0.00ns         0 [  0.00ns,   0.00ns]   0.00ns   0.00ns   0.00ns
       'rnd_cst_lns':         1 [  6.51ms,   6.51ms]   6.51ms   0.00ns   6.51ms         1 [ 10.00ns,  10.00ns]  10.00ns   0.00ns  10.00ns
       'rnd_var_lns':         2 [  3.34ms,   4.71ms]   4.02ms 688.00us   8.05ms         1 [ 10.00ns,  10.00ns]  10.00ns   0.00ns  10.00ns

Search stats          Bools  Conflicts  Branches  Restarts  BoolPropag  IntegerPropag
             'core':  3'705      1'567     4'486         2     392'696         47'785
       'default_lp':  3'683          0        64         0       1'464            231
  'fs_random_no_lp':  3'683         50       103         1       3'886            267
       'max_lp_sym':  3'683          0         0         0           0            885
            'no_lp':  3'684         47     6'985     6'167   1'002'217         65'685
    'quick_restart':  3'683         10       672       547      12'768          1'292
    'reduced_costs':  3'683          0         0         0           0              0

SAT stats             ClassicMinim  LitRemoved  LitLearned  LitForgotten  Subsumed  MClauses  MDecisions  MLitTrue  MSubsumed  MLitRemoved  MReused
             'core':           758       7'218      46'239             0        43         0           0         0          0            0        0
       'default_lp':             0           0           0             0         0         0           0         0          0            0        0
  'fs_random_no_lp':            32          76         719             0        11         0           0         0          0            0        0
       'max_lp_sym':             0           0           0             0         0         0           0         0          0            0        0
            'no_lp':             7          97         736             0         2         0           0         0          0            0        0
    'quick_restart':             2           2         121             0         0         0           0         0          0            0        0
    'reduced_costs':             0           0           0             0         0         0           0         0          0            0        0

Lp stats            Component  Iterations  AddedCuts  OPTIMAL  DUAL_F.  DUAL_U.
     'default_lp':          2         463         92       34        0        0
     'max_lp_sym':          1         273         13        1        0        0
  'quick_restart':          2         775         40       97        0        2
  'reduced_costs':          1         417         98        5        1        0

Lp dimension           Final dimension of first component
     'default_lp':    199 rows, 399 columns, 9744 entries
     'max_lp_sym':  2293 rows, 1299 columns, 8157 entries
  'quick_restart':    181 rows, 399 columns, 2811 entries
  'reduced_costs':   224 rows, 3705 columns, 1446 entries

Lp debug            CutPropag  CutEqPropag  Adjust  Overflow    Bad  BadScaling
     'default_lp':          0            0       0         0  1'497           0
     'max_lp_sym':          0            0       0         0    346           0
  'quick_restart':          0            0       1         0    631           0
  'reduced_costs':          0            0       0         0    403           0

Lp pool             Constraints  Updates  Simplif  Merged  Shortened  Split  Strenghtened  Cuts/Call
     'default_lp':          347       49        0       0          0      3            10     92/179
     'max_lp_sym':        2'587       28      815       0          0      0           528      13/39
  'quick_restart':          295        0        0       0          0      0             0      40/74
  'reduced_costs':        6'073        2        0       0          0      0             0     98/139

Lp Cut           default_lp  max_lp_sym  quick_restart  reduced_costs
         CG_FF:          26           -             11              9
          CG_K:           8           -              -              3
         CG_KL:           -           -              -              2
          CG_R:          36           -              3              7
        Clique:           -           -              -             13
      MIR_1_FF:           -           7              -              -
     MIR_1_RLT:           -           1              -             51
      MIR_2_FF:           3           -              -              -
       MIR_2_R:           -           1              -              -
      MIR_3_FF:           1           -              -              -
       MIR_3_K:           1           -              -              -
      MIR_4_FF:           -           1              -              -
      MIR_5_FF:           3           1              -              1
      MIR_6_FF:           -           1              -              -
       MIR_6_R:           -           1              -              -
  ZERO_HALF_FF:           9           -             12             11
   ZERO_HALF_R:           5           -             14              1

LNS stats           Improv/Calls  Closed  Difficulty  TimeLimit
  'graph_arc_lns':           0/1    100%    7.07e-01       0.10
  'graph_cst_lns':           0/1    100%    7.07e-01       0.10
  'graph_dec_lns':           0/1    100%    7.07e-01       0.10
  'graph_var_lns':           0/1    100%    7.07e-01       0.10
      'rins/rens':           0/0      0%    5.00e-01       0.10
    'rnd_cst_lns':           0/1    100%    7.07e-01       0.10
    'rnd_var_lns':           0/1    100%    7.07e-01       0.10

LS stats                          Batches  Restarts/Perturbs  LinMoves  GenMoves  CompoundMoves  Bactracks  WeightUpdates  ScoreComputed
  'ls_restart_compound_perturb':        1                  1         0     3'204             68      1'568             22         34'058

Solutions (2)    Num   Rank
        'core':    1  [2,2]
       'no_lp':    1  [1,1]

Objective bounds     Num
  'initial_domain':    1

Solution repositories    Added  Queried  Synchro
  'feasible solutions':      2       15        2
   'fj solution hints':      0        0        0
        'lp solutions':      0        0        0
                'pump':      0        0

Improving bounds shared    Num  Sym
                 'no_lp':   13    9

Clauses shared    Num
        'no_lp':  196

CpSolverResponse summary:
status: OPTIMAL
objective: 424
best_bound: 424
integers: 527
booleans: 3683
conflicts: 50
branches: 103
propagations: 3886
integer_propagations: 267
restarts: 1
lp_iterations: 0
walltime: 0.29442
usertime: 0.294421
deterministic_time: 0.768881
gap_integral: 0.382359
solution_fingerprint: 0x5ba99e16078c2c50

